Copyright 1986-2019 Xilinx, Inc. All Rights Reserved.
----------------------------------------------------------------------------------------------------------
| Tool Version : Vivado v.2019.2 (lin64) Build 2708876 Wed Nov  6 21:39:14 MST 2019
| Date         : Wed Aug  5 04:22:00 2026
| Host         : 7c4494ce55d8 running 64-bit Ubuntu 18.04.6 LTS
| Command      : report_utilization -hierarchical -file /workspace/run_vivado/project/synth_util_hier.rpt
| Design       : thinpad_top
| Device       : 7a200tfbg676-2
| Design State : Synthesized
----------------------------------------------------------------------------------------------------------

Utilization Design Information

Table of Contents
-----------------
1. Utilization by Hierarchy

1. Utilization by Hierarchy
---------------------------

+--------------------------------------+--------------------------------+------------+------------+---------+------+------+--------+--------+--------------+
|               Instance               |             Module             | Total LUTs | Logic LUTs | LUTRAMs | SRLs |  FFs | RAMB36 | RAMB18 | DSP48 Blocks |
+--------------------------------------+--------------------------------+------------+------------+---------+------+------+--------+--------+--------------+
| thinpad_top                          |                          (top) |       8989 |       8533 |     456 |    0 | 4893 |      0 |      0 |            3 |
|   (thinpad_top)                      |                          (top) |        296 |          0 |     296 |    0 |    0 |      0 |      0 |            0 |
|   u_soc_top                          |                        soc_top |       8693 |       8533 |     160 |    0 | 4893 |      0 |      0 |            3 |
|     (u_soc_top)                      |                        soc_top |         47 |         47 |       0 |    0 |    0 |      0 |      0 |            0 |
|     pll_clk.u_clk_pll                |                        clk_pll |          1 |          1 |       0 |    0 |    0 |      0 |      0 |            0 |
|       inst                           |        clk_pll_clk_pll_clk_wiz |          1 |          1 |       0 |    0 |    0 |      0 |      0 |            0 |
|     pll_clk.u_rst_cpu                |                       rst_sync |          2 |          2 |       0 |    0 |    2 |      0 |      0 |            0 |
|     pll_clk.u_rst_sys                |                     rst_sync_0 |          1 |          1 |       0 |    0 |    2 |      0 |      0 |            0 |
|     u_AxiCrossbar_2x8                |                AxiCrossbar_2x8 |        148 |        148 |       0 |    0 |  103 |      0 |      0 |            0 |
|       (u_AxiCrossbar_2x8)            |                AxiCrossbar_2x8 |          3 |          3 |       0 |    0 |   16 |      0 |      0 |            0 |
|       axi4ReadOnlyArbiter_4          |            Axi4ReadOnlyArbiter |          4 |          4 |       0 |    0 |    2 |      0 |      0 |            0 |
|         cmdArbiter                   |             StreamArbiter_7_26 |          4 |          4 |       0 |    0 |    2 |      0 |      0 |            0 |
|       axi4ReadOnlyArbiter_5          |         Axi4ReadOnlyArbiter_11 |          2 |          2 |       0 |    0 |    2 |      0 |      0 |            0 |
|         cmdArbiter                   |             StreamArbiter_7_25 |          2 |          2 |       0 |    0 |    2 |      0 |      0 |            0 |
|       axi4ReadOnlyArbiter_6          |         Axi4ReadOnlyArbiter_12 |          3 |          3 |       0 |    0 |    2 |      0 |      0 |            0 |
|         cmdArbiter                   |             StreamArbiter_7_24 |          3 |          3 |       0 |    0 |    2 |      0 |      0 |            0 |
|       axi4ReadOnlyArbiter_7          |         Axi4ReadOnlyArbiter_13 |          1 |          1 |       0 |    0 |    2 |      0 |      0 |            0 |
|         cmdArbiter                   |             StreamArbiter_7_23 |          1 |          1 |       0 |    0 |    2 |      0 |      0 |            0 |
|       axi4WriteOnlyArbiter_4         |           Axi4WriteOnlyArbiter |         14 |         14 |       0 |    0 |    9 |      0 |      0 |            0 |
|         cmdArbiter                   |             StreamArbiter_7_20 |         10 |         10 |       0 |    0 |    3 |      0 |      0 |            0 |
|         cmdRouteFork_translated_fifo |      StreamFifoLowLatency_3_21 |          4 |          4 |       0 |    0 |    6 |      0 |      0 |            0 |
|           fifo                       |                StreamFifo_3_22 |          4 |          4 |       0 |    0 |    6 |      0 |      0 |            0 |
|       axi4WriteOnlyArbiter_5         |         Axi4WriteOnlyArbiter_1 |         15 |         15 |       0 |    0 |    9 |      0 |      0 |            0 |
|         cmdArbiter                   |             StreamArbiter_7_17 |         11 |         11 |       0 |    0 |    3 |      0 |      0 |            0 |
|         cmdRouteFork_translated_fifo |      StreamFifoLowLatency_3_18 |          4 |          4 |       0 |    0 |    6 |      0 |      0 |            0 |
|           fifo                       |                StreamFifo_3_19 |          4 |          4 |       0 |    0 |    6 |      0 |      0 |            0 |
|       axi4WriteOnlyArbiter_6         |         Axi4WriteOnlyArbiter_2 |         16 |         16 |       0 |    0 |    9 |      0 |      0 |            0 |
|         cmdArbiter                   |             StreamArbiter_7_14 |         12 |         12 |       0 |    0 |    3 |      0 |      0 |            0 |
|         cmdRouteFork_translated_fifo |      StreamFifoLowLatency_3_15 |          4 |          4 |       0 |    0 |    6 |      0 |      0 |            0 |
|           fifo                       |                StreamFifo_3_16 |          4 |          4 |       0 |    0 |    6 |      0 |      0 |            0 |
|       axi4WriteOnlyArbiter_7         |         Axi4WriteOnlyArbiter_3 |         14 |         14 |       0 |    0 |    9 |      0 |      0 |            0 |
|         cmdArbiter                   |                StreamArbiter_7 |         10 |         10 |       0 |    0 |    3 |      0 |      0 |            0 |
|         cmdRouteFork_translated_fifo |         StreamFifoLowLatency_3 |          4 |          4 |       0 |    0 |    6 |      0 |      0 |            0 |
|           fifo                       |                   StreamFifo_3 |          4 |          4 |       0 |    0 |    6 |      0 |      0 |            0 |
|       axiIn_0_readOnly_decoder       |            Axi4ReadOnlyDecoder |         58 |         58 |       0 |    0 |   25 |      0 |      0 |            0 |
|         (axiIn_0_readOnly_decoder)   |            Axi4ReadOnlyDecoder |         35 |         35 |       0 |    0 |   12 |      0 |      0 |            0 |
|         errorSlave                   |       Axi4ReadOnlyErrorSlave_1 |         23 |         23 |       0 |    0 |   13 |      0 |      0 |            0 |
|       axiIn_0_writeOnly_decoder      |           Axi4WriteOnlyDecoder |         18 |         18 |       0 |    0 |   18 |      0 |      0 |            0 |
|         (axiIn_0_writeOnly_decoder)  |           Axi4WriteOnlyDecoder |          7 |          7 |       0 |    0 |   16 |      0 |      0 |            0 |
|         errorSlave                   |      Axi4WriteOnlyErrorSlave_1 |         11 |         11 |       0 |    0 |    2 |      0 |      0 |            0 |
|     u_Axi_CDC                        |                        Axi_CDC |        273 |        161 |     112 |    0 |  293 |      0 |      0 |            0 |
|       arFifo                         |                 StreamFifoCC_3 |         59 |         27 |      32 |    0 |   71 |      0 |      0 |            0 |
|         (arFifo)                     |                 StreamFifoCC_3 |         54 |         22 |      32 |    0 |   59 |      0 |      0 |            0 |
|         popToPushGray_buffercc       |                   BufferCC_9_9 |          1 |          1 |       0 |    0 |    6 |      0 |      0 |            0 |
|         pushToPopGray_buffercc       |                 BufferCC_11_10 |          4 |          4 |       0 |    0 |    6 |      0 |      0 |            0 |
|       awFifo                         |                   StreamFifoCC |         81 |         57 |      24 |    0 |   62 |      0 |      0 |            0 |
|         (awFifo)                     |                   StreamFifoCC |         75 |         51 |      24 |    0 |   48 |      0 |      0 |            0 |
|         bufferCC_12                  |                    BufferCC_10 |          0 |          0 |       0 |    0 |    2 |      0 |      0 |            0 |
|         popToPushGray_buffercc       |                     BufferCC_9 |          1 |          1 |       0 |    0 |    6 |      0 |      0 |            0 |
|         pushToPopGray_buffercc       |                    BufferCC_11 |          5 |          5 |       0 |    0 |    6 |      0 |      0 |            0 |
|       bFifo                          |                 StreamFifoCC_2 |         14 |         14 |       0 |    0 |   26 |      0 |      0 |            0 |
|         (bFifo)                      |                 StreamFifoCC_2 |          9 |          9 |       0 |    0 |   12 |      0 |      0 |            0 |
|         bufferCC_12                  |                     BufferCC_5 |          0 |          0 |       0 |    0 |    2 |      0 |      0 |            0 |
|         popToPushGray_buffercc       |                     BufferCC_4 |          1 |          1 |       0 |    0 |    6 |      0 |      0 |            0 |
|         pushToPopGray_buffercc       |                     BufferCC_6 |          4 |          4 |       0 |    0 |    6 |      0 |      0 |            0 |
|       rFifo                          |                 StreamFifoCC_4 |         42 |         14 |      28 |    0 |   65 |      0 |      0 |            0 |
|         (rFifo)                      |                 StreamFifoCC_4 |         37 |          9 |      28 |    0 |   49 |      0 |      0 |            0 |
|         popToPushGray_buffercc       |                       BufferCC |          3 |          3 |       0 |    0 |    8 |      0 |      0 |            0 |
|         pushToPopGray_buffercc       |                     BufferCC_1 |          2 |          2 |       0 |    0 |    8 |      0 |      0 |            0 |
|       wFifo                          |                 StreamFifoCC_1 |         77 |         49 |      28 |    0 |   69 |      0 |      0 |            0 |
|         (wFifo)                      |                 StreamFifoCC_1 |         73 |         45 |      28 |    0 |   53 |      0 |      0 |            0 |
|         popToPushGray_buffercc       |                     BufferCC_7 |          2 |          2 |       0 |    0 |    8 |      0 |      0 |            0 |
|         pushToPopGray_buffercc       |                     BufferCC_8 |          2 |          2 |       0 |    0 |    8 |      0 |      0 |            0 |
|     u_axi_sram_direct                |                axi_sram_direct |       1216 |       1216 |       0 |    0 |  639 |      0 |      0 |            0 |
|     u_axi_uart_controller            |            axi_uart_controller |        656 |        640 |      16 |    0 |  456 |      0 |      0 |            0 |
|       AA_axi2apb_bridge_cpu          |                 axi2apb_bridge |        241 |        241 |       0 |    0 |  120 |      0 |      0 |            0 |
|       uart0                          |                       UART_TOP |        415 |        399 |      16 |    0 |  336 |      0 |      0 |            0 |
|         regs                         |                      uart_regs |        415 |        399 |      16 |    0 |  336 |      0 |      0 |            0 |
|           (regs)                     |                      uart_regs |        110 |        110 |       0 |    0 |  154 |      0 |      0 |            0 |
|           i_uart_sync_flops          |                uart_sync_flops |          3 |          3 |       0 |    0 |    2 |      0 |      0 |            0 |
|           receiver                   |                  uart_receiver |        221 |        213 |       8 |    0 |  124 |      0 |      0 |            0 |
|             (receiver)               |                  uart_receiver |         57 |         57 |       0 |    0 |   54 |      0 |      0 |            0 |
|             fifo_rx                  |                     uart_rfifo |        164 |        156 |       8 |    0 |   70 |      0 |      0 |            0 |
|               (fifo_rx)              |                     uart_rfifo |        143 |        143 |       0 |    0 |   62 |      0 |      0 |            0 |
|               rfifo                  |                      raminfr_8 |         21 |         13 |       8 |    0 |    8 |      0 |      0 |            0 |
|           transmitter                |               uart_transmitter |         81 |         73 |       8 |    0 |   56 |      0 |      0 |            0 |
|             (transmitter)            |               uart_transmitter |         44 |         44 |       0 |    0 |   35 |      0 |      0 |            0 |
|             fifo_tx                  |                     uart_tfifo |         37 |         29 |       8 |    0 |   21 |      0 |      0 |            0 |
|               (fifo_tx)              |                     uart_tfifo |         20 |         20 |       0 |    0 |   13 |      0 |      0 |            0 |
|               tfifo                  |                        raminfr |         17 |          9 |       8 |    0 |    8 |      0 |      0 |            0 |
|     u_confreg                        |                        confreg |        194 |        194 |       0 |    0 |  244 |      0 |      0 |            0 |
|       (u_confreg)                    |                        confreg |        178 |        178 |       0 |    0 |  220 |      0 |      0 |            0 |
|       u_digitaltube_controller       |         digitaltube_controller |         16 |         16 |       0 |    0 |   24 |      0 |      0 |            0 |
|     u_cpu                            |                       core_top |       6155 |       6123 |      32 |    0 | 3154 |      0 |      0 |            3 |
|       u_arbiter                      |                 axibus_arbiter |        143 |        143 |       0 |    0 |   46 |      0 |      0 |            0 |
|       u_core                         |                           core |       5736 |       5736 |       0 |    0 | 2998 |      0 |      0 |            3 |
|         (u_core)                     |                           core |         63 |         63 |       0 |    0 |  435 |      0 |      0 |            3 |
|         alu_unit0                    |                            alu |         31 |         31 |       0 |    0 |    0 |      0 |      0 |            0 |
|         alu_unit1                    |                          alu_1 |         31 |         31 |       0 |    0 |    0 |      0 |      0 |            0 |
|         bcu_unit0                    |                            bcu |          0 |          0 |       0 |    0 |    0 |      0 |      0 |            0 |
|         bp_unit                      |               branch_predictor |        113 |        113 |       0 |    0 |    0 |      0 |      0 |            0 |
|         csr_rf                       |                    csr_regfile |        256 |        256 |       0 |    0 |  832 |      0 |      0 |            0 |
|         hazard_ctrl                  |                    hazard_unit |          0 |          0 |       0 |    0 |    0 |      0 |      0 |            0 |
|         if_stage                     |                     fetch_unit |        118 |        118 |       0 |    0 |   67 |      0 |      0 |            0 |
|         lsu_unit                     |                            lsu |          0 |          0 |       0 |    0 |    1 |      0 |      0 |            0 |
|         npc_unit0                    |                            npc |         31 |         31 |       0 |    0 |    0 |      0 |      0 |            0 |
|         reg_ex_mem0_ctrl             |   pipeline_reg__parameterized1 |        225 |        225 |       0 |    0 |    6 |      0 |      0 |            0 |
|         reg_ex_mem0_data             |   pipeline_reg__parameterized2 |         64 |         64 |       0 |    0 |  150 |      0 |      0 |            0 |
|         reg_ex_mem1_ctrl             | pipeline_reg__parameterized1_2 |          7 |          7 |       0 |    0 |    4 |      0 |      0 |            0 |
|         reg_ex_mem1_data             | pipeline_reg__parameterized2_3 |         68 |         68 |       0 |    0 |  104 |      0 |      0 |            0 |
|         reg_id_ex0_ctrl              |                   pipeline_reg |        695 |        695 |       0 |    0 |   14 |      0 |      0 |            0 |
|         reg_id_ex0_data              |   pipeline_reg__parameterized0 |        855 |        855 |       0 |    0 |  179 |      0 |      0 |            0 |
|         reg_id_ex1_ctrl              |                 pipeline_reg_4 |         75 |         75 |       0 |    0 |    4 |      0 |      0 |            0 |
|         reg_id_ex1_data              | pipeline_reg__parameterized0_5 |        536 |        536 |       0 |    0 |   67 |      0 |      0 |            0 |
|         reg_mem_wb0_ctrl             |   pipeline_reg__parameterized3 |         34 |         34 |       0 |    0 |    4 |      0 |      0 |            0 |
|         reg_mem_wb0_data             |   pipeline_reg__parameterized4 |        123 |        123 |       0 |    0 |   83 |      0 |      0 |            0 |
|         reg_mem_wb1_ctrl             | pipeline_reg__parameterized3_6 |          3 |          3 |       0 |    0 |    2 |      0 |      0 |            0 |
|         reg_mem_wb1_data             | pipeline_reg__parameterized4_7 |        311 |        311 |       0 |    0 |   54 |      0 |      0 |            0 |
|         rf_unit                      |                        regfile |       2145 |       2145 |       0 |    0 |  992 |      0 |      0 |            0 |
|       u_icache                       |                         icache |        276 |        244 |      32 |    0 |  110 |      0 |      0 |            0 |
+--------------------------------------+--------------------------------+------------+------------+---------+------+------+--------+--------+--------------+


