Copyright 1986-2019 Xilinx, Inc. All Rights Reserved.
--------------------------------------------------------------------------------------------------------------------
| Tool Version : Vivado v.2019.2 (lin64) Build 2708876 Wed Nov  6 21:39:14 MST 2019
| Date         : Tue Aug  4 07:38:27 2026
| Host         : 238d5a546c6b running 64-bit Ubuntu 18.04.6 LTS
| Command      : report_timing -max_paths 20 -nworst 10 -file /workspace/run_vivado/project/impl_critical_paths.rpt
| Design       : thinpad_top
| Device       : 7a200t-fbg676
| Speed File   : -2  PRODUCTION 1.23 2018-06-13
--------------------------------------------------------------------------------------------------------------------

Timing Report

Slack (VIOLATED) :        -0.818ns  (required time - arrival time)
  Source:                 u_soc_top/u_axi_sram_direct/ram_write_active_r_reg/C
                            (rising edge-triggered cell FDRE clocked by cpu_clk  {rise@0.000ns fall@5.000ns period=10.000ns})
  Destination:            base_ram_data[1]
                            (output port clocked by cpu_clk  {rise@0.000ns fall@5.000ns period=10.000ns})
  Path Group:             cpu_clk
  Path Type:              Max at Slow Process Corner
  Requirement:            10.000ns  (cpu_clk rise@10.000ns - cpu_clk rise@0.000ns)
  Data Path Delay:        7.072ns  (logic 3.810ns (53.875%)  route 3.262ns (46.125%))
  Logic Levels:           2  (LUT2=1 OBUFT=1)
  Output Delay:           0.300ns
  Clock Path Skew:        -3.352ns (DCD - SCD + CPR)
    Destination Clock Delay (DCD):    -4.543ns = ( 5.457 - 10.000 ) 
    Source Clock Delay      (SCD):    -1.803ns
    Clock Pessimism Removal (CPR):    -0.612ns
  Clock Uncertainty:      0.094ns  ((TSJ^2 + DJ^2)^1/2) / 2 + PE
    Total System Jitter     (TSJ):    0.071ns
    Discrete Jitter          (DJ):    0.175ns
    Phase Error              (PE):    0.000ns

    Location             Delay type                Incr(ns)  Path(ns)    Netlist Resource(s)
  -------------------------------------------------------------------    -------------------
                         (clock cpu_clk rise edge)    0.000     0.000 r  
    K21                                               0.000     0.000 r  clk_50M (IN)
                         net (fo=0)                   0.000     0.000    u_soc_top/pll_clk.u_clk_pll/inst/clk_in1
    K21                  IBUF (Prop_ibuf_I_O)         1.394     1.394 r  u_soc_top/pll_clk.u_clk_pll/inst/clkin1_ibufg/O
                         net (fo=1, routed)           1.080     2.474    u_soc_top/pll_clk.u_clk_pll/inst/clk_in1_clk_pll
    PLLE2_ADV_X0Y3       PLLE2_ADV (Prop_plle2_adv_CLKIN1_CLKOUT0)
                                                     -7.629    -5.155 r  u_soc_top/pll_clk.u_clk_pll/inst/plle2_adv_inst/CLKOUT0
                         net (fo=1, routed)           1.557    -3.598    u_soc_top/pll_clk.u_clk_pll/inst/cpu_clk_clk_pll
    BUFGCTRL_X0Y16       BUFG (Prop_bufg_I_O)         0.081    -3.517 r  u_soc_top/pll_clk.u_clk_pll/inst/clkout1_buf/O
                         net (fo=5293, routed)        1.714    -1.803    u_soc_top/u_axi_sram_direct/cpu_clk
    SLICE_X1Y59          FDRE                                         r  u_soc_top/u_axi_sram_direct/ram_write_active_r_reg/C
  -------------------------------------------------------------------    -------------------
    SLICE_X1Y59          FDRE (Prop_fdre_C_Q)         0.379    -1.424 r  u_soc_top/u_axi_sram_direct/ram_write_active_r_reg/Q
                         net (fo=2, routed)           0.343    -1.081    u_soc_top/u_axi_sram_direct/ram_write_active_r_reg_n_0
    SLICE_X2Y59          LUT2 (Prop_lut2_I0_O)        0.105    -0.976 f  u_soc_top/u_axi_sram_direct/base_ram_data_IOBUF[31]_inst_i_2/O
                         net (fo=32, routed)          2.919     1.943    base_ram_data_IOBUF[1]_inst/T
    L25                  OBUFT (TriStatE_obuft_T_O)
                                                      3.326     5.269 r  base_ram_data_IOBUF[1]_inst/OBUFT/O
                         net (fo=1, unset)            0.000     5.269    base_ram_data[1]
    L25                                                               r  base_ram_data[1] (INOUT)
  -------------------------------------------------------------------    -------------------

                         (clock cpu_clk rise edge)   10.000    10.000 r  
    K21                                               0.000    10.000 r  clk_50M (IN)
                         net (fo=0)                   0.000    10.000    u_soc_top/pll_clk.u_clk_pll/inst/clk_in1
    K21                  IBUF (Prop_ibuf_I_O)         1.328    11.328 r  u_soc_top/pll_clk.u_clk_pll/inst/clkin1_ibufg/O
                         net (fo=1, routed)           1.019    12.347    u_soc_top/pll_clk.u_clk_pll/inst/clk_in1_clk_pll
    PLLE2_ADV_X0Y3       PLLE2_ADV (Prop_plle2_adv_CLKIN1_CLKOUT0)
                                                     -6.890     5.457 r  u_soc_top/pll_clk.u_clk_pll/inst/plle2_adv_inst/CLKOUT0
                         clock pessimism             -0.612     4.845    
                         clock uncertainty           -0.094     4.751    
                         output delay                -0.300     4.451    
  -------------------------------------------------------------------
                         required time                          4.451    
                         arrival time                          -5.269    
  -------------------------------------------------------------------
                         slack                                 -0.818    

Slack (VIOLATED) :        -0.818ns  (required time - arrival time)
  Source:                 u_soc_top/u_axi_sram_direct/ram_write_active_r_reg/C
                            (rising edge-triggered cell FDRE clocked by cpu_clk  {rise@0.000ns fall@5.000ns period=10.000ns})
  Destination:            base_ram_data[1]
                            (output port clocked by cpu_clk  {rise@0.000ns fall@5.000ns period=10.000ns})
  Path Group:             cpu_clk
  Path Type:              Max at Slow Process Corner
  Requirement:            10.000ns  (cpu_clk rise@10.000ns - cpu_clk rise@0.000ns)
  Data Path Delay:        7.072ns  (logic 3.810ns (53.875%)  route 3.262ns (46.125%))
  Logic Levels:           2  (LUT2=1 OBUFT=1)
  Output Delay:           0.300ns
  Clock Path Skew:        -3.352ns (DCD - SCD + CPR)
    Destination Clock Delay (DCD):    -4.543ns = ( 5.457 - 10.000 ) 
    Source Clock Delay      (SCD):    -1.803ns
    Clock Pessimism Removal (CPR):    -0.612ns
  Clock Uncertainty:      0.094ns  ((TSJ^2 + DJ^2)^1/2) / 2 + PE
    Total System Jitter     (TSJ):    0.071ns
    Discrete Jitter          (DJ):    0.175ns
    Phase Error              (PE):    0.000ns

    Location             Delay type                Incr(ns)  Path(ns)    Netlist Resource(s)
  -------------------------------------------------------------------    -------------------
                         (clock cpu_clk rise edge)    0.000     0.000 r  
    K21                                               0.000     0.000 r  clk_50M (IN)
                         net (fo=0)                   0.000     0.000    u_soc_top/pll_clk.u_clk_pll/inst/clk_in1
    K21                  IBUF (Prop_ibuf_I_O)         1.394     1.394 r  u_soc_top/pll_clk.u_clk_pll/inst/clkin1_ibufg/O
                         net (fo=1, routed)           1.080     2.474    u_soc_top/pll_clk.u_clk_pll/inst/clk_in1_clk_pll
    PLLE2_ADV_X0Y3       PLLE2_ADV (Prop_plle2_adv_CLKIN1_CLKOUT0)
                                                     -7.629    -5.155 r  u_soc_top/pll_clk.u_clk_pll/inst/plle2_adv_inst/CLKOUT0
                         net (fo=1, routed)           1.557    -3.598    u_soc_top/pll_clk.u_clk_pll/inst/cpu_clk_clk_pll
    BUFGCTRL_X0Y16       BUFG (Prop_bufg_I_O)         0.081    -3.517 r  u_soc_top/pll_clk.u_clk_pll/inst/clkout1_buf/O
                         net (fo=5293, routed)        1.714    -1.803    u_soc_top/u_axi_sram_direct/cpu_clk
    SLICE_X1Y59          FDRE                                         r  u_soc_top/u_axi_sram_direct/ram_write_active_r_reg/C
  -------------------------------------------------------------------    -------------------
    SLICE_X1Y59          FDRE (Prop_fdre_C_Q)         0.379    -1.424 r  u_soc_top/u_axi_sram_direct/ram_write_active_r_reg/Q
                         net (fo=2, routed)           0.343    -1.081    u_soc_top/u_axi_sram_direct/ram_write_active_r_reg_n_0
    SLICE_X2Y59          LUT2 (Prop_lut2_I0_O)        0.105    -0.976 f  u_soc_top/u_axi_sram_direct/base_ram_data_IOBUF[31]_inst_i_2/O
                         net (fo=32, routed)          2.919     1.943    base_ram_data_IOBUF[1]_inst/T
    L25                  OBUFT (TriStatE_obuft_T_O)
                                                      3.326     5.269 f  base_ram_data_IOBUF[1]_inst/OBUFT/O
                         net (fo=1, unset)            0.000     5.269    base_ram_data[1]
    L25                                                               f  base_ram_data[1] (INOUT)
  -------------------------------------------------------------------    -------------------

                         (clock cpu_clk rise edge)   10.000    10.000 r  
    K21                                               0.000    10.000 r  clk_50M (IN)
                         net (fo=0)                   0.000    10.000    u_soc_top/pll_clk.u_clk_pll/inst/clk_in1
    K21                  IBUF (Prop_ibuf_I_O)         1.328    11.328 r  u_soc_top/pll_clk.u_clk_pll/inst/clkin1_ibufg/O
                         net (fo=1, routed)           1.019    12.347    u_soc_top/pll_clk.u_clk_pll/inst/clk_in1_clk_pll
    PLLE2_ADV_X0Y3       PLLE2_ADV (Prop_plle2_adv_CLKIN1_CLKOUT0)
                                                     -6.890     5.457 r  u_soc_top/pll_clk.u_clk_pll/inst/plle2_adv_inst/CLKOUT0
                         clock pessimism             -0.612     4.845    
                         clock uncertainty           -0.094     4.751    
                         output delay                -0.300     4.451    
  -------------------------------------------------------------------
                         required time                          4.451    
                         arrival time                          -5.269    
  -------------------------------------------------------------------
                         slack                                 -0.818    

Slack (VIOLATED) :        -0.808ns  (required time - arrival time)
  Source:                 u_soc_top/u_axi_sram_direct/ram_write_active_r_reg/C
                            (rising edge-triggered cell FDRE clocked by cpu_clk  {rise@0.000ns fall@5.000ns period=10.000ns})
  Destination:            base_ram_data[3]
                            (output port clocked by cpu_clk  {rise@0.000ns fall@5.000ns period=10.000ns})
  Path Group:             cpu_clk
  Path Type:              Max at Slow Process Corner
  Requirement:            10.000ns  (cpu_clk rise@10.000ns - cpu_clk rise@0.000ns)
  Data Path Delay:        7.062ns  (logic 3.816ns (54.031%)  route 3.246ns (45.969%))
  Logic Levels:           2  (LUT2=1 OBUFT=1)
  Output Delay:           0.300ns
  Clock Path Skew:        -3.352ns (DCD - SCD + CPR)
    Destination Clock Delay (DCD):    -4.543ns = ( 5.457 - 10.000 ) 
    Source Clock Delay      (SCD):    -1.803ns
    Clock Pessimism Removal (CPR):    -0.612ns
  Clock Uncertainty:      0.094ns  ((TSJ^2 + DJ^2)^1/2) / 2 + PE
    Total System Jitter     (TSJ):    0.071ns
    Discrete Jitter          (DJ):    0.175ns
    Phase Error              (PE):    0.000ns

    Location             Delay type                Incr(ns)  Path(ns)    Netlist Resource(s)
  -------------------------------------------------------------------    -------------------
                         (clock cpu_clk rise edge)    0.000     0.000 r  
    K21                                               0.000     0.000 r  clk_50M (IN)
                         net (fo=0)                   0.000     0.000    u_soc_top/pll_clk.u_clk_pll/inst/clk_in1
    K21                  IBUF (Prop_ibuf_I_O)         1.394     1.394 r  u_soc_top/pll_clk.u_clk_pll/inst/clkin1_ibufg/O
                         net (fo=1, routed)           1.080     2.474    u_soc_top/pll_clk.u_clk_pll/inst/clk_in1_clk_pll
    PLLE2_ADV_X0Y3       PLLE2_ADV (Prop_plle2_adv_CLKIN1_CLKOUT0)
                                                     -7.629    -5.155 r  u_soc_top/pll_clk.u_clk_pll/inst/plle2_adv_inst/CLKOUT0
                         net (fo=1, routed)           1.557    -3.598    u_soc_top/pll_clk.u_clk_pll/inst/cpu_clk_clk_pll
    BUFGCTRL_X0Y16       BUFG (Prop_bufg_I_O)         0.081    -3.517 r  u_soc_top/pll_clk.u_clk_pll/inst/clkout1_buf/O
                         net (fo=5293, routed)        1.714    -1.803    u_soc_top/u_axi_sram_direct/cpu_clk
    SLICE_X1Y59          FDRE                                         r  u_soc_top/u_axi_sram_direct/ram_write_active_r_reg/C
  -------------------------------------------------------------------    -------------------
    SLICE_X1Y59          FDRE (Prop_fdre_C_Q)         0.379    -1.424 r  u_soc_top/u_axi_sram_direct/ram_write_active_r_reg/Q
                         net (fo=2, routed)           0.343    -1.081    u_soc_top/u_axi_sram_direct/ram_write_active_r_reg_n_0
    SLICE_X2Y59          LUT2 (Prop_lut2_I0_O)        0.105    -0.976 f  u_soc_top/u_axi_sram_direct/base_ram_data_IOBUF[31]_inst_i_2/O
                         net (fo=32, routed)          2.903     1.927    base_ram_data_IOBUF[3]_inst/T
    M25                  OBUFT (TriStatE_obuft_T_O)
                                                      3.332     5.259 r  base_ram_data_IOBUF[3]_inst/OBUFT/O
                         net (fo=1, unset)            0.000     5.259    base_ram_data[3]
    M25                                                               r  base_ram_data[3] (INOUT)
  -------------------------------------------------------------------    -------------------

                         (clock cpu_clk rise edge)   10.000    10.000 r  
    K21                                               0.000    10.000 r  clk_50M (IN)
                         net (fo=0)                   0.000    10.000    u_soc_top/pll_clk.u_clk_pll/inst/clk_in1
    K21                  IBUF (Prop_ibuf_I_O)         1.328    11.328 r  u_soc_top/pll_clk.u_clk_pll/inst/clkin1_ibufg/O
                         net (fo=1, routed)           1.019    12.347    u_soc_top/pll_clk.u_clk_pll/inst/clk_in1_clk_pll
    PLLE2_ADV_X0Y3       PLLE2_ADV (Prop_plle2_adv_CLKIN1_CLKOUT0)
                                                     -6.890     5.457 r  u_soc_top/pll_clk.u_clk_pll/inst/plle2_adv_inst/CLKOUT0
                         clock pessimism             -0.612     4.845    
                         clock uncertainty           -0.094     4.751    
                         output delay                -0.300     4.451    
  -------------------------------------------------------------------
                         required time                          4.451    
                         arrival time                          -5.259    
  -------------------------------------------------------------------
                         slack                                 -0.808    

Slack (VIOLATED) :        -0.808ns  (required time - arrival time)
  Source:                 u_soc_top/u_axi_sram_direct/ram_write_active_r_reg/C
                            (rising edge-triggered cell FDRE clocked by cpu_clk  {rise@0.000ns fall@5.000ns period=10.000ns})
  Destination:            base_ram_data[3]
                            (output port clocked by cpu_clk  {rise@0.000ns fall@5.000ns period=10.000ns})
  Path Group:             cpu_clk
  Path Type:              Max at Slow Process Corner
  Requirement:            10.000ns  (cpu_clk rise@10.000ns - cpu_clk rise@0.000ns)
  Data Path Delay:        7.062ns  (logic 3.816ns (54.031%)  route 3.246ns (45.969%))
  Logic Levels:           2  (LUT2=1 OBUFT=1)
  Output Delay:           0.300ns
  Clock Path Skew:        -3.352ns (DCD - SCD + CPR)
    Destination Clock Delay (DCD):    -4.543ns = ( 5.457 - 10.000 ) 
    Source Clock Delay      (SCD):    -1.803ns
    Clock Pessimism Removal (CPR):    -0.612ns
  Clock Uncertainty:      0.094ns  ((TSJ^2 + DJ^2)^1/2) / 2 + PE
    Total System Jitter     (TSJ):    0.071ns
    Discrete Jitter          (DJ):    0.175ns
    Phase Error              (PE):    0.000ns

    Location             Delay type                Incr(ns)  Path(ns)    Netlist Resource(s)
  -------------------------------------------------------------------    -------------------
                         (clock cpu_clk rise edge)    0.000     0.000 r  
    K21                                               0.000     0.000 r  clk_50M (IN)
                         net (fo=0)                   0.000     0.000    u_soc_top/pll_clk.u_clk_pll/inst/clk_in1
    K21                  IBUF (Prop_ibuf_I_O)         1.394     1.394 r  u_soc_top/pll_clk.u_clk_pll/inst/clkin1_ibufg/O
                         net (fo=1, routed)           1.080     2.474    u_soc_top/pll_clk.u_clk_pll/inst/clk_in1_clk_pll
    PLLE2_ADV_X0Y3       PLLE2_ADV (Prop_plle2_adv_CLKIN1_CLKOUT0)
                                                     -7.629    -5.155 r  u_soc_top/pll_clk.u_clk_pll/inst/plle2_adv_inst/CLKOUT0
                         net (fo=1, routed)           1.557    -3.598    u_soc_top/pll_clk.u_clk_pll/inst/cpu_clk_clk_pll
    BUFGCTRL_X0Y16       BUFG (Prop_bufg_I_O)         0.081    -3.517 r  u_soc_top/pll_clk.u_clk_pll/inst/clkout1_buf/O
                         net (fo=5293, routed)        1.714    -1.803    u_soc_top/u_axi_sram_direct/cpu_clk
    SLICE_X1Y59          FDRE                                         r  u_soc_top/u_axi_sram_direct/ram_write_active_r_reg/C
  -------------------------------------------------------------------    -------------------
    SLICE_X1Y59          FDRE (Prop_fdre_C_Q)         0.379    -1.424 r  u_soc_top/u_axi_sram_direct/ram_write_active_r_reg/Q
                         net (fo=2, routed)           0.343    -1.081    u_soc_top/u_axi_sram_direct/ram_write_active_r_reg_n_0
    SLICE_X2Y59          LUT2 (Prop_lut2_I0_O)        0.105    -0.976 f  u_soc_top/u_axi_sram_direct/base_ram_data_IOBUF[31]_inst_i_2/O
                         net (fo=32, routed)          2.903     1.927    base_ram_data_IOBUF[3]_inst/T
    M25                  OBUFT (TriStatE_obuft_T_O)
                                                      3.332     5.259 f  base_ram_data_IOBUF[3]_inst/OBUFT/O
                         net (fo=1, unset)            0.000     5.259    base_ram_data[3]
    M25                                                               f  base_ram_data[3] (INOUT)
  -------------------------------------------------------------------    -------------------

                         (clock cpu_clk rise edge)   10.000    10.000 r  
    K21                                               0.000    10.000 r  clk_50M (IN)
                         net (fo=0)                   0.000    10.000    u_soc_top/pll_clk.u_clk_pll/inst/clk_in1
    K21                  IBUF (Prop_ibuf_I_O)         1.328    11.328 r  u_soc_top/pll_clk.u_clk_pll/inst/clkin1_ibufg/O
                         net (fo=1, routed)           1.019    12.347    u_soc_top/pll_clk.u_clk_pll/inst/clk_in1_clk_pll
    PLLE2_ADV_X0Y3       PLLE2_ADV (Prop_plle2_adv_CLKIN1_CLKOUT0)
                                                     -6.890     5.457 r  u_soc_top/pll_clk.u_clk_pll/inst/plle2_adv_inst/CLKOUT0
                         clock pessimism             -0.612     4.845    
                         clock uncertainty           -0.094     4.751    
                         output delay                -0.300     4.451    
  -------------------------------------------------------------------
                         required time                          4.451    
                         arrival time                          -5.259    
  -------------------------------------------------------------------
                         slack                                 -0.808    

Slack (VIOLATED) :        -0.802ns  (required time - arrival time)
  Source:                 u_soc_top/u_axi_sram_direct/ram_write_active_r_reg/C
                            (rising edge-triggered cell FDRE clocked by cpu_clk  {rise@0.000ns fall@5.000ns period=10.000ns})
  Destination:            base_ram_data[21]
                            (output port clocked by cpu_clk  {rise@0.000ns fall@5.000ns period=10.000ns})
  Path Group:             cpu_clk
  Path Type:              Max at Slow Process Corner
  Requirement:            10.000ns  (cpu_clk rise@10.000ns - cpu_clk rise@0.000ns)
  Data Path Delay:        7.055ns  (logic 3.790ns (53.713%)  route 3.266ns (46.287%))
  Logic Levels:           2  (LUT2=1 OBUFT=1)
  Output Delay:           0.300ns
  Clock Path Skew:        -3.352ns (DCD - SCD + CPR)
    Destination Clock Delay (DCD):    -4.543ns = ( 5.457 - 10.000 ) 
    Source Clock Delay      (SCD):    -1.803ns
    Clock Pessimism Removal (CPR):    -0.612ns
  Clock Uncertainty:      0.094ns  ((TSJ^2 + DJ^2)^1/2) / 2 + PE
    Total System Jitter     (TSJ):    0.071ns
    Discrete Jitter          (DJ):    0.175ns
    Phase Error              (PE):    0.000ns

    Location             Delay type                Incr(ns)  Path(ns)    Netlist Resource(s)
  -------------------------------------------------------------------    -------------------
                         (clock cpu_clk rise edge)    0.000     0.000 r  
    K21                                               0.000     0.000 r  clk_50M (IN)
                         net (fo=0)                   0.000     0.000    u_soc_top/pll_clk.u_clk_pll/inst/clk_in1
    K21                  IBUF (Prop_ibuf_I_O)         1.394     1.394 r  u_soc_top/pll_clk.u_clk_pll/inst/clkin1_ibufg/O
                         net (fo=1, routed)           1.080     2.474    u_soc_top/pll_clk.u_clk_pll/inst/clk_in1_clk_pll
    PLLE2_ADV_X0Y3       PLLE2_ADV (Prop_plle2_adv_CLKIN1_CLKOUT0)
                                                     -7.629    -5.155 r  u_soc_top/pll_clk.u_clk_pll/inst/plle2_adv_inst/CLKOUT0
                         net (fo=1, routed)           1.557    -3.598    u_soc_top/pll_clk.u_clk_pll/inst/cpu_clk_clk_pll
    BUFGCTRL_X0Y16       BUFG (Prop_bufg_I_O)         0.081    -3.517 r  u_soc_top/pll_clk.u_clk_pll/inst/clkout1_buf/O
                         net (fo=5293, routed)        1.714    -1.803    u_soc_top/u_axi_sram_direct/cpu_clk
    SLICE_X1Y59          FDRE                                         r  u_soc_top/u_axi_sram_direct/ram_write_active_r_reg/C
  -------------------------------------------------------------------    -------------------
    SLICE_X1Y59          FDRE (Prop_fdre_C_Q)         0.379    -1.424 r  u_soc_top/u_axi_sram_direct/ram_write_active_r_reg/Q
                         net (fo=2, routed)           0.343    -1.081    u_soc_top/u_axi_sram_direct/ram_write_active_r_reg_n_0
    SLICE_X2Y59          LUT2 (Prop_lut2_I0_O)        0.105    -0.976 f  u_soc_top/u_axi_sram_direct/base_ram_data_IOBUF[31]_inst_i_2/O
                         net (fo=32, routed)          2.923     1.946    base_ram_data_IOBUF[21]_inst/T
    M20                  OBUFT (TriStatE_obuft_T_O)
                                                      3.306     5.252 r  base_ram_data_IOBUF[21]_inst/OBUFT/O
                         net (fo=1, unset)            0.000     5.252    base_ram_data[21]
    M20                                                               r  base_ram_data[21] (INOUT)
  -------------------------------------------------------------------    -------------------

                         (clock cpu_clk rise edge)   10.000    10.000 r  
    K21                                               0.000    10.000 r  clk_50M (IN)
                         net (fo=0)                   0.000    10.000    u_soc_top/pll_clk.u_clk_pll/inst/clk_in1
    K21                  IBUF (Prop_ibuf_I_O)         1.328    11.328 r  u_soc_top/pll_clk.u_clk_pll/inst/clkin1_ibufg/O
                         net (fo=1, routed)           1.019    12.347    u_soc_top/pll_clk.u_clk_pll/inst/clk_in1_clk_pll
    PLLE2_ADV_X0Y3       PLLE2_ADV (Prop_plle2_adv_CLKIN1_CLKOUT0)
                                                     -6.890     5.457 r  u_soc_top/pll_clk.u_clk_pll/inst/plle2_adv_inst/CLKOUT0
                         clock pessimism             -0.612     4.845    
                         clock uncertainty           -0.094     4.751    
                         output delay                -0.300     4.451    
  -------------------------------------------------------------------
                         required time                          4.451    
                         arrival time                          -5.252    
  -------------------------------------------------------------------
                         slack                                 -0.802    

Slack (VIOLATED) :        -0.802ns  (required time - arrival time)
  Source:                 u_soc_top/u_axi_sram_direct/ram_write_active_r_reg/C
                            (rising edge-triggered cell FDRE clocked by cpu_clk  {rise@0.000ns fall@5.000ns period=10.000ns})
  Destination:            base_ram_data[21]
                            (output port clocked by cpu_clk  {rise@0.000ns fall@5.000ns period=10.000ns})
  Path Group:             cpu_clk
  Path Type:              Max at Slow Process Corner
  Requirement:            10.000ns  (cpu_clk rise@10.000ns - cpu_clk rise@0.000ns)
  Data Path Delay:        7.055ns  (logic 3.790ns (53.713%)  route 3.266ns (46.287%))
  Logic Levels:           2  (LUT2=1 OBUFT=1)
  Output Delay:           0.300ns
  Clock Path Skew:        -3.352ns (DCD - SCD + CPR)
    Destination Clock Delay (DCD):    -4.543ns = ( 5.457 - 10.000 ) 
    Source Clock Delay      (SCD):    -1.803ns
    Clock Pessimism Removal (CPR):    -0.612ns
  Clock Uncertainty:      0.094ns  ((TSJ^2 + DJ^2)^1/2) / 2 + PE
    Total System Jitter     (TSJ):    0.071ns
    Discrete Jitter          (DJ):    0.175ns
    Phase Error              (PE):    0.000ns

    Location             Delay type                Incr(ns)  Path(ns)    Netlist Resource(s)
  -------------------------------------------------------------------    -------------------
                         (clock cpu_clk rise edge)    0.000     0.000 r  
    K21                                               0.000     0.000 r  clk_50M (IN)
                         net (fo=0)                   0.000     0.000    u_soc_top/pll_clk.u_clk_pll/inst/clk_in1
    K21                  IBUF (Prop_ibuf_I_O)         1.394     1.394 r  u_soc_top/pll_clk.u_clk_pll/inst/clkin1_ibufg/O
                         net (fo=1, routed)           1.080     2.474    u_soc_top/pll_clk.u_clk_pll/inst/clk_in1_clk_pll
    PLLE2_ADV_X0Y3       PLLE2_ADV (Prop_plle2_adv_CLKIN1_CLKOUT0)
                                                     -7.629    -5.155 r  u_soc_top/pll_clk.u_clk_pll/inst/plle2_adv_inst/CLKOUT0
                         net (fo=1, routed)           1.557    -3.598    u_soc_top/pll_clk.u_clk_pll/inst/cpu_clk_clk_pll
    BUFGCTRL_X0Y16       BUFG (Prop_bufg_I_O)         0.081    -3.517 r  u_soc_top/pll_clk.u_clk_pll/inst/clkout1_buf/O
                         net (fo=5293, routed)        1.714    -1.803    u_soc_top/u_axi_sram_direct/cpu_clk
    SLICE_X1Y59          FDRE                                         r  u_soc_top/u_axi_sram_direct/ram_write_active_r_reg/C
  -------------------------------------------------------------------    -------------------
    SLICE_X1Y59          FDRE (Prop_fdre_C_Q)         0.379    -1.424 r  u_soc_top/u_axi_sram_direct/ram_write_active_r_reg/Q
                         net (fo=2, routed)           0.343    -1.081    u_soc_top/u_axi_sram_direct/ram_write_active_r_reg_n_0
    SLICE_X2Y59          LUT2 (Prop_lut2_I0_O)        0.105    -0.976 f  u_soc_top/u_axi_sram_direct/base_ram_data_IOBUF[31]_inst_i_2/O
                         net (fo=32, routed)          2.923     1.946    base_ram_data_IOBUF[21]_inst/T
    M20                  OBUFT (TriStatE_obuft_T_O)
                                                      3.306     5.252 f  base_ram_data_IOBUF[21]_inst/OBUFT/O
                         net (fo=1, unset)            0.000     5.252    base_ram_data[21]
    M20                                                               f  base_ram_data[21] (INOUT)
  -------------------------------------------------------------------    -------------------

                         (clock cpu_clk rise edge)   10.000    10.000 r  
    K21                                               0.000    10.000 r  clk_50M (IN)
                         net (fo=0)                   0.000    10.000    u_soc_top/pll_clk.u_clk_pll/inst/clk_in1
    K21                  IBUF (Prop_ibuf_I_O)         1.328    11.328 r  u_soc_top/pll_clk.u_clk_pll/inst/clkin1_ibufg/O
                         net (fo=1, routed)           1.019    12.347    u_soc_top/pll_clk.u_clk_pll/inst/clk_in1_clk_pll
    PLLE2_ADV_X0Y3       PLLE2_ADV (Prop_plle2_adv_CLKIN1_CLKOUT0)
                                                     -6.890     5.457 r  u_soc_top/pll_clk.u_clk_pll/inst/plle2_adv_inst/CLKOUT0
                         clock pessimism             -0.612     4.845    
                         clock uncertainty           -0.094     4.751    
                         output delay                -0.300     4.451    
  -------------------------------------------------------------------
                         required time                          4.451    
                         arrival time                          -5.252    
  -------------------------------------------------------------------
                         slack                                 -0.802    

Slack (VIOLATED) :        -0.740ns  (required time - arrival time)
  Source:                 u_soc_top/u_axi_sram_direct/bank_out_r_reg/C
                            (rising edge-triggered cell FDRE clocked by cpu_clk  {rise@0.000ns fall@5.000ns period=10.000ns})
  Destination:            base_ram_data[1]
                            (output port clocked by cpu_clk  {rise@0.000ns fall@5.000ns period=10.000ns})
  Path Group:             cpu_clk
  Path Type:              Max at Slow Process Corner
  Requirement:            10.000ns  (cpu_clk rise@10.000ns - cpu_clk rise@0.000ns)
  Data Path Delay:        6.995ns  (logic 3.810ns (54.470%)  route 3.185ns (45.530%))
  Logic Levels:           2  (LUT2=1 OBUFT=1)
  Output Delay:           0.300ns
  Clock Path Skew:        -3.351ns (DCD - SCD + CPR)
    Destination Clock Delay (DCD):    -4.543ns = ( 5.457 - 10.000 ) 
    Source Clock Delay      (SCD):    -1.804ns
    Clock Pessimism Removal (CPR):    -0.612ns
  Clock Uncertainty:      0.094ns  ((TSJ^2 + DJ^2)^1/2) / 2 + PE
    Total System Jitter     (TSJ):    0.071ns
    Discrete Jitter          (DJ):    0.175ns
    Phase Error              (PE):    0.000ns

    Location             Delay type                Incr(ns)  Path(ns)    Netlist Resource(s)
  -------------------------------------------------------------------    -------------------
                         (clock cpu_clk rise edge)    0.000     0.000 r  
    K21                                               0.000     0.000 r  clk_50M (IN)
                         net (fo=0)                   0.000     0.000    u_soc_top/pll_clk.u_clk_pll/inst/clk_in1
    K21                  IBUF (Prop_ibuf_I_O)         1.394     1.394 r  u_soc_top/pll_clk.u_clk_pll/inst/clkin1_ibufg/O
                         net (fo=1, routed)           1.080     2.474    u_soc_top/pll_clk.u_clk_pll/inst/clk_in1_clk_pll
    PLLE2_ADV_X0Y3       PLLE2_ADV (Prop_plle2_adv_CLKIN1_CLKOUT0)
                                                     -7.629    -5.155 r  u_soc_top/pll_clk.u_clk_pll/inst/plle2_adv_inst/CLKOUT0
                         net (fo=1, routed)           1.557    -3.598    u_soc_top/pll_clk.u_clk_pll/inst/cpu_clk_clk_pll
    BUFGCTRL_X0Y16       BUFG (Prop_bufg_I_O)         0.081    -3.517 r  u_soc_top/pll_clk.u_clk_pll/inst/clkout1_buf/O
                         net (fo=5293, routed)        1.713    -1.804    u_soc_top/u_axi_sram_direct/cpu_clk
    SLICE_X1Y60          FDRE                                         r  u_soc_top/u_axi_sram_direct/bank_out_r_reg/C
  -------------------------------------------------------------------    -------------------
    SLICE_X1Y60          FDRE (Prop_fdre_C_Q)         0.379    -1.425 f  u_soc_top/u_axi_sram_direct/bank_out_r_reg/Q
                         net (fo=4, routed)           0.266    -1.159    u_soc_top/u_axi_sram_direct/bank_out_r
    SLICE_X2Y59          LUT2 (Prop_lut2_I1_O)        0.105    -1.054 f  u_soc_top/u_axi_sram_direct/base_ram_data_IOBUF[31]_inst_i_2/O
                         net (fo=32, routed)          2.919     1.864    base_ram_data_IOBUF[1]_inst/T
    L25                  OBUFT (TriStatE_obuft_T_O)
                                                      3.326     5.190 r  base_ram_data_IOBUF[1]_inst/OBUFT/O
                         net (fo=1, unset)            0.000     5.190    base_ram_data[1]
    L25                                                               r  base_ram_data[1] (INOUT)
  -------------------------------------------------------------------    -------------------

                         (clock cpu_clk rise edge)   10.000    10.000 r  
    K21                                               0.000    10.000 r  clk_50M (IN)
                         net (fo=0)                   0.000    10.000    u_soc_top/pll_clk.u_clk_pll/inst/clk_in1
    K21                  IBUF (Prop_ibuf_I_O)         1.328    11.328 r  u_soc_top/pll_clk.u_clk_pll/inst/clkin1_ibufg/O
                         net (fo=1, routed)           1.019    12.347    u_soc_top/pll_clk.u_clk_pll/inst/clk_in1_clk_pll
    PLLE2_ADV_X0Y3       PLLE2_ADV (Prop_plle2_adv_CLKIN1_CLKOUT0)
                                                     -6.890     5.457 r  u_soc_top/pll_clk.u_clk_pll/inst/plle2_adv_inst/CLKOUT0
                         clock pessimism             -0.612     4.845    
                         clock uncertainty           -0.094     4.751    
                         output delay                -0.300     4.451    
  -------------------------------------------------------------------
                         required time                          4.451    
                         arrival time                          -5.190    
  -------------------------------------------------------------------
                         slack                                 -0.740    

Slack (VIOLATED) :        -0.740ns  (required time - arrival time)
  Source:                 u_soc_top/u_axi_sram_direct/bank_out_r_reg/C
                            (rising edge-triggered cell FDRE clocked by cpu_clk  {rise@0.000ns fall@5.000ns period=10.000ns})
  Destination:            base_ram_data[1]
                            (output port clocked by cpu_clk  {rise@0.000ns fall@5.000ns period=10.000ns})
  Path Group:             cpu_clk
  Path Type:              Max at Slow Process Corner
  Requirement:            10.000ns  (cpu_clk rise@10.000ns - cpu_clk rise@0.000ns)
  Data Path Delay:        6.995ns  (logic 3.810ns (54.470%)  route 3.185ns (45.530%))
  Logic Levels:           2  (LUT2=1 OBUFT=1)
  Output Delay:           0.300ns
  Clock Path Skew:        -3.351ns (DCD - SCD + CPR)
    Destination Clock Delay (DCD):    -4.543ns = ( 5.457 - 10.000 ) 
    Source Clock Delay      (SCD):    -1.804ns
    Clock Pessimism Removal (CPR):    -0.612ns
  Clock Uncertainty:      0.094ns  ((TSJ^2 + DJ^2)^1/2) / 2 + PE
    Total System Jitter     (TSJ):    0.071ns
    Discrete Jitter          (DJ):    0.175ns
    Phase Error              (PE):    0.000ns

    Location             Delay type                Incr(ns)  Path(ns)    Netlist Resource(s)
  -------------------------------------------------------------------    -------------------
                         (clock cpu_clk rise edge)    0.000     0.000 r  
    K21                                               0.000     0.000 r  clk_50M (IN)
                         net (fo=0)                   0.000     0.000    u_soc_top/pll_clk.u_clk_pll/inst/clk_in1
    K21                  IBUF (Prop_ibuf_I_O)         1.394     1.394 r  u_soc_top/pll_clk.u_clk_pll/inst/clkin1_ibufg/O
                         net (fo=1, routed)           1.080     2.474    u_soc_top/pll_clk.u_clk_pll/inst/clk_in1_clk_pll
    PLLE2_ADV_X0Y3       PLLE2_ADV (Prop_plle2_adv_CLKIN1_CLKOUT0)
                                                     -7.629    -5.155 r  u_soc_top/pll_clk.u_clk_pll/inst/plle2_adv_inst/CLKOUT0
                         net (fo=1, routed)           1.557    -3.598    u_soc_top/pll_clk.u_clk_pll/inst/cpu_clk_clk_pll
    BUFGCTRL_X0Y16       BUFG (Prop_bufg_I_O)         0.081    -3.517 r  u_soc_top/pll_clk.u_clk_pll/inst/clkout1_buf/O
                         net (fo=5293, routed)        1.713    -1.804    u_soc_top/u_axi_sram_direct/cpu_clk
    SLICE_X1Y60          FDRE                                         r  u_soc_top/u_axi_sram_direct/bank_out_r_reg/C
  -------------------------------------------------------------------    -------------------
    SLICE_X1Y60          FDRE (Prop_fdre_C_Q)         0.379    -1.425 f  u_soc_top/u_axi_sram_direct/bank_out_r_reg/Q
                         net (fo=4, routed)           0.266    -1.159    u_soc_top/u_axi_sram_direct/bank_out_r
    SLICE_X2Y59          LUT2 (Prop_lut2_I1_O)        0.105    -1.054 f  u_soc_top/u_axi_sram_direct/base_ram_data_IOBUF[31]_inst_i_2/O
                         net (fo=32, routed)          2.919     1.864    base_ram_data_IOBUF[1]_inst/T
    L25                  OBUFT (TriStatE_obuft_T_O)
                                                      3.326     5.190 f  base_ram_data_IOBUF[1]_inst/OBUFT/O
                         net (fo=1, unset)            0.000     5.190    base_ram_data[1]
    L25                                                               f  base_ram_data[1] (INOUT)
  -------------------------------------------------------------------    -------------------

                         (clock cpu_clk rise edge)   10.000    10.000 r  
    K21                                               0.000    10.000 r  clk_50M (IN)
                         net (fo=0)                   0.000    10.000    u_soc_top/pll_clk.u_clk_pll/inst/clk_in1
    K21                  IBUF (Prop_ibuf_I_O)         1.328    11.328 r  u_soc_top/pll_clk.u_clk_pll/inst/clkin1_ibufg/O
                         net (fo=1, routed)           1.019    12.347    u_soc_top/pll_clk.u_clk_pll/inst/clk_in1_clk_pll
    PLLE2_ADV_X0Y3       PLLE2_ADV (Prop_plle2_adv_CLKIN1_CLKOUT0)
                                                     -6.890     5.457 r  u_soc_top/pll_clk.u_clk_pll/inst/plle2_adv_inst/CLKOUT0
                         clock pessimism             -0.612     4.845    
                         clock uncertainty           -0.094     4.751    
                         output delay                -0.300     4.451    
  -------------------------------------------------------------------
                         required time                          4.451    
                         arrival time                          -5.190    
  -------------------------------------------------------------------
                         slack                                 -0.740    

Slack (VIOLATED) :        -0.734ns  (required time - arrival time)
  Source:                 u_soc_top/u_axi_sram_direct/ram_write_active_r_reg/C
                            (rising edge-triggered cell FDRE clocked by cpu_clk  {rise@0.000ns fall@5.000ns period=10.000ns})
  Destination:            base_ram_data[31]
                            (output port clocked by cpu_clk  {rise@0.000ns fall@5.000ns period=10.000ns})
  Path Group:             cpu_clk
  Path Type:              Max at Slow Process Corner
  Requirement:            10.000ns  (cpu_clk rise@10.000ns - cpu_clk rise@0.000ns)
  Data Path Delay:        6.988ns  (logic 3.792ns (54.270%)  route 3.195ns (45.730%))
  Logic Levels:           2  (LUT2=1 OBUFT=1)
  Output Delay:           0.300ns
  Clock Path Skew:        -3.352ns (DCD - SCD + CPR)
    Destination Clock Delay (DCD):    -4.543ns = ( 5.457 - 10.000 ) 
    Source Clock Delay      (SCD):    -1.803ns
    Clock Pessimism Removal (CPR):    -0.612ns
  Clock Uncertainty:      0.094ns  ((TSJ^2 + DJ^2)^1/2) / 2 + PE
    Total System Jitter     (TSJ):    0.071ns
    Discrete Jitter          (DJ):    0.175ns
    Phase Error              (PE):    0.000ns

    Location             Delay type                Incr(ns)  Path(ns)    Netlist Resource(s)
  -------------------------------------------------------------------    -------------------
                         (clock cpu_clk rise edge)    0.000     0.000 r  
    K21                                               0.000     0.000 r  clk_50M (IN)
                         net (fo=0)                   0.000     0.000    u_soc_top/pll_clk.u_clk_pll/inst/clk_in1
    K21                  IBUF (Prop_ibuf_I_O)         1.394     1.394 r  u_soc_top/pll_clk.u_clk_pll/inst/clkin1_ibufg/O
                         net (fo=1, routed)           1.080     2.474    u_soc_top/pll_clk.u_clk_pll/inst/clk_in1_clk_pll
    PLLE2_ADV_X0Y3       PLLE2_ADV (Prop_plle2_adv_CLKIN1_CLKOUT0)
                                                     -7.629    -5.155 r  u_soc_top/pll_clk.u_clk_pll/inst/plle2_adv_inst/CLKOUT0
                         net (fo=1, routed)           1.557    -3.598    u_soc_top/pll_clk.u_clk_pll/inst/cpu_clk_clk_pll
    BUFGCTRL_X0Y16       BUFG (Prop_bufg_I_O)         0.081    -3.517 r  u_soc_top/pll_clk.u_clk_pll/inst/clkout1_buf/O
                         net (fo=5293, routed)        1.714    -1.803    u_soc_top/u_axi_sram_direct/cpu_clk
    SLICE_X1Y59          FDRE                                         r  u_soc_top/u_axi_sram_direct/ram_write_active_r_reg/C
  -------------------------------------------------------------------    -------------------
    SLICE_X1Y59          FDRE (Prop_fdre_C_Q)         0.379    -1.424 r  u_soc_top/u_axi_sram_direct/ram_write_active_r_reg/Q
                         net (fo=2, routed)           0.343    -1.081    u_soc_top/u_axi_sram_direct/ram_write_active_r_reg_n_0
    SLICE_X2Y59          LUT2 (Prop_lut2_I0_O)        0.105    -0.976 f  u_soc_top/u_axi_sram_direct/base_ram_data_IOBUF[31]_inst_i_2/O
                         net (fo=32, routed)          2.852     1.876    base_ram_data_IOBUF[31]_inst/T
    M22                  OBUFT (TriStatE_obuft_T_O)
                                                      3.308     5.184 r  base_ram_data_IOBUF[31]_inst/OBUFT/O
                         net (fo=1, unset)            0.000     5.184    base_ram_data[31]
    M22                                                               r  base_ram_data[31] (INOUT)
  -------------------------------------------------------------------    -------------------

                         (clock cpu_clk rise edge)   10.000    10.000 r  
    K21                                               0.000    10.000 r  clk_50M (IN)
                         net (fo=0)                   0.000    10.000    u_soc_top/pll_clk.u_clk_pll/inst/clk_in1
    K21                  IBUF (Prop_ibuf_I_O)         1.328    11.328 r  u_soc_top/pll_clk.u_clk_pll/inst/clkin1_ibufg/O
                         net (fo=1, routed)           1.019    12.347    u_soc_top/pll_clk.u_clk_pll/inst/clk_in1_clk_pll
    PLLE2_ADV_X0Y3       PLLE2_ADV (Prop_plle2_adv_CLKIN1_CLKOUT0)
                                                     -6.890     5.457 r  u_soc_top/pll_clk.u_clk_pll/inst/plle2_adv_inst/CLKOUT0
                         clock pessimism             -0.612     4.845    
                         clock uncertainty           -0.094     4.751    
                         output delay                -0.300     4.451    
  -------------------------------------------------------------------
                         required time                          4.451    
                         arrival time                          -5.184    
  -------------------------------------------------------------------
                         slack                                 -0.734    

Slack (VIOLATED) :        -0.734ns  (required time - arrival time)
  Source:                 u_soc_top/u_axi_sram_direct/ram_write_active_r_reg/C
                            (rising edge-triggered cell FDRE clocked by cpu_clk  {rise@0.000ns fall@5.000ns period=10.000ns})
  Destination:            base_ram_data[31]
                            (output port clocked by cpu_clk  {rise@0.000ns fall@5.000ns period=10.000ns})
  Path Group:             cpu_clk
  Path Type:              Max at Slow Process Corner
  Requirement:            10.000ns  (cpu_clk rise@10.000ns - cpu_clk rise@0.000ns)
  Data Path Delay:        6.988ns  (logic 3.792ns (54.270%)  route 3.195ns (45.730%))
  Logic Levels:           2  (LUT2=1 OBUFT=1)
  Output Delay:           0.300ns
  Clock Path Skew:        -3.352ns (DCD - SCD + CPR)
    Destination Clock Delay (DCD):    -4.543ns = ( 5.457 - 10.000 ) 
    Source Clock Delay      (SCD):    -1.803ns
    Clock Pessimism Removal (CPR):    -0.612ns
  Clock Uncertainty:      0.094ns  ((TSJ^2 + DJ^2)^1/2) / 2 + PE
    Total System Jitter     (TSJ):    0.071ns
    Discrete Jitter          (DJ):    0.175ns
    Phase Error              (PE):    0.000ns

    Location             Delay type                Incr(ns)  Path(ns)    Netlist Resource(s)
  -------------------------------------------------------------------    -------------------
                         (clock cpu_clk rise edge)    0.000     0.000 r  
    K21                                               0.000     0.000 r  clk_50M (IN)
                         net (fo=0)                   0.000     0.000    u_soc_top/pll_clk.u_clk_pll/inst/clk_in1
    K21                  IBUF (Prop_ibuf_I_O)         1.394     1.394 r  u_soc_top/pll_clk.u_clk_pll/inst/clkin1_ibufg/O
                         net (fo=1, routed)           1.080     2.474    u_soc_top/pll_clk.u_clk_pll/inst/clk_in1_clk_pll
    PLLE2_ADV_X0Y3       PLLE2_ADV (Prop_plle2_adv_CLKIN1_CLKOUT0)
                                                     -7.629    -5.155 r  u_soc_top/pll_clk.u_clk_pll/inst/plle2_adv_inst/CLKOUT0
                         net (fo=1, routed)           1.557    -3.598    u_soc_top/pll_clk.u_clk_pll/inst/cpu_clk_clk_pll
    BUFGCTRL_X0Y16       BUFG (Prop_bufg_I_O)         0.081    -3.517 r  u_soc_top/pll_clk.u_clk_pll/inst/clkout1_buf/O
                         net (fo=5293, routed)        1.714    -1.803    u_soc_top/u_axi_sram_direct/cpu_clk
    SLICE_X1Y59          FDRE                                         r  u_soc_top/u_axi_sram_direct/ram_write_active_r_reg/C
  -------------------------------------------------------------------    -------------------
    SLICE_X1Y59          FDRE (Prop_fdre_C_Q)         0.379    -1.424 r  u_soc_top/u_axi_sram_direct/ram_write_active_r_reg/Q
                         net (fo=2, routed)           0.343    -1.081    u_soc_top/u_axi_sram_direct/ram_write_active_r_reg_n_0
    SLICE_X2Y59          LUT2 (Prop_lut2_I0_O)        0.105    -0.976 f  u_soc_top/u_axi_sram_direct/base_ram_data_IOBUF[31]_inst_i_2/O
                         net (fo=32, routed)          2.852     1.876    base_ram_data_IOBUF[31]_inst/T
    M22                  OBUFT (TriStatE_obuft_T_O)
                                                      3.308     5.184 f  base_ram_data_IOBUF[31]_inst/OBUFT/O
                         net (fo=1, unset)            0.000     5.184    base_ram_data[31]
    M22                                                               f  base_ram_data[31] (INOUT)
  -------------------------------------------------------------------    -------------------

                         (clock cpu_clk rise edge)   10.000    10.000 r  
    K21                                               0.000    10.000 r  clk_50M (IN)
                         net (fo=0)                   0.000    10.000    u_soc_top/pll_clk.u_clk_pll/inst/clk_in1
    K21                  IBUF (Prop_ibuf_I_O)         1.328    11.328 r  u_soc_top/pll_clk.u_clk_pll/inst/clkin1_ibufg/O
                         net (fo=1, routed)           1.019    12.347    u_soc_top/pll_clk.u_clk_pll/inst/clk_in1_clk_pll
    PLLE2_ADV_X0Y3       PLLE2_ADV (Prop_plle2_adv_CLKIN1_CLKOUT0)
                                                     -6.890     5.457 r  u_soc_top/pll_clk.u_clk_pll/inst/plle2_adv_inst/CLKOUT0
                         clock pessimism             -0.612     4.845    
                         clock uncertainty           -0.094     4.751    
                         output delay                -0.300     4.451    
  -------------------------------------------------------------------
                         required time                          4.451    
                         arrival time                          -5.184    
  -------------------------------------------------------------------
                         slack                                 -0.734    

Slack (VIOLATED) :        -0.730ns  (required time - arrival time)
  Source:                 u_soc_top/u_axi_sram_direct/bank_out_r_reg/C
                            (rising edge-triggered cell FDRE clocked by cpu_clk  {rise@0.000ns fall@5.000ns period=10.000ns})
  Destination:            base_ram_data[3]
                            (output port clocked by cpu_clk  {rise@0.000ns fall@5.000ns period=10.000ns})
  Path Group:             cpu_clk
  Path Type:              Max at Slow Process Corner
  Requirement:            10.000ns  (cpu_clk rise@10.000ns - cpu_clk rise@0.000ns)
  Data Path Delay:        6.985ns  (logic 3.816ns (54.629%)  route 3.169ns (45.371%))
  Logic Levels:           2  (LUT2=1 OBUFT=1)
  Output Delay:           0.300ns
  Clock Path Skew:        -3.351ns (DCD - SCD + CPR)
    Destination Clock Delay (DCD):    -4.543ns = ( 5.457 - 10.000 ) 
    Source Clock Delay      (SCD):    -1.804ns
    Clock Pessimism Removal (CPR):    -0.612ns
  Clock Uncertainty:      0.094ns  ((TSJ^2 + DJ^2)^1/2) / 2 + PE
    Total System Jitter     (TSJ):    0.071ns
    Discrete Jitter          (DJ):    0.175ns
    Phase Error              (PE):    0.000ns

    Location             Delay type                Incr(ns)  Path(ns)    Netlist Resource(s)
  -------------------------------------------------------------------    -------------------
                         (clock cpu_clk rise edge)    0.000     0.000 r  
    K21                                               0.000     0.000 r  clk_50M (IN)
                         net (fo=0)                   0.000     0.000    u_soc_top/pll_clk.u_clk_pll/inst/clk_in1
    K21                  IBUF (Prop_ibuf_I_O)         1.394     1.394 r  u_soc_top/pll_clk.u_clk_pll/inst/clkin1_ibufg/O
                         net (fo=1, routed)           1.080     2.474    u_soc_top/pll_clk.u_clk_pll/inst/clk_in1_clk_pll
    PLLE2_ADV_X0Y3       PLLE2_ADV (Prop_plle2_adv_CLKIN1_CLKOUT0)
                                                     -7.629    -5.155 r  u_soc_top/pll_clk.u_clk_pll/inst/plle2_adv_inst/CLKOUT0
                         net (fo=1, routed)           1.557    -3.598    u_soc_top/pll_clk.u_clk_pll/inst/cpu_clk_clk_pll
    BUFGCTRL_X0Y16       BUFG (Prop_bufg_I_O)         0.081    -3.517 r  u_soc_top/pll_clk.u_clk_pll/inst/clkout1_buf/O
                         net (fo=5293, routed)        1.713    -1.804    u_soc_top/u_axi_sram_direct/cpu_clk
    SLICE_X1Y60          FDRE                                         r  u_soc_top/u_axi_sram_direct/bank_out_r_reg/C
  -------------------------------------------------------------------    -------------------
    SLICE_X1Y60          FDRE (Prop_fdre_C_Q)         0.379    -1.425 f  u_soc_top/u_axi_sram_direct/bank_out_r_reg/Q
                         net (fo=4, routed)           0.266    -1.159    u_soc_top/u_axi_sram_direct/bank_out_r
    SLICE_X2Y59          LUT2 (Prop_lut2_I1_O)        0.105    -1.054 f  u_soc_top/u_axi_sram_direct/base_ram_data_IOBUF[31]_inst_i_2/O
                         net (fo=32, routed)          2.903     1.849    base_ram_data_IOBUF[3]_inst/T
    M25                  OBUFT (TriStatE_obuft_T_O)
                                                      3.332     5.180 r  base_ram_data_IOBUF[3]_inst/OBUFT/O
                         net (fo=1, unset)            0.000     5.180    base_ram_data[3]
    M25                                                               r  base_ram_data[3] (INOUT)
  -------------------------------------------------------------------    -------------------

                         (clock cpu_clk rise edge)   10.000    10.000 r  
    K21                                               0.000    10.000 r  clk_50M (IN)
                         net (fo=0)                   0.000    10.000    u_soc_top/pll_clk.u_clk_pll/inst/clk_in1
    K21                  IBUF (Prop_ibuf_I_O)         1.328    11.328 r  u_soc_top/pll_clk.u_clk_pll/inst/clkin1_ibufg/O
                         net (fo=1, routed)           1.019    12.347    u_soc_top/pll_clk.u_clk_pll/inst/clk_in1_clk_pll
    PLLE2_ADV_X0Y3       PLLE2_ADV (Prop_plle2_adv_CLKIN1_CLKOUT0)
                                                     -6.890     5.457 r  u_soc_top/pll_clk.u_clk_pll/inst/plle2_adv_inst/CLKOUT0
                         clock pessimism             -0.612     4.845    
                         clock uncertainty           -0.094     4.751    
                         output delay                -0.300     4.451    
  -------------------------------------------------------------------
                         required time                          4.451    
                         arrival time                          -5.180    
  -------------------------------------------------------------------
                         slack                                 -0.730    

Slack (VIOLATED) :        -0.730ns  (required time - arrival time)
  Source:                 u_soc_top/u_axi_sram_direct/bank_out_r_reg/C
                            (rising edge-triggered cell FDRE clocked by cpu_clk  {rise@0.000ns fall@5.000ns period=10.000ns})
  Destination:            base_ram_data[3]
                            (output port clocked by cpu_clk  {rise@0.000ns fall@5.000ns period=10.000ns})
  Path Group:             cpu_clk
  Path Type:              Max at Slow Process Corner
  Requirement:            10.000ns  (cpu_clk rise@10.000ns - cpu_clk rise@0.000ns)
  Data Path Delay:        6.985ns  (logic 3.816ns (54.629%)  route 3.169ns (45.371%))
  Logic Levels:           2  (LUT2=1 OBUFT=1)
  Output Delay:           0.300ns
  Clock Path Skew:        -3.351ns (DCD - SCD + CPR)
    Destination Clock Delay (DCD):    -4.543ns = ( 5.457 - 10.000 ) 
    Source Clock Delay      (SCD):    -1.804ns
    Clock Pessimism Removal (CPR):    -0.612ns
  Clock Uncertainty:      0.094ns  ((TSJ^2 + DJ^2)^1/2) / 2 + PE
    Total System Jitter     (TSJ):    0.071ns
    Discrete Jitter          (DJ):    0.175ns
    Phase Error              (PE):    0.000ns

    Location             Delay type                Incr(ns)  Path(ns)    Netlist Resource(s)
  -------------------------------------------------------------------    -------------------
                         (clock cpu_clk rise edge)    0.000     0.000 r  
    K21                                               0.000     0.000 r  clk_50M (IN)
                         net (fo=0)                   0.000     0.000    u_soc_top/pll_clk.u_clk_pll/inst/clk_in1
    K21                  IBUF (Prop_ibuf_I_O)         1.394     1.394 r  u_soc_top/pll_clk.u_clk_pll/inst/clkin1_ibufg/O
                         net (fo=1, routed)           1.080     2.474    u_soc_top/pll_clk.u_clk_pll/inst/clk_in1_clk_pll
    PLLE2_ADV_X0Y3       PLLE2_ADV (Prop_plle2_adv_CLKIN1_CLKOUT0)
                                                     -7.629    -5.155 r  u_soc_top/pll_clk.u_clk_pll/inst/plle2_adv_inst/CLKOUT0
                         net (fo=1, routed)           1.557    -3.598    u_soc_top/pll_clk.u_clk_pll/inst/cpu_clk_clk_pll
    BUFGCTRL_X0Y16       BUFG (Prop_bufg_I_O)         0.081    -3.517 r  u_soc_top/pll_clk.u_clk_pll/inst/clkout1_buf/O
                         net (fo=5293, routed)        1.713    -1.804    u_soc_top/u_axi_sram_direct/cpu_clk
    SLICE_X1Y60          FDRE                                         r  u_soc_top/u_axi_sram_direct/bank_out_r_reg/C
  -------------------------------------------------------------------    -------------------
    SLICE_X1Y60          FDRE (Prop_fdre_C_Q)         0.379    -1.425 f  u_soc_top/u_axi_sram_direct/bank_out_r_reg/Q
                         net (fo=4, routed)           0.266    -1.159    u_soc_top/u_axi_sram_direct/bank_out_r
    SLICE_X2Y59          LUT2 (Prop_lut2_I1_O)        0.105    -1.054 f  u_soc_top/u_axi_sram_direct/base_ram_data_IOBUF[31]_inst_i_2/O
                         net (fo=32, routed)          2.903     1.849    base_ram_data_IOBUF[3]_inst/T
    M25                  OBUFT (TriStatE_obuft_T_O)
                                                      3.332     5.180 f  base_ram_data_IOBUF[3]_inst/OBUFT/O
                         net (fo=1, unset)            0.000     5.180    base_ram_data[3]
    M25                                                               f  base_ram_data[3] (INOUT)
  -------------------------------------------------------------------    -------------------

                         (clock cpu_clk rise edge)   10.000    10.000 r  
    K21                                               0.000    10.000 r  clk_50M (IN)
                         net (fo=0)                   0.000    10.000    u_soc_top/pll_clk.u_clk_pll/inst/clk_in1
    K21                  IBUF (Prop_ibuf_I_O)         1.328    11.328 r  u_soc_top/pll_clk.u_clk_pll/inst/clkin1_ibufg/O
                         net (fo=1, routed)           1.019    12.347    u_soc_top/pll_clk.u_clk_pll/inst/clk_in1_clk_pll
    PLLE2_ADV_X0Y3       PLLE2_ADV (Prop_plle2_adv_CLKIN1_CLKOUT0)
                                                     -6.890     5.457 r  u_soc_top/pll_clk.u_clk_pll/inst/plle2_adv_inst/CLKOUT0
                         clock pessimism             -0.612     4.845    
                         clock uncertainty           -0.094     4.751    
                         output delay                -0.300     4.451    
  -------------------------------------------------------------------
                         required time                          4.451    
                         arrival time                          -5.180    
  -------------------------------------------------------------------
                         slack                                 -0.730    

Slack (VIOLATED) :        -0.723ns  (required time - arrival time)
  Source:                 u_soc_top/u_axi_sram_direct/bank_out_r_reg/C
                            (rising edge-triggered cell FDRE clocked by cpu_clk  {rise@0.000ns fall@5.000ns period=10.000ns})
  Destination:            base_ram_data[21]
                            (output port clocked by cpu_clk  {rise@0.000ns fall@5.000ns period=10.000ns})
  Path Group:             cpu_clk
  Path Type:              Max at Slow Process Corner
  Requirement:            10.000ns  (cpu_clk rise@10.000ns - cpu_clk rise@0.000ns)
  Data Path Delay:        6.978ns  (logic 3.790ns (54.308%)  route 3.188ns (45.692%))
  Logic Levels:           2  (LUT2=1 OBUFT=1)
  Output Delay:           0.300ns
  Clock Path Skew:        -3.351ns (DCD - SCD + CPR)
    Destination Clock Delay (DCD):    -4.543ns = ( 5.457 - 10.000 ) 
    Source Clock Delay      (SCD):    -1.804ns
    Clock Pessimism Removal (CPR):    -0.612ns
  Clock Uncertainty:      0.094ns  ((TSJ^2 + DJ^2)^1/2) / 2 + PE
    Total System Jitter     (TSJ):    0.071ns
    Discrete Jitter          (DJ):    0.175ns
    Phase Error              (PE):    0.000ns

    Location             Delay type                Incr(ns)  Path(ns)    Netlist Resource(s)
  -------------------------------------------------------------------    -------------------
                         (clock cpu_clk rise edge)    0.000     0.000 r  
    K21                                               0.000     0.000 r  clk_50M (IN)
                         net (fo=0)                   0.000     0.000    u_soc_top/pll_clk.u_clk_pll/inst/clk_in1
    K21                  IBUF (Prop_ibuf_I_O)         1.394     1.394 r  u_soc_top/pll_clk.u_clk_pll/inst/clkin1_ibufg/O
                         net (fo=1, routed)           1.080     2.474    u_soc_top/pll_clk.u_clk_pll/inst/clk_in1_clk_pll
    PLLE2_ADV_X0Y3       PLLE2_ADV (Prop_plle2_adv_CLKIN1_CLKOUT0)
                                                     -7.629    -5.155 r  u_soc_top/pll_clk.u_clk_pll/inst/plle2_adv_inst/CLKOUT0
                         net (fo=1, routed)           1.557    -3.598    u_soc_top/pll_clk.u_clk_pll/inst/cpu_clk_clk_pll
    BUFGCTRL_X0Y16       BUFG (Prop_bufg_I_O)         0.081    -3.517 r  u_soc_top/pll_clk.u_clk_pll/inst/clkout1_buf/O
                         net (fo=5293, routed)        1.713    -1.804    u_soc_top/u_axi_sram_direct/cpu_clk
    SLICE_X1Y60          FDRE                                         r  u_soc_top/u_axi_sram_direct/bank_out_r_reg/C
  -------------------------------------------------------------------    -------------------
    SLICE_X1Y60          FDRE (Prop_fdre_C_Q)         0.379    -1.425 f  u_soc_top/u_axi_sram_direct/bank_out_r_reg/Q
                         net (fo=4, routed)           0.266    -1.159    u_soc_top/u_axi_sram_direct/bank_out_r
    SLICE_X2Y59          LUT2 (Prop_lut2_I1_O)        0.105    -1.054 f  u_soc_top/u_axi_sram_direct/base_ram_data_IOBUF[31]_inst_i_2/O
                         net (fo=32, routed)          2.923     1.868    base_ram_data_IOBUF[21]_inst/T
    M20                  OBUFT (TriStatE_obuft_T_O)
                                                      3.306     5.174 r  base_ram_data_IOBUF[21]_inst/OBUFT/O
                         net (fo=1, unset)            0.000     5.174    base_ram_data[21]
    M20                                                               r  base_ram_data[21] (INOUT)
  -------------------------------------------------------------------    -------------------

                         (clock cpu_clk rise edge)   10.000    10.000 r  
    K21                                               0.000    10.000 r  clk_50M (IN)
                         net (fo=0)                   0.000    10.000    u_soc_top/pll_clk.u_clk_pll/inst/clk_in1
    K21                  IBUF (Prop_ibuf_I_O)         1.328    11.328 r  u_soc_top/pll_clk.u_clk_pll/inst/clkin1_ibufg/O
                         net (fo=1, routed)           1.019    12.347    u_soc_top/pll_clk.u_clk_pll/inst/clk_in1_clk_pll
    PLLE2_ADV_X0Y3       PLLE2_ADV (Prop_plle2_adv_CLKIN1_CLKOUT0)
                                                     -6.890     5.457 r  u_soc_top/pll_clk.u_clk_pll/inst/plle2_adv_inst/CLKOUT0
                         clock pessimism             -0.612     4.845    
                         clock uncertainty           -0.094     4.751    
                         output delay                -0.300     4.451    
  -------------------------------------------------------------------
                         required time                          4.451    
                         arrival time                          -5.174    
  -------------------------------------------------------------------
                         slack                                 -0.723    

Slack (VIOLATED) :        -0.723ns  (required time - arrival time)
  Source:                 u_soc_top/u_axi_sram_direct/bank_out_r_reg/C
                            (rising edge-triggered cell FDRE clocked by cpu_clk  {rise@0.000ns fall@5.000ns period=10.000ns})
  Destination:            base_ram_data[21]
                            (output port clocked by cpu_clk  {rise@0.000ns fall@5.000ns period=10.000ns})
  Path Group:             cpu_clk
  Path Type:              Max at Slow Process Corner
  Requirement:            10.000ns  (cpu_clk rise@10.000ns - cpu_clk rise@0.000ns)
  Data Path Delay:        6.978ns  (logic 3.790ns (54.308%)  route 3.188ns (45.692%))
  Logic Levels:           2  (LUT2=1 OBUFT=1)
  Output Delay:           0.300ns
  Clock Path Skew:        -3.351ns (DCD - SCD + CPR)
    Destination Clock Delay (DCD):    -4.543ns = ( 5.457 - 10.000 ) 
    Source Clock Delay      (SCD):    -1.804ns
    Clock Pessimism Removal (CPR):    -0.612ns
  Clock Uncertainty:      0.094ns  ((TSJ^2 + DJ^2)^1/2) / 2 + PE
    Total System Jitter     (TSJ):    0.071ns
    Discrete Jitter          (DJ):    0.175ns
    Phase Error              (PE):    0.000ns

    Location             Delay type                Incr(ns)  Path(ns)    Netlist Resource(s)
  -------------------------------------------------------------------    -------------------
                         (clock cpu_clk rise edge)    0.000     0.000 r  
    K21                                               0.000     0.000 r  clk_50M (IN)
                         net (fo=0)                   0.000     0.000    u_soc_top/pll_clk.u_clk_pll/inst/clk_in1
    K21                  IBUF (Prop_ibuf_I_O)         1.394     1.394 r  u_soc_top/pll_clk.u_clk_pll/inst/clkin1_ibufg/O
                         net (fo=1, routed)           1.080     2.474    u_soc_top/pll_clk.u_clk_pll/inst/clk_in1_clk_pll
    PLLE2_ADV_X0Y3       PLLE2_ADV (Prop_plle2_adv_CLKIN1_CLKOUT0)
                                                     -7.629    -5.155 r  u_soc_top/pll_clk.u_clk_pll/inst/plle2_adv_inst/CLKOUT0
                         net (fo=1, routed)           1.557    -3.598    u_soc_top/pll_clk.u_clk_pll/inst/cpu_clk_clk_pll
    BUFGCTRL_X0Y16       BUFG (Prop_bufg_I_O)         0.081    -3.517 r  u_soc_top/pll_clk.u_clk_pll/inst/clkout1_buf/O
                         net (fo=5293, routed)        1.713    -1.804    u_soc_top/u_axi_sram_direct/cpu_clk
    SLICE_X1Y60          FDRE                                         r  u_soc_top/u_axi_sram_direct/bank_out_r_reg/C
  -------------------------------------------------------------------    -------------------
    SLICE_X1Y60          FDRE (Prop_fdre_C_Q)         0.379    -1.425 f  u_soc_top/u_axi_sram_direct/bank_out_r_reg/Q
                         net (fo=4, routed)           0.266    -1.159    u_soc_top/u_axi_sram_direct/bank_out_r
    SLICE_X2Y59          LUT2 (Prop_lut2_I1_O)        0.105    -1.054 f  u_soc_top/u_axi_sram_direct/base_ram_data_IOBUF[31]_inst_i_2/O
                         net (fo=32, routed)          2.923     1.868    base_ram_data_IOBUF[21]_inst/T
    M20                  OBUFT (TriStatE_obuft_T_O)
                                                      3.306     5.174 f  base_ram_data_IOBUF[21]_inst/OBUFT/O
                         net (fo=1, unset)            0.000     5.174    base_ram_data[21]
    M20                                                               f  base_ram_data[21] (INOUT)
  -------------------------------------------------------------------    -------------------

                         (clock cpu_clk rise edge)   10.000    10.000 r  
    K21                                               0.000    10.000 r  clk_50M (IN)
                         net (fo=0)                   0.000    10.000    u_soc_top/pll_clk.u_clk_pll/inst/clk_in1
    K21                  IBUF (Prop_ibuf_I_O)         1.328    11.328 r  u_soc_top/pll_clk.u_clk_pll/inst/clkin1_ibufg/O
                         net (fo=1, routed)           1.019    12.347    u_soc_top/pll_clk.u_clk_pll/inst/clk_in1_clk_pll
    PLLE2_ADV_X0Y3       PLLE2_ADV (Prop_plle2_adv_CLKIN1_CLKOUT0)
                                                     -6.890     5.457 r  u_soc_top/pll_clk.u_clk_pll/inst/plle2_adv_inst/CLKOUT0
                         clock pessimism             -0.612     4.845    
                         clock uncertainty           -0.094     4.751    
                         output delay                -0.300     4.451    
  -------------------------------------------------------------------
                         required time                          4.451    
                         arrival time                          -5.174    
  -------------------------------------------------------------------
                         slack                                 -0.723    

Slack (VIOLATED) :        -0.706ns  (required time - arrival time)
  Source:                 u_soc_top/u_axi_sram_direct/ram_write_active_r_reg/C
                            (rising edge-triggered cell FDRE clocked by cpu_clk  {rise@0.000ns fall@5.000ns period=10.000ns})
  Destination:            base_ram_data[0]
                            (output port clocked by cpu_clk  {rise@0.000ns fall@5.000ns period=10.000ns})
  Path Group:             cpu_clk
  Path Type:              Max at Slow Process Corner
  Requirement:            10.000ns  (cpu_clk rise@10.000ns - cpu_clk rise@0.000ns)
  Data Path Delay:        6.960ns  (logic 3.806ns (54.683%)  route 3.154ns (45.317%))
  Logic Levels:           2  (LUT2=1 OBUFT=1)
  Output Delay:           0.300ns
  Clock Path Skew:        -3.352ns (DCD - SCD + CPR)
    Destination Clock Delay (DCD):    -4.543ns = ( 5.457 - 10.000 ) 
    Source Clock Delay      (SCD):    -1.803ns
    Clock Pessimism Removal (CPR):    -0.612ns
  Clock Uncertainty:      0.094ns  ((TSJ^2 + DJ^2)^1/2) / 2 + PE
    Total System Jitter     (TSJ):    0.071ns
    Discrete Jitter          (DJ):    0.175ns
    Phase Error              (PE):    0.000ns

    Location             Delay type                Incr(ns)  Path(ns)    Netlist Resource(s)
  -------------------------------------------------------------------    -------------------
                         (clock cpu_clk rise edge)    0.000     0.000 r  
    K21                                               0.000     0.000 r  clk_50M (IN)
                         net (fo=0)                   0.000     0.000    u_soc_top/pll_clk.u_clk_pll/inst/clk_in1
    K21                  IBUF (Prop_ibuf_I_O)         1.394     1.394 r  u_soc_top/pll_clk.u_clk_pll/inst/clkin1_ibufg/O
                         net (fo=1, routed)           1.080     2.474    u_soc_top/pll_clk.u_clk_pll/inst/clk_in1_clk_pll
    PLLE2_ADV_X0Y3       PLLE2_ADV (Prop_plle2_adv_CLKIN1_CLKOUT0)
                                                     -7.629    -5.155 r  u_soc_top/pll_clk.u_clk_pll/inst/plle2_adv_inst/CLKOUT0
                         net (fo=1, routed)           1.557    -3.598    u_soc_top/pll_clk.u_clk_pll/inst/cpu_clk_clk_pll
    BUFGCTRL_X0Y16       BUFG (Prop_bufg_I_O)         0.081    -3.517 r  u_soc_top/pll_clk.u_clk_pll/inst/clkout1_buf/O
                         net (fo=5293, routed)        1.714    -1.803    u_soc_top/u_axi_sram_direct/cpu_clk
    SLICE_X1Y59          FDRE                                         r  u_soc_top/u_axi_sram_direct/ram_write_active_r_reg/C
  -------------------------------------------------------------------    -------------------
    SLICE_X1Y59          FDRE (Prop_fdre_C_Q)         0.379    -1.424 r  u_soc_top/u_axi_sram_direct/ram_write_active_r_reg/Q
                         net (fo=2, routed)           0.343    -1.081    u_soc_top/u_axi_sram_direct/ram_write_active_r_reg_n_0
    SLICE_X2Y59          LUT2 (Prop_lut2_I0_O)        0.105    -0.976 f  u_soc_top/u_axi_sram_direct/base_ram_data_IOBUF[31]_inst_i_2/O
                         net (fo=32, routed)          2.811     1.835    base_ram_data_IOBUF[0]_inst/T
    L24                  OBUFT (TriStatE_obuft_T_O)
                                                      3.322     5.157 r  base_ram_data_IOBUF[0]_inst/OBUFT/O
                         net (fo=1, unset)            0.000     5.157    base_ram_data[0]
    L24                                                               r  base_ram_data[0] (INOUT)
  -------------------------------------------------------------------    -------------------

                         (clock cpu_clk rise edge)   10.000    10.000 r  
    K21                                               0.000    10.000 r  clk_50M (IN)
                         net (fo=0)                   0.000    10.000    u_soc_top/pll_clk.u_clk_pll/inst/clk_in1
    K21                  IBUF (Prop_ibuf_I_O)         1.328    11.328 r  u_soc_top/pll_clk.u_clk_pll/inst/clkin1_ibufg/O
                         net (fo=1, routed)           1.019    12.347    u_soc_top/pll_clk.u_clk_pll/inst/clk_in1_clk_pll
    PLLE2_ADV_X0Y3       PLLE2_ADV (Prop_plle2_adv_CLKIN1_CLKOUT0)
                                                     -6.890     5.457 r  u_soc_top/pll_clk.u_clk_pll/inst/plle2_adv_inst/CLKOUT0
                         clock pessimism             -0.612     4.845    
                         clock uncertainty           -0.094     4.751    
                         output delay                -0.300     4.451    
  -------------------------------------------------------------------
                         required time                          4.451    
                         arrival time                          -5.157    
  -------------------------------------------------------------------
                         slack                                 -0.706    

Slack (VIOLATED) :        -0.706ns  (required time - arrival time)
  Source:                 u_soc_top/u_axi_sram_direct/ram_write_active_r_reg/C
                            (rising edge-triggered cell FDRE clocked by cpu_clk  {rise@0.000ns fall@5.000ns period=10.000ns})
  Destination:            base_ram_data[0]
                            (output port clocked by cpu_clk  {rise@0.000ns fall@5.000ns period=10.000ns})
  Path Group:             cpu_clk
  Path Type:              Max at Slow Process Corner
  Requirement:            10.000ns  (cpu_clk rise@10.000ns - cpu_clk rise@0.000ns)
  Data Path Delay:        6.960ns  (logic 3.806ns (54.683%)  route 3.154ns (45.317%))
  Logic Levels:           2  (LUT2=1 OBUFT=1)
  Output Delay:           0.300ns
  Clock Path Skew:        -3.352ns (DCD - SCD + CPR)
    Destination Clock Delay (DCD):    -4.543ns = ( 5.457 - 10.000 ) 
    Source Clock Delay      (SCD):    -1.803ns
    Clock Pessimism Removal (CPR):    -0.612ns
  Clock Uncertainty:      0.094ns  ((TSJ^2 + DJ^2)^1/2) / 2 + PE
    Total System Jitter     (TSJ):    0.071ns
    Discrete Jitter          (DJ):    0.175ns
    Phase Error              (PE):    0.000ns

    Location             Delay type                Incr(ns)  Path(ns)    Netlist Resource(s)
  -------------------------------------------------------------------    -------------------
                         (clock cpu_clk rise edge)    0.000     0.000 r  
    K21                                               0.000     0.000 r  clk_50M (IN)
                         net (fo=0)                   0.000     0.000    u_soc_top/pll_clk.u_clk_pll/inst/clk_in1
    K21                  IBUF (Prop_ibuf_I_O)         1.394     1.394 r  u_soc_top/pll_clk.u_clk_pll/inst/clkin1_ibufg/O
                         net (fo=1, routed)           1.080     2.474    u_soc_top/pll_clk.u_clk_pll/inst/clk_in1_clk_pll
    PLLE2_ADV_X0Y3       PLLE2_ADV (Prop_plle2_adv_CLKIN1_CLKOUT0)
                                                     -7.629    -5.155 r  u_soc_top/pll_clk.u_clk_pll/inst/plle2_adv_inst/CLKOUT0
                         net (fo=1, routed)           1.557    -3.598    u_soc_top/pll_clk.u_clk_pll/inst/cpu_clk_clk_pll
    BUFGCTRL_X0Y16       BUFG (Prop_bufg_I_O)         0.081    -3.517 r  u_soc_top/pll_clk.u_clk_pll/inst/clkout1_buf/O
                         net (fo=5293, routed)        1.714    -1.803    u_soc_top/u_axi_sram_direct/cpu_clk
    SLICE_X1Y59          FDRE                                         r  u_soc_top/u_axi_sram_direct/ram_write_active_r_reg/C
  -------------------------------------------------------------------    -------------------
    SLICE_X1Y59          FDRE (Prop_fdre_C_Q)         0.379    -1.424 r  u_soc_top/u_axi_sram_direct/ram_write_active_r_reg/Q
                         net (fo=2, routed)           0.343    -1.081    u_soc_top/u_axi_sram_direct/ram_write_active_r_reg_n_0
    SLICE_X2Y59          LUT2 (Prop_lut2_I0_O)        0.105    -0.976 f  u_soc_top/u_axi_sram_direct/base_ram_data_IOBUF[31]_inst_i_2/O
                         net (fo=32, routed)          2.811     1.835    base_ram_data_IOBUF[0]_inst/T
    L24                  OBUFT (TriStatE_obuft_T_O)
                                                      3.322     5.157 f  base_ram_data_IOBUF[0]_inst/OBUFT/O
                         net (fo=1, unset)            0.000     5.157    base_ram_data[0]
    L24                                                               f  base_ram_data[0] (INOUT)
  -------------------------------------------------------------------    -------------------

                         (clock cpu_clk rise edge)   10.000    10.000 r  
    K21                                               0.000    10.000 r  clk_50M (IN)
                         net (fo=0)                   0.000    10.000    u_soc_top/pll_clk.u_clk_pll/inst/clk_in1
    K21                  IBUF (Prop_ibuf_I_O)         1.328    11.328 r  u_soc_top/pll_clk.u_clk_pll/inst/clkin1_ibufg/O
                         net (fo=1, routed)           1.019    12.347    u_soc_top/pll_clk.u_clk_pll/inst/clk_in1_clk_pll
    PLLE2_ADV_X0Y3       PLLE2_ADV (Prop_plle2_adv_CLKIN1_CLKOUT0)
                                                     -6.890     5.457 r  u_soc_top/pll_clk.u_clk_pll/inst/plle2_adv_inst/CLKOUT0
                         clock pessimism             -0.612     4.845    
                         clock uncertainty           -0.094     4.751    
                         output delay                -0.300     4.451    
  -------------------------------------------------------------------
                         required time                          4.451    
                         arrival time                          -5.157    
  -------------------------------------------------------------------
                         slack                                 -0.706    

Slack (VIOLATED) :        -0.679ns  (required time - arrival time)
  Source:                 u_soc_top/u_axi_sram_direct/ram_write_active_r_reg/C
                            (rising edge-triggered cell FDRE clocked by cpu_clk  {rise@0.000ns fall@5.000ns period=10.000ns})
  Destination:            base_ram_data[30]
                            (output port clocked by cpu_clk  {rise@0.000ns fall@5.000ns period=10.000ns})
  Path Group:             cpu_clk
  Path Type:              Max at Slow Process Corner
  Requirement:            10.000ns  (cpu_clk rise@10.000ns - cpu_clk rise@0.000ns)
  Data Path Delay:        6.932ns  (logic 3.805ns (54.894%)  route 3.127ns (45.106%))
  Logic Levels:           2  (LUT2=1 OBUFT=1)
  Output Delay:           0.300ns
  Clock Path Skew:        -3.352ns (DCD - SCD + CPR)
    Destination Clock Delay (DCD):    -4.543ns = ( 5.457 - 10.000 ) 
    Source Clock Delay      (SCD):    -1.803ns
    Clock Pessimism Removal (CPR):    -0.612ns
  Clock Uncertainty:      0.094ns  ((TSJ^2 + DJ^2)^1/2) / 2 + PE
    Total System Jitter     (TSJ):    0.071ns
    Discrete Jitter          (DJ):    0.175ns
    Phase Error              (PE):    0.000ns

    Location             Delay type                Incr(ns)  Path(ns)    Netlist Resource(s)
  -------------------------------------------------------------------    -------------------
                         (clock cpu_clk rise edge)    0.000     0.000 r  
    K21                                               0.000     0.000 r  clk_50M (IN)
                         net (fo=0)                   0.000     0.000    u_soc_top/pll_clk.u_clk_pll/inst/clk_in1
    K21                  IBUF (Prop_ibuf_I_O)         1.394     1.394 r  u_soc_top/pll_clk.u_clk_pll/inst/clkin1_ibufg/O
                         net (fo=1, routed)           1.080     2.474    u_soc_top/pll_clk.u_clk_pll/inst/clk_in1_clk_pll
    PLLE2_ADV_X0Y3       PLLE2_ADV (Prop_plle2_adv_CLKIN1_CLKOUT0)
                                                     -7.629    -5.155 r  u_soc_top/pll_clk.u_clk_pll/inst/plle2_adv_inst/CLKOUT0
                         net (fo=1, routed)           1.557    -3.598    u_soc_top/pll_clk.u_clk_pll/inst/cpu_clk_clk_pll
    BUFGCTRL_X0Y16       BUFG (Prop_bufg_I_O)         0.081    -3.517 r  u_soc_top/pll_clk.u_clk_pll/inst/clkout1_buf/O
                         net (fo=5293, routed)        1.714    -1.803    u_soc_top/u_axi_sram_direct/cpu_clk
    SLICE_X1Y59          FDRE                                         r  u_soc_top/u_axi_sram_direct/ram_write_active_r_reg/C
  -------------------------------------------------------------------    -------------------
    SLICE_X1Y59          FDRE (Prop_fdre_C_Q)         0.379    -1.424 r  u_soc_top/u_axi_sram_direct/ram_write_active_r_reg/Q
                         net (fo=2, routed)           0.343    -1.081    u_soc_top/u_axi_sram_direct/ram_write_active_r_reg_n_0
    SLICE_X2Y59          LUT2 (Prop_lut2_I0_O)        0.105    -0.976 f  u_soc_top/u_axi_sram_direct/base_ram_data_IOBUF[31]_inst_i_2/O
                         net (fo=32, routed)          2.784     1.808    base_ram_data_IOBUF[30]_inst/T
    M24                  OBUFT (TriStatE_obuft_T_O)
                                                      3.321     5.129 r  base_ram_data_IOBUF[30]_inst/OBUFT/O
                         net (fo=1, unset)            0.000     5.129    base_ram_data[30]
    M24                                                               r  base_ram_data[30] (INOUT)
  -------------------------------------------------------------------    -------------------

                         (clock cpu_clk rise edge)   10.000    10.000 r  
    K21                                               0.000    10.000 r  clk_50M (IN)
                         net (fo=0)                   0.000    10.000    u_soc_top/pll_clk.u_clk_pll/inst/clk_in1
    K21                  IBUF (Prop_ibuf_I_O)         1.328    11.328 r  u_soc_top/pll_clk.u_clk_pll/inst/clkin1_ibufg/O
                         net (fo=1, routed)           1.019    12.347    u_soc_top/pll_clk.u_clk_pll/inst/clk_in1_clk_pll
    PLLE2_ADV_X0Y3       PLLE2_ADV (Prop_plle2_adv_CLKIN1_CLKOUT0)
                                                     -6.890     5.457 r  u_soc_top/pll_clk.u_clk_pll/inst/plle2_adv_inst/CLKOUT0
                         clock pessimism             -0.612     4.845    
                         clock uncertainty           -0.094     4.751    
                         output delay                -0.300     4.451    
  -------------------------------------------------------------------
                         required time                          4.451    
                         arrival time                          -5.129    
  -------------------------------------------------------------------
                         slack                                 -0.679    

Slack (VIOLATED) :        -0.679ns  (required time - arrival time)
  Source:                 u_soc_top/u_axi_sram_direct/ram_write_active_r_reg/C
                            (rising edge-triggered cell FDRE clocked by cpu_clk  {rise@0.000ns fall@5.000ns period=10.000ns})
  Destination:            base_ram_data[30]
                            (output port clocked by cpu_clk  {rise@0.000ns fall@5.000ns period=10.000ns})
  Path Group:             cpu_clk
  Path Type:              Max at Slow Process Corner
  Requirement:            10.000ns  (cpu_clk rise@10.000ns - cpu_clk rise@0.000ns)
  Data Path Delay:        6.932ns  (logic 3.805ns (54.894%)  route 3.127ns (45.106%))
  Logic Levels:           2  (LUT2=1 OBUFT=1)
  Output Delay:           0.300ns
  Clock Path Skew:        -3.352ns (DCD - SCD + CPR)
    Destination Clock Delay (DCD):    -4.543ns = ( 5.457 - 10.000 ) 
    Source Clock Delay      (SCD):    -1.803ns
    Clock Pessimism Removal (CPR):    -0.612ns
  Clock Uncertainty:      0.094ns  ((TSJ^2 + DJ^2)^1/2) / 2 + PE
    Total System Jitter     (TSJ):    0.071ns
    Discrete Jitter          (DJ):    0.175ns
    Phase Error              (PE):    0.000ns

    Location             Delay type                Incr(ns)  Path(ns)    Netlist Resource(s)
  -------------------------------------------------------------------    -------------------
                         (clock cpu_clk rise edge)    0.000     0.000 r  
    K21                                               0.000     0.000 r  clk_50M (IN)
                         net (fo=0)                   0.000     0.000    u_soc_top/pll_clk.u_clk_pll/inst/clk_in1
    K21                  IBUF (Prop_ibuf_I_O)         1.394     1.394 r  u_soc_top/pll_clk.u_clk_pll/inst/clkin1_ibufg/O
                         net (fo=1, routed)           1.080     2.474    u_soc_top/pll_clk.u_clk_pll/inst/clk_in1_clk_pll
    PLLE2_ADV_X0Y3       PLLE2_ADV (Prop_plle2_adv_CLKIN1_CLKOUT0)
                                                     -7.629    -5.155 r  u_soc_top/pll_clk.u_clk_pll/inst/plle2_adv_inst/CLKOUT0
                         net (fo=1, routed)           1.557    -3.598    u_soc_top/pll_clk.u_clk_pll/inst/cpu_clk_clk_pll
    BUFGCTRL_X0Y16       BUFG (Prop_bufg_I_O)         0.081    -3.517 r  u_soc_top/pll_clk.u_clk_pll/inst/clkout1_buf/O
                         net (fo=5293, routed)        1.714    -1.803    u_soc_top/u_axi_sram_direct/cpu_clk
    SLICE_X1Y59          FDRE                                         r  u_soc_top/u_axi_sram_direct/ram_write_active_r_reg/C
  -------------------------------------------------------------------    -------------------
    SLICE_X1Y59          FDRE (Prop_fdre_C_Q)         0.379    -1.424 r  u_soc_top/u_axi_sram_direct/ram_write_active_r_reg/Q
                         net (fo=2, routed)           0.343    -1.081    u_soc_top/u_axi_sram_direct/ram_write_active_r_reg_n_0
    SLICE_X2Y59          LUT2 (Prop_lut2_I0_O)        0.105    -0.976 f  u_soc_top/u_axi_sram_direct/base_ram_data_IOBUF[31]_inst_i_2/O
                         net (fo=32, routed)          2.784     1.808    base_ram_data_IOBUF[30]_inst/T
    M24                  OBUFT (TriStatE_obuft_T_O)
                                                      3.321     5.129 f  base_ram_data_IOBUF[30]_inst/OBUFT/O
                         net (fo=1, unset)            0.000     5.129    base_ram_data[30]
    M24                                                               f  base_ram_data[30] (INOUT)
  -------------------------------------------------------------------    -------------------

                         (clock cpu_clk rise edge)   10.000    10.000 r  
    K21                                               0.000    10.000 r  clk_50M (IN)
                         net (fo=0)                   0.000    10.000    u_soc_top/pll_clk.u_clk_pll/inst/clk_in1
    K21                  IBUF (Prop_ibuf_I_O)         1.328    11.328 r  u_soc_top/pll_clk.u_clk_pll/inst/clkin1_ibufg/O
                         net (fo=1, routed)           1.019    12.347    u_soc_top/pll_clk.u_clk_pll/inst/clk_in1_clk_pll
    PLLE2_ADV_X0Y3       PLLE2_ADV (Prop_plle2_adv_CLKIN1_CLKOUT0)
                                                     -6.890     5.457 r  u_soc_top/pll_clk.u_clk_pll/inst/plle2_adv_inst/CLKOUT0
                         clock pessimism             -0.612     4.845    
                         clock uncertainty           -0.094     4.751    
                         output delay                -0.300     4.451    
  -------------------------------------------------------------------
                         required time                          4.451    
                         arrival time                          -5.129    
  -------------------------------------------------------------------
                         slack                                 -0.679    

Slack (VIOLATED) :        -0.656ns  (required time - arrival time)
  Source:                 u_soc_top/u_axi_sram_direct/bank_out_r_reg/C
                            (rising edge-triggered cell FDRE clocked by cpu_clk  {rise@0.000ns fall@5.000ns period=10.000ns})
  Destination:            base_ram_data[31]
                            (output port clocked by cpu_clk  {rise@0.000ns fall@5.000ns period=10.000ns})
  Path Group:             cpu_clk
  Path Type:              Max at Slow Process Corner
  Requirement:            10.000ns  (cpu_clk rise@10.000ns - cpu_clk rise@0.000ns)
  Data Path Delay:        6.910ns  (logic 3.792ns (54.878%)  route 3.118ns (45.122%))
  Logic Levels:           2  (LUT2=1 OBUFT=1)
  Output Delay:           0.300ns
  Clock Path Skew:        -3.351ns (DCD - SCD + CPR)
    Destination Clock Delay (DCD):    -4.543ns = ( 5.457 - 10.000 ) 
    Source Clock Delay      (SCD):    -1.804ns
    Clock Pessimism Removal (CPR):    -0.612ns
  Clock Uncertainty:      0.094ns  ((TSJ^2 + DJ^2)^1/2) / 2 + PE
    Total System Jitter     (TSJ):    0.071ns
    Discrete Jitter          (DJ):    0.175ns
    Phase Error              (PE):    0.000ns

    Location             Delay type                Incr(ns)  Path(ns)    Netlist Resource(s)
  -------------------------------------------------------------------    -------------------
                         (clock cpu_clk rise edge)    0.000     0.000 r  
    K21                                               0.000     0.000 r  clk_50M (IN)
                         net (fo=0)                   0.000     0.000    u_soc_top/pll_clk.u_clk_pll/inst/clk_in1
    K21                  IBUF (Prop_ibuf_I_O)         1.394     1.394 r  u_soc_top/pll_clk.u_clk_pll/inst/clkin1_ibufg/O
                         net (fo=1, routed)           1.080     2.474    u_soc_top/pll_clk.u_clk_pll/inst/clk_in1_clk_pll
    PLLE2_ADV_X0Y3       PLLE2_ADV (Prop_plle2_adv_CLKIN1_CLKOUT0)
                                                     -7.629    -5.155 r  u_soc_top/pll_clk.u_clk_pll/inst/plle2_adv_inst/CLKOUT0
                         net (fo=1, routed)           1.557    -3.598    u_soc_top/pll_clk.u_clk_pll/inst/cpu_clk_clk_pll
    BUFGCTRL_X0Y16       BUFG (Prop_bufg_I_O)         0.081    -3.517 r  u_soc_top/pll_clk.u_clk_pll/inst/clkout1_buf/O
                         net (fo=5293, routed)        1.713    -1.804    u_soc_top/u_axi_sram_direct/cpu_clk
    SLICE_X1Y60          FDRE                                         r  u_soc_top/u_axi_sram_direct/bank_out_r_reg/C
  -------------------------------------------------------------------    -------------------
    SLICE_X1Y60          FDRE (Prop_fdre_C_Q)         0.379    -1.425 f  u_soc_top/u_axi_sram_direct/bank_out_r_reg/Q
                         net (fo=4, routed)           0.266    -1.159    u_soc_top/u_axi_sram_direct/bank_out_r
    SLICE_X2Y59          LUT2 (Prop_lut2_I1_O)        0.105    -1.054 f  u_soc_top/u_axi_sram_direct/base_ram_data_IOBUF[31]_inst_i_2/O
                         net (fo=32, routed)          2.852     1.798    base_ram_data_IOBUF[31]_inst/T
    M22                  OBUFT (TriStatE_obuft_T_O)
                                                      3.308     5.106 r  base_ram_data_IOBUF[31]_inst/OBUFT/O
                         net (fo=1, unset)            0.000     5.106    base_ram_data[31]
    M22                                                               r  base_ram_data[31] (INOUT)
  -------------------------------------------------------------------    -------------------

                         (clock cpu_clk rise edge)   10.000    10.000 r  
    K21                                               0.000    10.000 r  clk_50M (IN)
                         net (fo=0)                   0.000    10.000    u_soc_top/pll_clk.u_clk_pll/inst/clk_in1
    K21                  IBUF (Prop_ibuf_I_O)         1.328    11.328 r  u_soc_top/pll_clk.u_clk_pll/inst/clkin1_ibufg/O
                         net (fo=1, routed)           1.019    12.347    u_soc_top/pll_clk.u_clk_pll/inst/clk_in1_clk_pll
    PLLE2_ADV_X0Y3       PLLE2_ADV (Prop_plle2_adv_CLKIN1_CLKOUT0)
                                                     -6.890     5.457 r  u_soc_top/pll_clk.u_clk_pll/inst/plle2_adv_inst/CLKOUT0
                         clock pessimism             -0.612     4.845    
                         clock uncertainty           -0.094     4.751    
                         output delay                -0.300     4.451    
  -------------------------------------------------------------------
                         required time                          4.451    
                         arrival time                          -5.106    
  -------------------------------------------------------------------
                         slack                                 -0.656    

Slack (VIOLATED) :        -0.656ns  (required time - arrival time)
  Source:                 u_soc_top/u_axi_sram_direct/bank_out_r_reg/C
                            (rising edge-triggered cell FDRE clocked by cpu_clk  {rise@0.000ns fall@5.000ns period=10.000ns})
  Destination:            base_ram_data[31]
                            (output port clocked by cpu_clk  {rise@0.000ns fall@5.000ns period=10.000ns})
  Path Group:             cpu_clk
  Path Type:              Max at Slow Process Corner
  Requirement:            10.000ns  (cpu_clk rise@10.000ns - cpu_clk rise@0.000ns)
  Data Path Delay:        6.910ns  (logic 3.792ns (54.878%)  route 3.118ns (45.122%))
  Logic Levels:           2  (LUT2=1 OBUFT=1)
  Output Delay:           0.300ns
  Clock Path Skew:        -3.351ns (DCD - SCD + CPR)
    Destination Clock Delay (DCD):    -4.543ns = ( 5.457 - 10.000 ) 
    Source Clock Delay      (SCD):    -1.804ns
    Clock Pessimism Removal (CPR):    -0.612ns
  Clock Uncertainty:      0.094ns  ((TSJ^2 + DJ^2)^1/2) / 2 + PE
    Total System Jitter     (TSJ):    0.071ns
    Discrete Jitter          (DJ):    0.175ns
    Phase Error              (PE):    0.000ns

    Location             Delay type                Incr(ns)  Path(ns)    Netlist Resource(s)
  -------------------------------------------------------------------    -------------------
                         (clock cpu_clk rise edge)    0.000     0.000 r  
    K21                                               0.000     0.000 r  clk_50M (IN)
                         net (fo=0)                   0.000     0.000    u_soc_top/pll_clk.u_clk_pll/inst/clk_in1
    K21                  IBUF (Prop_ibuf_I_O)         1.394     1.394 r  u_soc_top/pll_clk.u_clk_pll/inst/clkin1_ibufg/O
                         net (fo=1, routed)           1.080     2.474    u_soc_top/pll_clk.u_clk_pll/inst/clk_in1_clk_pll
    PLLE2_ADV_X0Y3       PLLE2_ADV (Prop_plle2_adv_CLKIN1_CLKOUT0)
                                                     -7.629    -5.155 r  u_soc_top/pll_clk.u_clk_pll/inst/plle2_adv_inst/CLKOUT0
                         net (fo=1, routed)           1.557    -3.598    u_soc_top/pll_clk.u_clk_pll/inst/cpu_clk_clk_pll
    BUFGCTRL_X0Y16       BUFG (Prop_bufg_I_O)         0.081    -3.517 r  u_soc_top/pll_clk.u_clk_pll/inst/clkout1_buf/O
                         net (fo=5293, routed)        1.713    -1.804    u_soc_top/u_axi_sram_direct/cpu_clk
    SLICE_X1Y60          FDRE                                         r  u_soc_top/u_axi_sram_direct/bank_out_r_reg/C
  -------------------------------------------------------------------    -------------------
    SLICE_X1Y60          FDRE (Prop_fdre_C_Q)         0.379    -1.425 f  u_soc_top/u_axi_sram_direct/bank_out_r_reg/Q
                         net (fo=4, routed)           0.266    -1.159    u_soc_top/u_axi_sram_direct/bank_out_r
    SLICE_X2Y59          LUT2 (Prop_lut2_I1_O)        0.105    -1.054 f  u_soc_top/u_axi_sram_direct/base_ram_data_IOBUF[31]_inst_i_2/O
                         net (fo=32, routed)          2.852     1.798    base_ram_data_IOBUF[31]_inst/T
    M22                  OBUFT (TriStatE_obuft_T_O)
                                                      3.308     5.106 f  base_ram_data_IOBUF[31]_inst/OBUFT/O
                         net (fo=1, unset)            0.000     5.106    base_ram_data[31]
    M22                                                               f  base_ram_data[31] (INOUT)
  -------------------------------------------------------------------    -------------------

                         (clock cpu_clk rise edge)   10.000    10.000 r  
    K21                                               0.000    10.000 r  clk_50M (IN)
                         net (fo=0)                   0.000    10.000    u_soc_top/pll_clk.u_clk_pll/inst/clk_in1
    K21                  IBUF (Prop_ibuf_I_O)         1.328    11.328 r  u_soc_top/pll_clk.u_clk_pll/inst/clkin1_ibufg/O
                         net (fo=1, routed)           1.019    12.347    u_soc_top/pll_clk.u_clk_pll/inst/clk_in1_clk_pll
    PLLE2_ADV_X0Y3       PLLE2_ADV (Prop_plle2_adv_CLKIN1_CLKOUT0)
                                                     -6.890     5.457 r  u_soc_top/pll_clk.u_clk_pll/inst/plle2_adv_inst/CLKOUT0
                         clock pessimism             -0.612     4.845    
                         clock uncertainty           -0.094     4.751    
                         output delay                -0.300     4.451    
  -------------------------------------------------------------------
                         required time                          4.451    
                         arrival time                          -5.106    
  -------------------------------------------------------------------
                         slack                                 -0.656    




