Copyright 1986-2019 Xilinx, Inc. All Rights Reserved.
----------------------------------------------------------------------------------------------------------
| Tool Version : Vivado v.2019.2 (lin64) Build 2708876 Wed Nov  6 21:39:14 MST 2019
| Date         : Tue Aug  4 07:35:55 2026
| Host         : b86e0fcecc47 running 64-bit Ubuntu 18.04.6 LTS
| Command      : report_utilization -hierarchical -file /workspace/run_vivado/project/synth_util_hier.rpt
| Design       : thinpad_top
| Device       : 7a200tfbg676-2
| Design State : Synthesized
----------------------------------------------------------------------------------------------------------

Utilization Design Information

Table of Contents
-----------------
1. Utilization by Hierarchy

1. Utilization by Hierarchy
---------------------------

+--------------------------------------+---------------------------------+------------+------------+---------+------+------+--------+--------+--------------+
|               Instance               |              Module             | Total LUTs | Logic LUTs | LUTRAMs | SRLs |  FFs | RAMB36 | RAMB18 | DSP48 Blocks |
+--------------------------------------+---------------------------------+------------+------------+---------+------+------+--------+--------+--------------+
| thinpad_top                          |                           (top) |       9883 |       8579 |    1304 |    0 | 4924 |      0 |      0 |            3 |
|   (thinpad_top)                      |                           (top) |       1144 |          0 |    1144 |    0 |    0 |      0 |      0 |            0 |
|   u_soc_top                          |                         soc_top |       8739 |       8579 |     160 |    0 | 4924 |      0 |      0 |            3 |
|     (u_soc_top)                      |                         soc_top |         46 |         46 |       0 |    0 |    0 |      0 |      0 |            0 |
|     pll_clk.u_clk_pll                |                         clk_pll |          1 |          1 |       0 |    0 |    0 |      0 |      0 |            0 |
|       inst                           |         clk_pll_clk_pll_clk_wiz |          1 |          1 |       0 |    0 |    0 |      0 |      0 |            0 |
|     pll_clk.u_rst_cpu                |                        rst_sync |          1 |          1 |       0 |    0 |    2 |      0 |      0 |            0 |
|     pll_clk.u_rst_sys                |                      rst_sync_0 |          1 |          1 |       0 |    0 |    2 |      0 |      0 |            0 |
|     u_AxiCrossbar_2x8                |                 AxiCrossbar_2x8 |        148 |        148 |       0 |    0 |  103 |      0 |      0 |            0 |
|       (u_AxiCrossbar_2x8)            |                 AxiCrossbar_2x8 |          3 |          3 |       0 |    0 |   16 |      0 |      0 |            0 |
|       axi4ReadOnlyArbiter_4          |             Axi4ReadOnlyArbiter |          4 |          4 |       0 |    0 |    2 |      0 |      0 |            0 |
|         cmdArbiter                   |              StreamArbiter_7_29 |          4 |          4 |       0 |    0 |    2 |      0 |      0 |            0 |
|       axi4ReadOnlyArbiter_5          |          Axi4ReadOnlyArbiter_14 |          2 |          2 |       0 |    0 |    2 |      0 |      0 |            0 |
|         cmdArbiter                   |              StreamArbiter_7_28 |          2 |          2 |       0 |    0 |    2 |      0 |      0 |            0 |
|       axi4ReadOnlyArbiter_6          |          Axi4ReadOnlyArbiter_15 |          3 |          3 |       0 |    0 |    2 |      0 |      0 |            0 |
|         cmdArbiter                   |              StreamArbiter_7_27 |          3 |          3 |       0 |    0 |    2 |      0 |      0 |            0 |
|       axi4ReadOnlyArbiter_7          |          Axi4ReadOnlyArbiter_16 |          1 |          1 |       0 |    0 |    2 |      0 |      0 |            0 |
|         cmdArbiter                   |              StreamArbiter_7_26 |          1 |          1 |       0 |    0 |    2 |      0 |      0 |            0 |
|       axi4WriteOnlyArbiter_4         |            Axi4WriteOnlyArbiter |         14 |         14 |       0 |    0 |    9 |      0 |      0 |            0 |
|         cmdArbiter                   |              StreamArbiter_7_23 |         10 |         10 |       0 |    0 |    3 |      0 |      0 |            0 |
|         cmdRouteFork_translated_fifo |       StreamFifoLowLatency_3_24 |          4 |          4 |       0 |    0 |    6 |      0 |      0 |            0 |
|           fifo                       |                 StreamFifo_3_25 |          4 |          4 |       0 |    0 |    6 |      0 |      0 |            0 |
|       axi4WriteOnlyArbiter_5         |          Axi4WriteOnlyArbiter_1 |         15 |         15 |       0 |    0 |    9 |      0 |      0 |            0 |
|         cmdArbiter                   |              StreamArbiter_7_20 |         11 |         11 |       0 |    0 |    3 |      0 |      0 |            0 |
|         cmdRouteFork_translated_fifo |       StreamFifoLowLatency_3_21 |          4 |          4 |       0 |    0 |    6 |      0 |      0 |            0 |
|           fifo                       |                 StreamFifo_3_22 |          4 |          4 |       0 |    0 |    6 |      0 |      0 |            0 |
|       axi4WriteOnlyArbiter_6         |          Axi4WriteOnlyArbiter_2 |         16 |         16 |       0 |    0 |    9 |      0 |      0 |            0 |
|         cmdArbiter                   |              StreamArbiter_7_17 |         12 |         12 |       0 |    0 |    3 |      0 |      0 |            0 |
|         cmdRouteFork_translated_fifo |       StreamFifoLowLatency_3_18 |          4 |          4 |       0 |    0 |    6 |      0 |      0 |            0 |
|           fifo                       |                 StreamFifo_3_19 |          4 |          4 |       0 |    0 |    6 |      0 |      0 |            0 |
|       axi4WriteOnlyArbiter_7         |          Axi4WriteOnlyArbiter_3 |         14 |         14 |       0 |    0 |    9 |      0 |      0 |            0 |
|         cmdArbiter                   |                 StreamArbiter_7 |         10 |         10 |       0 |    0 |    3 |      0 |      0 |            0 |
|         cmdRouteFork_translated_fifo |          StreamFifoLowLatency_3 |          4 |          4 |       0 |    0 |    6 |      0 |      0 |            0 |
|           fifo                       |                    StreamFifo_3 |          4 |          4 |       0 |    0 |    6 |      0 |      0 |            0 |
|       axiIn_0_readOnly_decoder       |             Axi4ReadOnlyDecoder |         58 |         58 |       0 |    0 |   25 |      0 |      0 |            0 |
|         (axiIn_0_readOnly_decoder)   |             Axi4ReadOnlyDecoder |         35 |         35 |       0 |    0 |   12 |      0 |      0 |            0 |
|         errorSlave                   |        Axi4ReadOnlyErrorSlave_1 |         23 |         23 |       0 |    0 |   13 |      0 |      0 |            0 |
|       axiIn_0_writeOnly_decoder      |            Axi4WriteOnlyDecoder |         18 |         18 |       0 |    0 |   18 |      0 |      0 |            0 |
|         (axiIn_0_writeOnly_decoder)  |            Axi4WriteOnlyDecoder |          7 |          7 |       0 |    0 |   16 |      0 |      0 |            0 |
|         errorSlave                   |       Axi4WriteOnlyErrorSlave_1 |         11 |         11 |       0 |    0 |    2 |      0 |      0 |            0 |
|     u_Axi_CDC                        |                         Axi_CDC |        274 |        162 |     112 |    0 |  293 |      0 |      0 |            0 |
|       arFifo                         |                  StreamFifoCC_3 |         59 |         27 |      32 |    0 |   71 |      0 |      0 |            0 |
|         (arFifo)                     |                  StreamFifoCC_3 |         54 |         22 |      32 |    0 |   59 |      0 |      0 |            0 |
|         popToPushGray_buffercc       |                   BufferCC_9_12 |          1 |          1 |       0 |    0 |    6 |      0 |      0 |            0 |
|         pushToPopGray_buffercc       |                  BufferCC_11_13 |          4 |          4 |       0 |    0 |    6 |      0 |      0 |            0 |
|       awFifo                         |                    StreamFifoCC |         81 |         57 |      24 |    0 |   62 |      0 |      0 |            0 |
|         (awFifo)                     |                    StreamFifoCC |         75 |         51 |      24 |    0 |   48 |      0 |      0 |            0 |
|         bufferCC_12                  |                     BufferCC_10 |          0 |          0 |       0 |    0 |    2 |      0 |      0 |            0 |
|         popToPushGray_buffercc       |                      BufferCC_9 |          1 |          1 |       0 |    0 |    6 |      0 |      0 |            0 |
|         pushToPopGray_buffercc       |                     BufferCC_11 |          5 |          5 |       0 |    0 |    6 |      0 |      0 |            0 |
|       bFifo                          |                  StreamFifoCC_2 |         14 |         14 |       0 |    0 |   26 |      0 |      0 |            0 |
|         (bFifo)                      |                  StreamFifoCC_2 |          9 |          9 |       0 |    0 |   12 |      0 |      0 |            0 |
|         bufferCC_12                  |                      BufferCC_5 |          0 |          0 |       0 |    0 |    2 |      0 |      0 |            0 |
|         popToPushGray_buffercc       |                      BufferCC_4 |          1 |          1 |       0 |    0 |    6 |      0 |      0 |            0 |
|         pushToPopGray_buffercc       |                      BufferCC_6 |          4 |          4 |       0 |    0 |    6 |      0 |      0 |            0 |
|       rFifo                          |                  StreamFifoCC_4 |         43 |         15 |      28 |    0 |   65 |      0 |      0 |            0 |
|         (rFifo)                      |                  StreamFifoCC_4 |         38 |         10 |      28 |    0 |   49 |      0 |      0 |            0 |
|         popToPushGray_buffercc       |                        BufferCC |          3 |          3 |       0 |    0 |    8 |      0 |      0 |            0 |
|         pushToPopGray_buffercc       |                      BufferCC_1 |          2 |          2 |       0 |    0 |    8 |      0 |      0 |            0 |
|       wFifo                          |                  StreamFifoCC_1 |         77 |         49 |      28 |    0 |   69 |      0 |      0 |            0 |
|         (wFifo)                      |                  StreamFifoCC_1 |         73 |         45 |      28 |    0 |   53 |      0 |      0 |            0 |
|         popToPushGray_buffercc       |                      BufferCC_7 |          2 |          2 |       0 |    0 |    8 |      0 |      0 |            0 |
|         pushToPopGray_buffercc       |                      BufferCC_8 |          2 |          2 |       0 |    0 |    8 |      0 |      0 |            0 |
|     u_axi_sram_direct                |                 axi_sram_direct |       1205 |       1205 |       0 |    0 |  608 |      0 |      0 |            0 |
|     u_axi_uart_controller            |             axi_uart_controller |        656 |        640 |      16 |    0 |  456 |      0 |      0 |            0 |
|       AA_axi2apb_bridge_cpu          |                  axi2apb_bridge |        241 |        241 |       0 |    0 |  120 |      0 |      0 |            0 |
|       uart0                          |                        UART_TOP |        415 |        399 |      16 |    0 |  336 |      0 |      0 |            0 |
|         regs                         |                       uart_regs |        415 |        399 |      16 |    0 |  336 |      0 |      0 |            0 |
|           (regs)                     |                       uart_regs |        110 |        110 |       0 |    0 |  154 |      0 |      0 |            0 |
|           i_uart_sync_flops          |                 uart_sync_flops |          3 |          3 |       0 |    0 |    2 |      0 |      0 |            0 |
|           receiver                   |                   uart_receiver |        221 |        213 |       8 |    0 |  124 |      0 |      0 |            0 |
|             (receiver)               |                   uart_receiver |         57 |         57 |       0 |    0 |   54 |      0 |      0 |            0 |
|             fifo_rx                  |                      uart_rfifo |        164 |        156 |       8 |    0 |   70 |      0 |      0 |            0 |
|               (fifo_rx)              |                      uart_rfifo |        143 |        143 |       0 |    0 |   62 |      0 |      0 |            0 |
|               rfifo                  |                      raminfr_11 |         21 |         13 |       8 |    0 |    8 |      0 |      0 |            0 |
|           transmitter                |                uart_transmitter |         81 |         73 |       8 |    0 |   56 |      0 |      0 |            0 |
|             (transmitter)            |                uart_transmitter |         44 |         44 |       0 |    0 |   35 |      0 |      0 |            0 |
|             fifo_tx                  |                      uart_tfifo |         37 |         29 |       8 |    0 |   21 |      0 |      0 |            0 |
|               (fifo_tx)              |                      uart_tfifo |         20 |         20 |       0 |    0 |   13 |      0 |      0 |            0 |
|               tfifo                  |                         raminfr |         17 |          9 |       8 |    0 |    8 |      0 |      0 |            0 |
|     u_confreg                        |                         confreg |        194 |        194 |       0 |    0 |  244 |      0 |      0 |            0 |
|       (u_confreg)                    |                         confreg |        178 |        178 |       0 |    0 |  220 |      0 |      0 |            0 |
|       u_digitaltube_controller       |          digitaltube_controller |         16 |         16 |       0 |    0 |   24 |      0 |      0 |            0 |
|     u_cpu                            |                        core_top |       6213 |       6181 |      32 |    0 | 3216 |      0 |      0 |            3 |
|       u_arbiter                      |                  axibus_arbiter |        146 |        146 |       0 |    0 |   46 |      0 |      0 |            0 |
|       u_core                         |                            core |       5652 |       5652 |       0 |    0 | 3058 |      0 |      0 |            3 |
|         (u_core)                     |                            core |         82 |         82 |       0 |    0 |  490 |      0 |      0 |            3 |
|         alu_unit0                    |                             alu |          0 |          0 |       0 |    0 |    0 |      0 |      0 |            0 |
|         alu_unit1                    |                           alu_4 |         31 |         31 |       0 |    0 |    0 |      0 |      0 |            0 |
|         bcu_unit0                    |                             bcu |          0 |          0 |       0 |    0 |    0 |      0 |      0 |            0 |
|         bp_unit                      |                branch_predictor |         50 |         50 |       0 |    0 |    0 |      0 |      0 |            0 |
|         csr_rf                       |                     csr_regfile |        209 |        209 |       0 |    0 |  832 |      0 |      0 |            0 |
|         hazard_ctrl                  |                     hazard_unit |          0 |          0 |       0 |    0 |    0 |      0 |      0 |            0 |
|         if_stage                     |                      fetch_unit |         99 |         99 |       0 |    0 |   67 |      0 |      0 |            0 |
|         lsu_unit                     |                             lsu |          0 |          0 |       0 |    0 |    1 |      0 |      0 |            0 |
|         npc_unit0                    |                             npc |          0 |          0 |       0 |    0 |    0 |      0 |      0 |            0 |
|         reg_ex_mem0_ctrl             |    pipeline_reg__parameterized1 |        581 |        581 |       0 |    0 |    6 |      0 |      0 |            0 |
|         reg_ex_mem0_data             |    pipeline_reg__parameterized2 |         72 |         72 |       0 |    0 |  150 |      0 |      0 |            0 |
|         reg_ex_mem1_ctrl             |  pipeline_reg__parameterized1_5 |         69 |         69 |       0 |    0 |    4 |      0 |      0 |            0 |
|         reg_ex_mem1_data             |  pipeline_reg__parameterized2_6 |         66 |         66 |       0 |    0 |  104 |      0 |      0 |            0 |
|         reg_id_ex0_ctrl              |                    pipeline_reg |        504 |        504 |       0 |    0 |   15 |      0 |      0 |            0 |
|         reg_id_ex0_data              |    pipeline_reg__parameterized0 |        684 |        684 |       0 |    0 |  182 |      0 |      0 |            0 |
|         reg_id_ex1_ctrl              |                  pipeline_reg_7 |         91 |         91 |       0 |    0 |    4 |      0 |      0 |            0 |
|         reg_id_ex1_data              |  pipeline_reg__parameterized0_8 |        618 |        618 |       0 |    0 |   64 |      0 |      0 |            0 |
|         reg_mem_wb0_ctrl             |    pipeline_reg__parameterized3 |         16 |         16 |       0 |    0 |    4 |      0 |      0 |            0 |
|         reg_mem_wb0_data             |    pipeline_reg__parameterized4 |        154 |        154 |       0 |    0 |   83 |      0 |      0 |            0 |
|         reg_mem_wb1_ctrl             |  pipeline_reg__parameterized3_9 |        169 |        169 |       0 |    0 |    2 |      0 |      0 |            0 |
|         reg_mem_wb1_data             | pipeline_reg__parameterized4_10 |        995 |        995 |       0 |    0 |   58 |      0 |      0 |            0 |
|         rf_unit                      |                         regfile |       1205 |       1205 |       0 |    0 |  992 |      0 |      0 |            0 |
|       u_icache                       |                          icache |        415 |        383 |      32 |    0 |  112 |      0 |      0 |            0 |
|         (u_icache)                   |                          icache |        221 |        189 |      32 |    0 |  112 |      0 |      0 |            0 |
|         g_data_word[0].u_data_ram    |                      ram_sdpram |         70 |         70 |       0 |    0 |    0 |      0 |      0 |            0 |
|         g_data_word[1].u_data_ram    |                    ram_sdpram_1 |         45 |         45 |       0 |    0 |    0 |      0 |      0 |            0 |
|         g_data_word[2].u_data_ram    |                    ram_sdpram_2 |         21 |         21 |       0 |    0 |    0 |      0 |      0 |            0 |
|         g_data_word[3].u_data_ram    |                    ram_sdpram_3 |         58 |         58 |       0 |    0 |    0 |      0 |      0 |            0 |
+--------------------------------------+---------------------------------+------------+------------+---------+------+------+--------+--------+--------------+


