Copyright 1986-2019 Xilinx, Inc. All Rights Reserved.
---------------------------------------------------------------------------------------------------------------------------------------------
| Tool Version : Vivado v.2019.2 (lin64) Build 2708876 Wed Nov  6 21:39:14 MST 2019
| Date         : Tue Aug  4 15:56:28 2026
| Host         : f61f223fd130 running 64-bit Ubuntu 18.04.6 LTS
| Command      : report_timing_summary -delay_type min_max -report_unconstrained -file /workspace/run_vivado/project/impl_timing_summary.rpt
| Design       : thinpad_top
| Device       : 7a200t-fbg676
| Speed File   : -2  PRODUCTION 1.23 2018-06-13
---------------------------------------------------------------------------------------------------------------------------------------------

Timing Summary Report

------------------------------------------------------------------------------------------------
| Timer Settings
| --------------
------------------------------------------------------------------------------------------------

  Enable Multi Corner Analysis               :  Yes
  Enable Pessimism Removal                   :  Yes
  Pessimism Removal Resolution               :  Nearest Common Node
  Enable Input Delay Default Clock           :  No
  Enable Preset / Clear Arcs                 :  No
  Disable Flight Delays                      :  No
  Ignore I/O Paths                           :  No
  Timing Early Launch at Borrowing Latches   :  No
  Borrow Time for Max Delay Exceptions       :  Yes
  Merge Timing Exceptions                    :  Yes

  Corner  Analyze    Analyze    
  Name    Max Paths  Min Paths  
  ------  ---------  ---------  
  Slow    Yes        Yes        
  Fast    Yes        Yes        



check_timing report

Table of Contents
-----------------
1. checking no_clock
2. checking constant_clock
3. checking pulse_width_clock
4. checking unconstrained_internal_endpoints
5. checking no_input_delay
6. checking no_output_delay
7. checking multiple_clock
8. checking generated_clocks
9. checking loops
10. checking partial_input_delay
11. checking partial_output_delay
12. checking latch_loops

1. checking no_clock
--------------------
 There are 0 register/latch pins with no clock.


2. checking constant_clock
--------------------------
 There are 0 register/latch pins with constant_clock.


3. checking pulse_width_clock
-----------------------------
 There are 0 register/latch pins which need pulse_width check


4. checking unconstrained_internal_endpoints
--------------------------------------------
 There are 0 pins that are not constrained for maximum delay.

 There are 0 pins that are not constrained for maximum delay due to constant clock.


5. checking no_input_delay
--------------------------
 There are 34 input ports with no input delay specified. (HIGH)

 There are 0 input ports with no input delay but user has a false path constraint.


6. checking no_output_delay
---------------------------
 There are 34 ports with no output delay specified. (HIGH)

 There are 0 ports with no output delay but user has a false path constraint

 There are 0 ports with no output delay but with a timing clock defined on it or propagating through it


7. checking multiple_clock
--------------------------
 There are 0 register/latch pins with multiple clocks.


8. checking generated_clocks
----------------------------
 There are 0 generated clocks that are not connected to a clock source.


9. checking loops
-----------------
 There are 0 combinational loops in the design.


10. checking partial_input_delay
--------------------------------
 There are 0 input ports with partial input delay specified.


11. checking partial_output_delay
---------------------------------
 There are 0 ports with partial output delay specified.


12. checking latch_loops
------------------------
 There are 0 combinational latch loops in the design through latch input



------------------------------------------------------------------------------------------------
| Design Timing Summary
| ---------------------
------------------------------------------------------------------------------------------------

    WNS(ns)      TNS(ns)  TNS Failing Endpoints  TNS Total Endpoints      WHS(ns)      THS(ns)  THS Failing Endpoints  THS Total Endpoints     WPWS(ns)     TPWS(ns)  TPWS Failing Endpoints  TPWS Total Endpoints  
    -------      -------  ---------------------  -------------------      -------      -------  ---------------------  -------------------     --------     --------  ----------------------  --------------------  
      0.024        0.000                      0                15873        0.073        0.000                      0                15873        3.870        0.000                       0                  5550  


All user specified timing constraints are met.


------------------------------------------------------------------------------------------------
| Clock Summary
| -------------
------------------------------------------------------------------------------------------------

Clock               Waveform(ns)       Period(ns)      Frequency(MHz)
-----               ------------       ----------      --------------
clk_50M             {0.000 10.000}     20.000          50.000          
  clkfbout_clk_pll  {0.000 10.000}     20.000          50.000          
  cpu_clk           {0.000 5.000}      10.000          100.000         
  sys_clk           {0.000 20.000}     40.000          25.000          


------------------------------------------------------------------------------------------------
| Intra Clock Table
| -----------------
------------------------------------------------------------------------------------------------

Clock                   WNS(ns)      TNS(ns)  TNS Failing Endpoints  TNS Total Endpoints      WHS(ns)      THS(ns)  THS Failing Endpoints  THS Total Endpoints     WPWS(ns)     TPWS(ns)  TPWS Failing Endpoints  TPWS Total Endpoints  
-----                   -------      -------  ---------------------  -------------------      -------      -------  ---------------------  -------------------     --------     --------  ----------------------  --------------------  
clk_50M                                                                                                                                                               7.000        0.000                       0                     1  
  clkfbout_clk_pll                                                                                                                                                   18.408        0.000                       0                     3  
  cpu_clk                 0.024        0.000                      0                12897        0.093        0.000                      0                12897        3.870        0.000                       0                  4436  
  sys_clk                31.854        0.000                      0                 2701        0.073        0.000                      0                 2701       18.870        0.000                       0                  1110  


------------------------------------------------------------------------------------------------
| Inter Clock Table
| -----------------
------------------------------------------------------------------------------------------------

From Clock    To Clock          WNS(ns)      TNS(ns)  TNS Failing Endpoints  TNS Total Endpoints      WHS(ns)      THS(ns)  THS Failing Endpoints  THS Total Endpoints  
----------    --------          -------      -------  ---------------------  -------------------      -------      -------  ---------------------  -------------------  


------------------------------------------------------------------------------------------------
| Other Path Groups Table
| -----------------------
------------------------------------------------------------------------------------------------

Path Group         From Clock         To Clock               WNS(ns)      TNS(ns)  TNS Failing Endpoints  TNS Total Endpoints      WHS(ns)      THS(ns)  THS Failing Endpoints  THS Total Endpoints  
----------         ----------         --------               -------      -------  ---------------------  -------------------      -------      -------  ---------------------  -------------------  
**async_default**  cpu_clk            cpu_clk                  4.348        0.000                      0                   67        0.774        0.000                      0                   67  
**async_default**  sys_clk            sys_clk                 31.947        0.000                      0                  208        0.885        0.000                      0                  208  


------------------------------------------------------------------------------------------------
| User Ignored Path Table
| -----------------------
------------------------------------------------------------------------------------------------

Path Group    From Clock    To Clock    
----------    ----------    --------    
(none)        sys_clk       cpu_clk       
(none)        cpu_clk       sys_clk       


------------------------------------------------------------------------------------------------
| Unconstrained Path Table
| ------------------------
------------------------------------------------------------------------------------------------

Path Group        From Clock        To Clock        
----------        ----------        --------        
(none)            clkfbout_clk_pll                    
(none)            sys_clk                             
(none)                              sys_clk           


------------------------------------------------------------------------------------------------
| Timing Details
| --------------
------------------------------------------------------------------------------------------------


---------------------------------------------------------------------------------------------------
From Clock:  clk_50M
  To Clock:  clk_50M

Setup :           NA  Failing Endpoints,  Worst Slack           NA  ,  Total Violation           NA
Hold  :           NA  Failing Endpoints,  Worst Slack           NA  ,  Total Violation           NA
PW    :            0  Failing Endpoints,  Worst Slack        7.000ns,  Total Violation        0.000ns
---------------------------------------------------------------------------------------------------


Pulse Width Checks
--------------------------------------------------------------------------------------
Clock Name:         clk_50M
Waveform(ns):       { 0.000 10.000 }
Period(ns):         20.000
Sources:            { clk_50M }

Check Type        Corner  Lib Pin           Reference Pin  Required(ns)  Actual(ns)  Slack(ns)  Location        Pin
Min Period        n/a     PLLE2_ADV/CLKIN1  n/a            1.249         20.000      18.751     PLLE2_ADV_X0Y3  u_soc_top/pll_clk.u_clk_pll/inst/plle2_adv_inst/CLKIN1
Max Period        n/a     PLLE2_ADV/CLKIN1  n/a            52.633        20.000      32.633     PLLE2_ADV_X0Y3  u_soc_top/pll_clk.u_clk_pll/inst/plle2_adv_inst/CLKIN1
Low Pulse Width   Slow    PLLE2_ADV/CLKIN1  n/a            3.000         10.000      7.000      PLLE2_ADV_X0Y3  u_soc_top/pll_clk.u_clk_pll/inst/plle2_adv_inst/CLKIN1
High Pulse Width  Fast    PLLE2_ADV/CLKIN1  n/a            3.000         10.000      7.000      PLLE2_ADV_X0Y3  u_soc_top/pll_clk.u_clk_pll/inst/plle2_adv_inst/CLKIN1



---------------------------------------------------------------------------------------------------
From Clock:  clkfbout_clk_pll
  To Clock:  clkfbout_clk_pll

Setup :           NA  Failing Endpoints,  Worst Slack           NA  ,  Total Violation           NA
Hold  :           NA  Failing Endpoints,  Worst Slack           NA  ,  Total Violation           NA
PW    :            0  Failing Endpoints,  Worst Slack       18.408ns,  Total Violation        0.000ns
---------------------------------------------------------------------------------------------------


Pulse Width Checks
--------------------------------------------------------------------------------------
Clock Name:         clkfbout_clk_pll
Waveform(ns):       { 0.000 10.000 }
Period(ns):         20.000
Sources:            { u_soc_top/pll_clk.u_clk_pll/inst/plle2_adv_inst/CLKFBOUT }

Check Type  Corner  Lib Pin            Reference Pin  Required(ns)  Actual(ns)  Slack(ns)  Location        Pin
Min Period  n/a     BUFG/I             n/a            1.592         20.000      18.408     BUFGCTRL_X0Y18  u_soc_top/pll_clk.u_clk_pll/inst/clkf_buf/I
Max Period  n/a     PLLE2_ADV/CLKFBIN  n/a            52.633        20.000      32.633     PLLE2_ADV_X0Y3  u_soc_top/pll_clk.u_clk_pll/inst/plle2_adv_inst/CLKFBIN



---------------------------------------------------------------------------------------------------
From Clock:  cpu_clk
  To Clock:  cpu_clk

Setup :            0  Failing Endpoints,  Worst Slack        0.024ns,  Total Violation        0.000ns
Hold  :            0  Failing Endpoints,  Worst Slack        0.093ns,  Total Violation        0.000ns
PW    :            0  Failing Endpoints,  Worst Slack        3.870ns,  Total Violation        0.000ns
---------------------------------------------------------------------------------------------------


Max Delay Paths
--------------------------------------------------------------------------------------
Slack (MET) :             0.024ns  (required time - arrival time)
  Source:                 u_soc_top/u_axi_sram_direct/ram_addr_out_r_reg[6]/C
                            (rising edge-triggered cell FDRE clocked by cpu_clk  {rise@0.000ns fall@5.000ns period=10.000ns})
  Destination:            ext_ram_addr[6]
                            (output port clocked by cpu_clk  {rise@0.000ns fall@5.000ns period=10.000ns})
  Path Group:             cpu_clk
  Path Type:              Max at Slow Process Corner
  Requirement:            10.000ns  (cpu_clk rise@10.000ns - cpu_clk rise@0.000ns)
  Data Path Delay:        6.300ns  (logic 3.647ns (57.883%)  route 2.653ns (42.117%))
  Logic Levels:           1  (OBUF=1)
  Output Delay:           0.300ns
  Clock Path Skew:        -3.282ns (DCD - SCD + CPR)
    Destination Clock Delay (DCD):    -4.543ns = ( 5.457 - 10.000 ) 
    Source Clock Delay      (SCD):    -1.873ns
    Clock Pessimism Removal (CPR):    -0.612ns
  Clock Uncertainty:      0.094ns  ((TSJ^2 + DJ^2)^1/2) / 2 + PE
    Total System Jitter     (TSJ):    0.071ns
    Discrete Jitter          (DJ):    0.175ns
    Phase Error              (PE):    0.000ns

    Location             Delay type                Incr(ns)  Path(ns)    Netlist Resource(s)
  -------------------------------------------------------------------    -------------------
                         (clock cpu_clk rise edge)    0.000     0.000 r  
    K21                                               0.000     0.000 r  clk_50M (IN)
                         net (fo=0)                   0.000     0.000    u_soc_top/pll_clk.u_clk_pll/inst/clk_in1
    K21                  IBUF (Prop_ibuf_I_O)         1.394     1.394 r  u_soc_top/pll_clk.u_clk_pll/inst/clkin1_ibufg/O
                         net (fo=1, routed)           1.080     2.474    u_soc_top/pll_clk.u_clk_pll/inst/clk_in1_clk_pll
    PLLE2_ADV_X0Y3       PLLE2_ADV (Prop_plle2_adv_CLKIN1_CLKOUT0)
                                                     -7.629    -5.155 r  u_soc_top/pll_clk.u_clk_pll/inst/plle2_adv_inst/CLKOUT0
                         net (fo=1, routed)           1.557    -3.598    u_soc_top/pll_clk.u_clk_pll/inst/cpu_clk_clk_pll
    BUFGCTRL_X0Y16       BUFG (Prop_bufg_I_O)         0.081    -3.517 r  u_soc_top/pll_clk.u_clk_pll/inst/clkout1_buf/O
                         net (fo=4435, routed)        1.644    -1.873    u_soc_top/u_axi_sram_direct/cpu_clk
    SLICE_X9Y61          FDRE                                         r  u_soc_top/u_axi_sram_direct/ram_addr_out_r_reg[6]/C
  -------------------------------------------------------------------    -------------------
    SLICE_X9Y61          FDRE (Prop_fdre_C_Q)         0.379    -1.494 r  u_soc_top/u_axi_sram_direct/ram_addr_out_r_reg[6]/Q
                         net (fo=1, routed)           2.653     1.159    ext_ram_addr_OBUF[6]
    Y17                  OBUF (Prop_obuf_I_O)         3.268     4.427 r  ext_ram_addr_OBUF[6]_inst/O
                         net (fo=0)                   0.000     4.427    ext_ram_addr[6]
    Y17                                                               r  ext_ram_addr[6] (OUT)
  -------------------------------------------------------------------    -------------------

                         (clock cpu_clk rise edge)   10.000    10.000 r  
    K21                                               0.000    10.000 r  clk_50M (IN)
                         net (fo=0)                   0.000    10.000    u_soc_top/pll_clk.u_clk_pll/inst/clk_in1
    K21                  IBUF (Prop_ibuf_I_O)         1.328    11.328 r  u_soc_top/pll_clk.u_clk_pll/inst/clkin1_ibufg/O
                         net (fo=1, routed)           1.019    12.347    u_soc_top/pll_clk.u_clk_pll/inst/clk_in1_clk_pll
    PLLE2_ADV_X0Y3       PLLE2_ADV (Prop_plle2_adv_CLKIN1_CLKOUT0)
                                                     -6.890     5.457 r  u_soc_top/pll_clk.u_clk_pll/inst/plle2_adv_inst/CLKOUT0
                         clock pessimism             -0.612     4.845    
                         clock uncertainty           -0.094     4.751    
                         output delay                -0.300     4.451    
  -------------------------------------------------------------------
                         required time                          4.451    
                         arrival time                          -4.427    
  -------------------------------------------------------------------
                         slack                                  0.024    





Min Delay Paths
--------------------------------------------------------------------------------------
Slack (MET) :             0.093ns  (arrival time - required time)
  Source:                 u_soc_top/u_Axi_CDC/wFifo/pushCC_pushPtr_reg[0]/C
                            (rising edge-triggered cell FDCE clocked by cpu_clk  {rise@0.000ns fall@5.000ns period=10.000ns})
  Destination:            u_soc_top/u_Axi_CDC/wFifo/ram_reg_0_7_36_36/RAMA/WADR0
                            (rising edge-triggered cell RAMD32 clocked by cpu_clk  {rise@0.000ns fall@5.000ns period=10.000ns})
  Path Group:             cpu_clk
  Path Type:              Hold (Min at Fast Process Corner)
  Requirement:            0.000ns  (cpu_clk rise@0.000ns - cpu_clk rise@0.000ns)
  Data Path Delay:        0.416ns  (logic 0.141ns (33.902%)  route 0.275ns (66.098%))
  Logic Levels:           0  
  Clock Path Skew:        0.013ns (DCD - SCD - CPR)
    Destination Clock Delay (DCD):    -0.361ns
    Source Clock Delay      (SCD):    -0.588ns
    Clock Pessimism Removal (CPR):    0.214ns

    Location             Delay type                Incr(ns)  Path(ns)    Netlist Resource(s)
  -------------------------------------------------------------------    -------------------
                         (clock cpu_clk rise edge)    0.000     0.000 r  
    K21                                               0.000     0.000 r  clk_50M (IN)
                         net (fo=0)                   0.000     0.000    u_soc_top/pll_clk.u_clk_pll/inst/clk_in1
    K21                  IBUF (Prop_ibuf_I_O)         0.231     0.231 r  u_soc_top/pll_clk.u_clk_pll/inst/clkin1_ibufg/O
                         net (fo=1, routed)           0.440     0.671    u_soc_top/pll_clk.u_clk_pll/inst/clk_in1_clk_pll
    PLLE2_ADV_X0Y3       PLLE2_ADV (Prop_plle2_adv_CLKIN1_CLKOUT0)
                                                     -2.520    -1.848 r  u_soc_top/pll_clk.u_clk_pll/inst/plle2_adv_inst/CLKOUT0
                         net (fo=1, routed)           0.560    -1.289    u_soc_top/pll_clk.u_clk_pll/inst/cpu_clk_clk_pll
    BUFGCTRL_X0Y16       BUFG (Prop_bufg_I_O)         0.026    -1.263 r  u_soc_top/pll_clk.u_clk_pll/inst/clkout1_buf/O
                         net (fo=4435, routed)        0.674    -0.588    u_soc_top/u_Axi_CDC/wFifo/cpu_clk
    SLICE_X38Y71         FDCE                                         r  u_soc_top/u_Axi_CDC/wFifo/pushCC_pushPtr_reg[0]/C
  -------------------------------------------------------------------    -------------------
    SLICE_X38Y71         FDCE (Prop_fdce_C_Q)         0.141    -0.447 r  u_soc_top/u_Axi_CDC/wFifo/pushCC_pushPtr_reg[0]/Q
                         net (fo=62, routed)          0.275    -0.172    u_soc_top/u_Axi_CDC/wFifo/ram_reg_0_7_36_36/ADDRD0
    SLICE_X40Y72         RAMD32                                       r  u_soc_top/u_Axi_CDC/wFifo/ram_reg_0_7_36_36/RAMA/WADR0
  -------------------------------------------------------------------    -------------------

                         (clock cpu_clk rise edge)    0.000     0.000 r  
    K21                                               0.000     0.000 r  clk_50M (IN)
                         net (fo=0)                   0.000     0.000    u_soc_top/pll_clk.u_clk_pll/inst/clk_in1
    K21                  IBUF (Prop_ibuf_I_O)         0.419     0.419 r  u_soc_top/pll_clk.u_clk_pll/inst/clkin1_ibufg/O
                         net (fo=1, routed)           0.481     0.900    u_soc_top/pll_clk.u_clk_pll/inst/clk_in1_clk_pll
    PLLE2_ADV_X0Y3       PLLE2_ADV (Prop_plle2_adv_CLKIN1_CLKOUT0)
                                                     -2.847    -1.947 r  u_soc_top/pll_clk.u_clk_pll/inst/plle2_adv_inst/CLKOUT0
                         net (fo=1, routed)           0.611    -1.337    u_soc_top/pll_clk.u_clk_pll/inst/cpu_clk_clk_pll
    BUFGCTRL_X0Y16       BUFG (Prop_bufg_I_O)         0.029    -1.308 r  u_soc_top/pll_clk.u_clk_pll/inst/clkout1_buf/O
                         net (fo=4435, routed)        0.947    -0.361    u_soc_top/u_Axi_CDC/wFifo/ram_reg_0_7_36_36/WCLK
    SLICE_X40Y72         RAMD32                                       r  u_soc_top/u_Axi_CDC/wFifo/ram_reg_0_7_36_36/RAMA/CLK
                         clock pessimism             -0.214    -0.575    
    SLICE_X40Y72         RAMD32 (Hold_ramd32_CLK_WADR0)
                                                      0.310    -0.265    u_soc_top/u_Axi_CDC/wFifo/ram_reg_0_7_36_36/RAMA
  -------------------------------------------------------------------
                         required time                          0.265    
                         arrival time                          -0.172    
  -------------------------------------------------------------------
                         slack                                  0.093    





Pulse Width Checks
--------------------------------------------------------------------------------------
Clock Name:         cpu_clk
Waveform(ns):       { 0.000 5.000 }
Period(ns):         10.000
Sources:            { u_soc_top/pll_clk.u_clk_pll/inst/plle2_adv_inst/CLKOUT0 }

Check Type        Corner  Lib Pin            Reference Pin  Required(ns)  Actual(ns)  Slack(ns)  Location        Pin
Min Period        n/a     DSP48E1/CLK        n/a            1.816         10.000      8.184      DSP48_X2Y18     u_soc_top/u_cpu/u_core/mul_p0_reg_reg/CLK
Max Period        n/a     PLLE2_ADV/CLKOUT0  n/a            160.000       10.000      150.000    PLLE2_ADV_X0Y3  u_soc_top/pll_clk.u_clk_pll/inst/plle2_adv_inst/CLKOUT0
Low Pulse Width   Fast    RAMD64E/CLK        n/a            1.130         5.000       3.870      SLICE_X72Y66    u_icache/g_data_word[0].u_data_ram/g_dist.mem_reg_0_63_0_0/DP/CLK
High Pulse Width  Slow    RAMD64E/CLK        n/a            1.130         5.000       3.870      SLICE_X72Y66    u_icache/g_data_word[0].u_data_ram/g_dist.mem_reg_0_63_0_0/DP/CLK



---------------------------------------------------------------------------------------------------
From Clock:  sys_clk
  To Clock:  sys_clk

Setup :            0  Failing Endpoints,  Worst Slack       31.854ns,  Total Violation        0.000ns
Hold  :            0  Failing Endpoints,  Worst Slack        0.073ns,  Total Violation        0.000ns
PW    :            0  Failing Endpoints,  Worst Slack       18.870ns,  Total Violation        0.000ns
---------------------------------------------------------------------------------------------------


Max Delay Paths
--------------------------------------------------------------------------------------
Slack (MET) :             31.854ns  (required time - arrival time)
  Source:                 u_soc_top/u_Axi_CDC/awFifo/popCC_addressGen_rValid_reg/C
                            (rising edge-triggered cell FDCE clocked by sys_clk  {rise@0.000ns fall@20.000ns period=40.000ns})
  Destination:            u_soc_top/u_AxiCrossbar_2x8/axiIn_0_writeOnly_decoder/pendingError_reg/CE
                            (rising edge-triggered cell FDCE clocked by sys_clk  {rise@0.000ns fall@20.000ns period=40.000ns})
  Path Group:             sys_clk
  Path Type:              Setup (Max at Slow Process Corner)
  Requirement:            40.000ns  (sys_clk rise@40.000ns - sys_clk rise@0.000ns)
  Data Path Delay:        7.643ns  (logic 1.289ns (16.865%)  route 6.354ns (83.135%))
  Logic Levels:           7  (LUT2=2 LUT4=1 LUT5=1 LUT6=3)
  Clock Path Skew:        -0.044ns (DCD - SCD + CPR)
    Destination Clock Delay (DCD):    -1.550ns = ( 38.450 - 40.000 ) 
    Source Clock Delay      (SCD):    -1.968ns
    Clock Pessimism Removal (CPR):    -0.462ns
  Clock Uncertainty:      0.129ns  ((TSJ^2 + DJ^2)^1/2) / 2 + PE
    Total System Jitter     (TSJ):    0.071ns
    Discrete Jitter          (DJ):    0.247ns
    Phase Error              (PE):    0.000ns

    Location             Delay type                Incr(ns)  Path(ns)    Netlist Resource(s)
  -------------------------------------------------------------------    -------------------
                         (clock sys_clk rise edge)    0.000     0.000 r  
    K21                                               0.000     0.000 r  clk_50M (IN)
                         net (fo=0)                   0.000     0.000    u_soc_top/pll_clk.u_clk_pll/inst/clk_in1
    K21                  IBUF (Prop_ibuf_I_O)         1.394     1.394 r  u_soc_top/pll_clk.u_clk_pll/inst/clkin1_ibufg/O
                         net (fo=1, routed)           1.080     2.474    u_soc_top/pll_clk.u_clk_pll/inst/clk_in1_clk_pll
    PLLE2_ADV_X0Y3       PLLE2_ADV (Prop_plle2_adv_CLKIN1_CLKOUT1)
                                                     -7.629    -5.155 r  u_soc_top/pll_clk.u_clk_pll/inst/plle2_adv_inst/CLKOUT1
                         net (fo=1, routed)           1.557    -3.598    u_soc_top/pll_clk.u_clk_pll/inst/sys_clk_clk_pll
    BUFGCTRL_X0Y17       BUFG (Prop_bufg_I_O)         0.081    -3.517 r  u_soc_top/pll_clk.u_clk_pll/inst/clkout2_buf/O
                         net (fo=1108, routed)        1.549    -1.968    u_soc_top/u_Axi_CDC/awFifo/sys_clk
    SLICE_X47Y67         FDCE                                         r  u_soc_top/u_Axi_CDC/awFifo/popCC_addressGen_rValid_reg/C
  -------------------------------------------------------------------    -------------------
    SLICE_X47Y67         FDCE (Prop_fdce_C_Q)         0.379    -1.589 r  u_soc_top/u_Axi_CDC/awFifo/popCC_addressGen_rValid_reg/Q
                         net (fo=10, routed)          0.732    -0.857    u_soc_top/u_Axi_CDC/awFifo/cpu_sync_awvalid
    SLICE_X45Y67         LUT5 (Prop_lut5_I0_O)        0.105    -0.752 r  u_soc_top/u_Axi_CDC/awFifo/pendingSels[1]_i_2__0/O
                         net (fo=3, routed)           0.708    -0.044    u_soc_top/u_Axi_CDC/awFifo/pendingSels[1]_i_2__0_n_0
    SLICE_X43Y68         LUT6 (Prop_lut6_I5_O)        0.105     0.061 r  u_soc_top/u_Axi_CDC/awFifo/pendingSels[1]_i_1__0/O
                         net (fo=5, routed)           1.340     1.401    u_soc_top/u_AxiCrossbar_2x8/axiIn_0_writeOnly_decoder/p_0_in1_in[1]
    SLICE_X56Y79         LUT4 (Prop_lut4_I3_O)        0.105     1.506 f  u_soc_top/u_AxiCrossbar_2x8/axiIn_0_writeOnly_decoder/_zz_cmdAllowedStart_i_11/O
                         net (fo=1, routed)           0.589     2.095    u_soc_top/u_Axi_CDC/awFifo/_zz_cmdAllowedStart_i_3_1
    SLICE_X50Y78         LUT6 (Prop_lut6_I5_O)        0.105     2.200 f  u_soc_top/u_Axi_CDC/awFifo/_zz_cmdAllowedStart_i_6/O
                         net (fo=1, routed)           0.539     2.740    u_soc_top/u_Axi_CDC/awFifo/_zz_cmdAllowedStart_i_6_n_0
    SLICE_X49Y77         LUT6 (Prop_lut6_I0_O)        0.105     2.845 r  u_soc_top/u_Axi_CDC/awFifo/_zz_cmdAllowedStart_i_3/O
                         net (fo=10, routed)          0.829     3.673    u_soc_top/u_Axi_CDC/awFifo/pendingCmdCounter_value_reg[1]
    SLICE_X49Y67         LUT2 (Prop_lut2_I0_O)        0.108     3.781 r  u_soc_top/u_Axi_CDC/awFifo/consumeData_i_2/O
                         net (fo=16, routed)          1.187     4.968    u_soc_top/u_Axi_CDC/awFifo/popCC_addressGen_rValid_reg_0
    SLICE_X51Y78         LUT2 (Prop_lut2_I0_O)        0.277     5.245 r  u_soc_top/u_Axi_CDC/awFifo/pendingSels[7]_i_1/O
                         net (fo=9, routed)           0.429     5.675    u_soc_top/u_AxiCrossbar_2x8/axiIn_0_writeOnly_decoder/E[0]
    SLICE_X51Y79         FDCE                                         r  u_soc_top/u_AxiCrossbar_2x8/axiIn_0_writeOnly_decoder/pendingError_reg/CE
  -------------------------------------------------------------------    -------------------

                         (clock sys_clk rise edge)   40.000    40.000 r  
    K21                                               0.000    40.000 r  clk_50M (IN)
                         net (fo=0)                   0.000    40.000    u_soc_top/pll_clk.u_clk_pll/inst/clk_in1
    K21                  IBUF (Prop_ibuf_I_O)         1.328    41.328 r  u_soc_top/pll_clk.u_clk_pll/inst/clkin1_ibufg/O
                         net (fo=1, routed)           1.019    42.347    u_soc_top/pll_clk.u_clk_pll/inst/clk_in1_clk_pll
    PLLE2_ADV_X0Y3       PLLE2_ADV (Prop_plle2_adv_CLKIN1_CLKOUT1)
                                                     -6.890    35.457 r  u_soc_top/pll_clk.u_clk_pll/inst/plle2_adv_inst/CLKOUT1
                         net (fo=1, routed)           1.484    36.942    u_soc_top/pll_clk.u_clk_pll/inst/sys_clk_clk_pll
    BUFGCTRL_X0Y17       BUFG (Prop_bufg_I_O)         0.077    37.019 r  u_soc_top/pll_clk.u_clk_pll/inst/clkout2_buf/O
                         net (fo=1108, routed)        1.431    38.450    u_soc_top/u_AxiCrossbar_2x8/axiIn_0_writeOnly_decoder/sys_clk
    SLICE_X51Y79         FDCE                                         r  u_soc_top/u_AxiCrossbar_2x8/axiIn_0_writeOnly_decoder/pendingError_reg/C
                         clock pessimism             -0.462    37.988    
                         clock uncertainty           -0.129    37.859    
    SLICE_X51Y79         FDCE (Setup_fdce_C_CE)      -0.330    37.529    u_soc_top/u_AxiCrossbar_2x8/axiIn_0_writeOnly_decoder/pendingError_reg
  -------------------------------------------------------------------
                         required time                         37.529    
                         arrival time                          -5.675    
  -------------------------------------------------------------------
                         slack                                 31.854    





Min Delay Paths
--------------------------------------------------------------------------------------
Slack (MET) :             0.073ns  (arrival time - required time)
  Source:                 u_soc_top/u_AxiCrossbar_2x8/axi4WriteOnlyArbiter_5/cmdRouteFork_translated_fifo/fifo/logic_ptr_push_reg[1]/C
                            (rising edge-triggered cell FDCE clocked by sys_clk  {rise@0.000ns fall@20.000ns period=40.000ns})
  Destination:            axi4WriteOnlyArbiter_5/cmdRouteFork_translated_fifo/fifo/logic_ram_reg_0_3_0_0/DP/WADR1
                            (rising edge-triggered cell RAMD32 clocked by sys_clk  {rise@0.000ns fall@20.000ns period=40.000ns})
  Path Group:             sys_clk
  Path Type:              Hold (Min at Fast Process Corner)
  Requirement:            0.000ns  (sys_clk rise@0.000ns - sys_clk rise@0.000ns)
  Data Path Delay:        0.396ns  (logic 0.141ns (35.580%)  route 0.255ns (64.420%))
  Logic Levels:           0  
  Clock Path Skew:        0.014ns (DCD - SCD - CPR)
    Destination Clock Delay (DCD):    -0.389ns
    Source Clock Delay      (SCD):    -0.615ns
    Clock Pessimism Removal (CPR):    0.212ns

    Location             Delay type                Incr(ns)  Path(ns)    Netlist Resource(s)
  -------------------------------------------------------------------    -------------------
                         (clock sys_clk rise edge)    0.000     0.000 r  
    K21                                               0.000     0.000 r  clk_50M (IN)
                         net (fo=0)                   0.000     0.000    u_soc_top/pll_clk.u_clk_pll/inst/clk_in1
    K21                  IBUF (Prop_ibuf_I_O)         0.231     0.231 r  u_soc_top/pll_clk.u_clk_pll/inst/clkin1_ibufg/O
                         net (fo=1, routed)           0.440     0.671    u_soc_top/pll_clk.u_clk_pll/inst/clk_in1_clk_pll
    PLLE2_ADV_X0Y3       PLLE2_ADV (Prop_plle2_adv_CLKIN1_CLKOUT1)
                                                     -2.520    -1.848 r  u_soc_top/pll_clk.u_clk_pll/inst/plle2_adv_inst/CLKOUT1
                         net (fo=1, routed)           0.560    -1.289    u_soc_top/pll_clk.u_clk_pll/inst/sys_clk_clk_pll
    BUFGCTRL_X0Y17       BUFG (Prop_bufg_I_O)         0.026    -1.263 r  u_soc_top/pll_clk.u_clk_pll/inst/clkout2_buf/O
                         net (fo=1108, routed)        0.647    -0.615    u_soc_top/u_AxiCrossbar_2x8/axi4WriteOnlyArbiter_5/cmdRouteFork_translated_fifo/fifo/sys_clk
    SLICE_X51Y81         FDCE                                         r  u_soc_top/u_AxiCrossbar_2x8/axi4WriteOnlyArbiter_5/cmdRouteFork_translated_fifo/fifo/logic_ptr_push_reg[1]/C
  -------------------------------------------------------------------    -------------------
    SLICE_X51Y81         FDCE (Prop_fdce_C_Q)         0.141    -0.474 r  u_soc_top/u_AxiCrossbar_2x8/axi4WriteOnlyArbiter_5/cmdRouteFork_translated_fifo/fifo/logic_ptr_push_reg[1]/Q
                         net (fo=7, routed)           0.255    -0.219    axi4WriteOnlyArbiter_5/cmdRouteFork_translated_fifo/fifo/logic_ram_reg_0_3_0_0/A1
    SLICE_X52Y81         RAMD32                                       r  axi4WriteOnlyArbiter_5/cmdRouteFork_translated_fifo/fifo/logic_ram_reg_0_3_0_0/DP/WADR1
  -------------------------------------------------------------------    -------------------

                         (clock sys_clk rise edge)    0.000     0.000 r  
    K21                                               0.000     0.000 r  clk_50M (IN)
                         net (fo=0)                   0.000     0.000    u_soc_top/pll_clk.u_clk_pll/inst/clk_in1
    K21                  IBUF (Prop_ibuf_I_O)         0.419     0.419 r  u_soc_top/pll_clk.u_clk_pll/inst/clkin1_ibufg/O
                         net (fo=1, routed)           0.481     0.900    u_soc_top/pll_clk.u_clk_pll/inst/clk_in1_clk_pll
    PLLE2_ADV_X0Y3       PLLE2_ADV (Prop_plle2_adv_CLKIN1_CLKOUT1)
                                                     -2.847    -1.947 r  u_soc_top/pll_clk.u_clk_pll/inst/plle2_adv_inst/CLKOUT1
                         net (fo=1, routed)           0.611    -1.337    u_soc_top/pll_clk.u_clk_pll/inst/sys_clk_clk_pll
    BUFGCTRL_X0Y17       BUFG (Prop_bufg_I_O)         0.029    -1.308 r  u_soc_top/pll_clk.u_clk_pll/inst/clkout2_buf/O
                         net (fo=1108, routed)        0.919    -0.389    axi4WriteOnlyArbiter_5/cmdRouteFork_translated_fifo/fifo/logic_ram_reg_0_3_0_0/WCLK
    SLICE_X52Y81         RAMD32                                       r  axi4WriteOnlyArbiter_5/cmdRouteFork_translated_fifo/fifo/logic_ram_reg_0_3_0_0/DP/CLK
                         clock pessimism             -0.212    -0.601    
    SLICE_X52Y81         RAMD32 (Hold_ramd32_CLK_WADR1)
                                                      0.309    -0.292    axi4WriteOnlyArbiter_5/cmdRouteFork_translated_fifo/fifo/logic_ram_reg_0_3_0_0/DP
  -------------------------------------------------------------------
                         required time                          0.292    
                         arrival time                          -0.219    
  -------------------------------------------------------------------
                         slack                                  0.073    





Pulse Width Checks
--------------------------------------------------------------------------------------
Clock Name:         sys_clk
Waveform(ns):       { 0.000 20.000 }
Period(ns):         40.000
Sources:            { u_soc_top/pll_clk.u_clk_pll/inst/plle2_adv_inst/CLKOUT1 }

Check Type        Corner  Lib Pin            Reference Pin  Required(ns)  Actual(ns)  Slack(ns)  Location        Pin
Min Period        n/a     BUFG/I             n/a            1.592         40.000      38.408     BUFGCTRL_X0Y17  u_soc_top/pll_clk.u_clk_pll/inst/clkout2_buf/I
Max Period        n/a     PLLE2_ADV/CLKOUT1  n/a            160.000       40.000      120.000    PLLE2_ADV_X0Y3  u_soc_top/pll_clk.u_clk_pll/inst/plle2_adv_inst/CLKOUT1
Low Pulse Width   Fast    RAMD32/CLK         n/a            1.130         20.000      18.870     SLICE_X20Y75    u_soc_top/u_Axi_CDC/rFifo/ram_reg_0_7_12_17/RAMA/CLK
High Pulse Width  Slow    RAMD32/CLK         n/a            1.130         20.000      18.870     SLICE_X48Y80    axi4WriteOnlyArbiter_6/cmdRouteFork_translated_fifo/fifo/logic_ram_reg_0_3_0_0/DP/CLK



---------------------------------------------------------------------------------------------------
Path Group:  **async_default**
From Clock:  cpu_clk
  To Clock:  cpu_clk

Setup :            0  Failing Endpoints,  Worst Slack        4.348ns,  Total Violation        0.000ns
Hold  :            0  Failing Endpoints,  Worst Slack        0.774ns,  Total Violation        0.000ns
---------------------------------------------------------------------------------------------------


Max Delay Paths
--------------------------------------------------------------------------------------
Slack (MET) :             4.348ns  (required time - arrival time)
  Source:                 u_soc_top/pll_clk.u_rst_cpu/delay_reg[1]/C
                            (rising edge-triggered cell FDCE clocked by cpu_clk  {rise@0.000ns fall@5.000ns period=10.000ns})
  Destination:            u_soc_top/u_Axi_CDC/arFifo/popToPushGray_buffercc/buffers_0_reg[0]/CLR
                            (recovery check against rising-edge clock cpu_clk  {rise@0.000ns fall@5.000ns period=10.000ns})
  Path Group:             **async_default**
  Path Type:              Recovery (Max at Slow Process Corner)
  Requirement:            10.000ns  (cpu_clk rise@10.000ns - cpu_clk rise@0.000ns)
  Data Path Delay:        5.174ns  (logic 0.484ns (9.354%)  route 4.690ns (90.646%))
  Logic Levels:           1  (LUT1=1)
  Clock Path Skew:        -0.052ns (DCD - SCD + CPR)
    Destination Clock Delay (DCD):    -1.557ns = ( 8.443 - 10.000 ) 
    Source Clock Delay      (SCD):    -1.967ns
    Clock Pessimism Removal (CPR):    -0.462ns
  Clock Uncertainty:      0.094ns  ((TSJ^2 + DJ^2)^1/2) / 2 + PE
    Total System Jitter     (TSJ):    0.071ns
    Discrete Jitter          (DJ):    0.175ns
    Phase Error              (PE):    0.000ns

    Location             Delay type                Incr(ns)  Path(ns)    Netlist Resource(s)
  -------------------------------------------------------------------    -------------------
                         (clock cpu_clk rise edge)    0.000     0.000 r  
    K21                                               0.000     0.000 r  clk_50M (IN)
                         net (fo=0)                   0.000     0.000    u_soc_top/pll_clk.u_clk_pll/inst/clk_in1
    K21                  IBUF (Prop_ibuf_I_O)         1.394     1.394 r  u_soc_top/pll_clk.u_clk_pll/inst/clkin1_ibufg/O
                         net (fo=1, routed)           1.080     2.474    u_soc_top/pll_clk.u_clk_pll/inst/clk_in1_clk_pll
    PLLE2_ADV_X0Y3       PLLE2_ADV (Prop_plle2_adv_CLKIN1_CLKOUT0)
                                                     -7.629    -5.155 r  u_soc_top/pll_clk.u_clk_pll/inst/plle2_adv_inst/CLKOUT0
                         net (fo=1, routed)           1.557    -3.598    u_soc_top/pll_clk.u_clk_pll/inst/cpu_clk_clk_pll
    BUFGCTRL_X0Y16       BUFG (Prop_bufg_I_O)         0.081    -3.517 r  u_soc_top/pll_clk.u_clk_pll/inst/clkout1_buf/O
                         net (fo=4435, routed)        1.550    -1.967    u_soc_top/pll_clk.u_rst_cpu/cpu_clk
    SLICE_X43Y66         FDCE                                         r  u_soc_top/pll_clk.u_rst_cpu/delay_reg[1]/C
  -------------------------------------------------------------------    -------------------
    SLICE_X43Y66         FDCE (Prop_fdce_C_Q)         0.379    -1.588 r  u_soc_top/pll_clk.u_rst_cpu/delay_reg[1]/Q
                         net (fo=23, routed)          1.462    -0.127    u_soc_top/pll_clk.u_rst_cpu/Q[0]
    SLICE_X63Y64         LUT1 (Prop_lut1_I0_O)        0.105    -0.022 f  u_soc_top/pll_clk.u_rst_cpu/wb_tail[1]_i_1/O
                         net (fo=2292, routed)        3.228     3.207    u_soc_top/u_Axi_CDC/arFifo/popToPushGray_buffercc/buffers_0_reg[0]_0
    SLICE_X58Y73         FDCE                                         f  u_soc_top/u_Axi_CDC/arFifo/popToPushGray_buffercc/buffers_0_reg[0]/CLR
  -------------------------------------------------------------------    -------------------

                         (clock cpu_clk rise edge)   10.000    10.000 r  
    K21                                               0.000    10.000 r  clk_50M (IN)
                         net (fo=0)                   0.000    10.000    u_soc_top/pll_clk.u_clk_pll/inst/clk_in1
    K21                  IBUF (Prop_ibuf_I_O)         1.328    11.328 r  u_soc_top/pll_clk.u_clk_pll/inst/clkin1_ibufg/O
                         net (fo=1, routed)           1.019    12.347    u_soc_top/pll_clk.u_clk_pll/inst/clk_in1_clk_pll
    PLLE2_ADV_X0Y3       PLLE2_ADV (Prop_plle2_adv_CLKIN1_CLKOUT0)
                                                     -6.890     5.457 r  u_soc_top/pll_clk.u_clk_pll/inst/plle2_adv_inst/CLKOUT0
                         net (fo=1, routed)           1.484     6.942    u_soc_top/pll_clk.u_clk_pll/inst/cpu_clk_clk_pll
    BUFGCTRL_X0Y16       BUFG (Prop_bufg_I_O)         0.077     7.019 r  u_soc_top/pll_clk.u_clk_pll/inst/clkout1_buf/O
                         net (fo=4435, routed)        1.424     8.443    u_soc_top/u_Axi_CDC/arFifo/popToPushGray_buffercc/cpu_clk
    SLICE_X58Y73         FDCE                                         r  u_soc_top/u_Axi_CDC/arFifo/popToPushGray_buffercc/buffers_0_reg[0]/C
                         clock pessimism             -0.462     7.981    
                         clock uncertainty           -0.094     7.886    
    SLICE_X58Y73         FDCE (Recov_fdce_C_CLR)     -0.331     7.555    u_soc_top/u_Axi_CDC/arFifo/popToPushGray_buffercc/buffers_0_reg[0]
  -------------------------------------------------------------------
                         required time                          7.555    
                         arrival time                          -3.207    
  -------------------------------------------------------------------
                         slack                                  4.348    





Min Delay Paths
--------------------------------------------------------------------------------------
Slack (MET) :             0.774ns  (arrival time - required time)
  Source:                 u_soc_top/u_Axi_CDC/bFifo/bufferCC_12/buffers_1_reg/C
                            (rising edge-triggered cell FDCE clocked by cpu_clk  {rise@0.000ns fall@5.000ns period=10.000ns})
  Destination:            u_soc_top/u_Axi_CDC/rFifo/popCC_ptrToPush_reg[0]/CLR
                            (removal check against rising-edge clock cpu_clk  {rise@0.000ns fall@5.000ns period=10.000ns})
  Path Group:             **async_default**
  Path Type:              Removal (Min at Fast Process Corner)
  Requirement:            0.000ns  (cpu_clk rise@0.000ns - cpu_clk rise@0.000ns)
  Data Path Delay:        0.698ns  (logic 0.227ns (32.544%)  route 0.471ns (67.456%))
  Logic Levels:           1  (LUT1=1)
  Clock Path Skew:        0.016ns (DCD - SCD - CPR)
    Destination Clock Delay (DCD):    -0.358ns
    Source Clock Delay      (SCD):    -0.588ns
    Clock Pessimism Removal (CPR):    0.214ns

    Location             Delay type                Incr(ns)  Path(ns)    Netlist Resource(s)
  -------------------------------------------------------------------    -------------------
                         (clock cpu_clk rise edge)    0.000     0.000 r  
    K21                                               0.000     0.000 r  clk_50M (IN)
                         net (fo=0)                   0.000     0.000    u_soc_top/pll_clk.u_clk_pll/inst/clk_in1
    K21                  IBUF (Prop_ibuf_I_O)         0.231     0.231 r  u_soc_top/pll_clk.u_clk_pll/inst/clkin1_ibufg/O
                         net (fo=1, routed)           0.440     0.671    u_soc_top/pll_clk.u_clk_pll/inst/clk_in1_clk_pll
    PLLE2_ADV_X0Y3       PLLE2_ADV (Prop_plle2_adv_CLKIN1_CLKOUT0)
                                                     -2.520    -1.848 r  u_soc_top/pll_clk.u_clk_pll/inst/plle2_adv_inst/CLKOUT0
                         net (fo=1, routed)           0.560    -1.289    u_soc_top/pll_clk.u_clk_pll/inst/cpu_clk_clk_pll
    BUFGCTRL_X0Y16       BUFG (Prop_bufg_I_O)         0.026    -1.263 r  u_soc_top/pll_clk.u_clk_pll/inst/clkout1_buf/O
                         net (fo=4435, routed)        0.674    -0.588    u_soc_top/u_Axi_CDC/bFifo/bufferCC_12/cpu_clk
    SLICE_X34Y74         FDCE                                         r  u_soc_top/u_Axi_CDC/bFifo/bufferCC_12/buffers_1_reg/C
  -------------------------------------------------------------------    -------------------
    SLICE_X34Y74         FDCE (Prop_fdce_C_Q)         0.128    -0.460 r  u_soc_top/u_Axi_CDC/bFifo/bufferCC_12/buffers_1_reg/Q
                         net (fo=1, routed)           0.279    -0.181    u_soc_top/bFifo_bFifo_toplevel_axiOutRstn_syncronized_1
    SLICE_X34Y74         LUT1 (Prop_lut1_I0_O)        0.099    -0.082 f  u_soc_top/popCC_popPtr[2]_i_2__0/O
                         net (fo=30, routed)          0.191     0.109    u_soc_top/u_Axi_CDC/rFifo/buffers_1_reg[0]
    SLICE_X35Y72         FDCE                                         f  u_soc_top/u_Axi_CDC/rFifo/popCC_ptrToPush_reg[0]/CLR
  -------------------------------------------------------------------    -------------------

                         (clock cpu_clk rise edge)    0.000     0.000 r  
    K21                                               0.000     0.000 r  clk_50M (IN)
                         net (fo=0)                   0.000     0.000    u_soc_top/pll_clk.u_clk_pll/inst/clk_in1
    K21                  IBUF (Prop_ibuf_I_O)         0.419     0.419 r  u_soc_top/pll_clk.u_clk_pll/inst/clkin1_ibufg/O
                         net (fo=1, routed)           0.481     0.900    u_soc_top/pll_clk.u_clk_pll/inst/clk_in1_clk_pll
    PLLE2_ADV_X0Y3       PLLE2_ADV (Prop_plle2_adv_CLKIN1_CLKOUT0)
                                                     -2.847    -1.947 r  u_soc_top/pll_clk.u_clk_pll/inst/plle2_adv_inst/CLKOUT0
                         net (fo=1, routed)           0.611    -1.337    u_soc_top/pll_clk.u_clk_pll/inst/cpu_clk_clk_pll
    BUFGCTRL_X0Y16       BUFG (Prop_bufg_I_O)         0.029    -1.308 r  u_soc_top/pll_clk.u_clk_pll/inst/clkout1_buf/O
                         net (fo=4435, routed)        0.950    -0.358    u_soc_top/u_Axi_CDC/rFifo/cpu_clk
    SLICE_X35Y72         FDCE                                         r  u_soc_top/u_Axi_CDC/rFifo/popCC_ptrToPush_reg[0]/C
                         clock pessimism             -0.214    -0.572    
    SLICE_X35Y72         FDCE (Remov_fdce_C_CLR)     -0.092    -0.664    u_soc_top/u_Axi_CDC/rFifo/popCC_ptrToPush_reg[0]
  -------------------------------------------------------------------
                         required time                          0.664    
                         arrival time                           0.109    
  -------------------------------------------------------------------
                         slack                                  0.774    





---------------------------------------------------------------------------------------------------
Path Group:  **async_default**
From Clock:  sys_clk
  To Clock:  sys_clk

Setup :            0  Failing Endpoints,  Worst Slack       31.947ns,  Total Violation        0.000ns
Hold  :            0  Failing Endpoints,  Worst Slack        0.885ns,  Total Violation        0.000ns
---------------------------------------------------------------------------------------------------


Max Delay Paths
--------------------------------------------------------------------------------------
Slack (MET) :             31.947ns  (required time - arrival time)
  Source:                 u_soc_top/pll_clk.u_rst_sys/delay_reg[1]/C
                            (rising edge-triggered cell FDCE clocked by sys_clk  {rise@0.000ns fall@20.000ns period=40.000ns})
  Destination:            u_soc_top/u_confreg/u_digitaltube_controller/dpy1_reg_reg[2]/CLR
                            (recovery check against rising-edge clock sys_clk  {rise@0.000ns fall@20.000ns period=40.000ns})
  Path Group:             **async_default**
  Path Type:              Recovery (Max at Slow Process Corner)
  Requirement:            40.000ns  (sys_clk rise@40.000ns - sys_clk rise@0.000ns)
  Data Path Delay:        7.436ns  (logic 0.484ns (6.509%)  route 6.952ns (93.491%))
  Logic Levels:           1  (LUT1=1)
  Clock Path Skew:        -0.157ns (DCD - SCD + CPR)
    Destination Clock Delay (DCD):    -1.590ns = ( 38.410 - 40.000 ) 
    Source Clock Delay      (SCD):    -1.962ns
    Clock Pessimism Removal (CPR):    -0.529ns
  Clock Uncertainty:      0.129ns  ((TSJ^2 + DJ^2)^1/2) / 2 + PE
    Total System Jitter     (TSJ):    0.071ns
    Discrete Jitter          (DJ):    0.247ns
    Phase Error              (PE):    0.000ns

    Location             Delay type                Incr(ns)  Path(ns)    Netlist Resource(s)
  -------------------------------------------------------------------    -------------------
                         (clock sys_clk rise edge)    0.000     0.000 r  
    K21                                               0.000     0.000 r  clk_50M (IN)
                         net (fo=0)                   0.000     0.000    u_soc_top/pll_clk.u_clk_pll/inst/clk_in1
    K21                  IBUF (Prop_ibuf_I_O)         1.394     1.394 r  u_soc_top/pll_clk.u_clk_pll/inst/clkin1_ibufg/O
                         net (fo=1, routed)           1.080     2.474    u_soc_top/pll_clk.u_clk_pll/inst/clk_in1_clk_pll
    PLLE2_ADV_X0Y3       PLLE2_ADV (Prop_plle2_adv_CLKIN1_CLKOUT1)
                                                     -7.629    -5.155 r  u_soc_top/pll_clk.u_clk_pll/inst/plle2_adv_inst/CLKOUT1
                         net (fo=1, routed)           1.557    -3.598    u_soc_top/pll_clk.u_clk_pll/inst/sys_clk_clk_pll
    BUFGCTRL_X0Y17       BUFG (Prop_bufg_I_O)         0.081    -3.517 r  u_soc_top/pll_clk.u_clk_pll/inst/clkout2_buf/O
                         net (fo=1108, routed)        1.555    -1.962    u_soc_top/pll_clk.u_rst_sys/sys_clk
    SLICE_X43Y87         FDCE                                         r  u_soc_top/pll_clk.u_rst_sys/delay_reg[1]/C
  -------------------------------------------------------------------    -------------------
    SLICE_X43Y87         FDCE (Prop_fdce_C_Q)         0.379    -1.583 r  u_soc_top/pll_clk.u_rst_sys/delay_reg[1]/Q
                         net (fo=40, routed)          1.543    -0.041    u_soc_top/sys_resetn
    SLICE_X44Y78         LUT1 (Prop_lut1_I0_O)        0.105     0.064 f  u_soc_top/sendRsp_i_2/O
                         net (fo=628, routed)         5.409     5.474    u_soc_top/u_confreg/u_digitaltube_controller/prst
    SLICE_X21Y107        FDCE                                         f  u_soc_top/u_confreg/u_digitaltube_controller/dpy1_reg_reg[2]/CLR
  -------------------------------------------------------------------    -------------------

                         (clock sys_clk rise edge)   40.000    40.000 r  
    K21                                               0.000    40.000 r  clk_50M (IN)
                         net (fo=0)                   0.000    40.000    u_soc_top/pll_clk.u_clk_pll/inst/clk_in1
    K21                  IBUF (Prop_ibuf_I_O)         1.328    41.328 r  u_soc_top/pll_clk.u_clk_pll/inst/clkin1_ibufg/O
                         net (fo=1, routed)           1.019    42.347    u_soc_top/pll_clk.u_clk_pll/inst/clk_in1_clk_pll
    PLLE2_ADV_X0Y3       PLLE2_ADV (Prop_plle2_adv_CLKIN1_CLKOUT1)
                                                     -6.890    35.457 r  u_soc_top/pll_clk.u_clk_pll/inst/plle2_adv_inst/CLKOUT1
                         net (fo=1, routed)           1.484    36.942    u_soc_top/pll_clk.u_clk_pll/inst/sys_clk_clk_pll
    BUFGCTRL_X0Y17       BUFG (Prop_bufg_I_O)         0.077    37.019 r  u_soc_top/pll_clk.u_clk_pll/inst/clkout2_buf/O
                         net (fo=1108, routed)        1.391    38.410    u_soc_top/u_confreg/u_digitaltube_controller/sys_clk
    SLICE_X21Y107        FDCE                                         r  u_soc_top/u_confreg/u_digitaltube_controller/dpy1_reg_reg[2]/C
                         clock pessimism             -0.529    37.881    
                         clock uncertainty           -0.129    37.752    
    SLICE_X21Y107        FDCE (Recov_fdce_C_CLR)     -0.331    37.421    u_soc_top/u_confreg/u_digitaltube_controller/dpy1_reg_reg[2]
  -------------------------------------------------------------------
                         required time                         37.421    
                         arrival time                          -5.474    
  -------------------------------------------------------------------
                         slack                                 31.947    





Min Delay Paths
--------------------------------------------------------------------------------------
Slack (MET) :             0.885ns  (arrival time - required time)
  Source:                 u_soc_top/u_Axi_CDC/awFifo/bufferCC_12/buffers_1_reg/C
                            (rising edge-triggered cell FDCE clocked by sys_clk  {rise@0.000ns fall@20.000ns period=40.000ns})
  Destination:            u_soc_top/u_Axi_CDC/wFifo/popCC_ptrToPush_reg[0]/CLR
                            (removal check against rising-edge clock sys_clk  {rise@0.000ns fall@20.000ns period=40.000ns})
  Path Group:             **async_default**
  Path Type:              Removal (Min at Fast Process Corner)
  Requirement:            0.000ns  (sys_clk rise@0.000ns - sys_clk rise@0.000ns)
  Data Path Delay:        0.858ns  (logic 0.246ns (28.679%)  route 0.612ns (71.321%))
  Logic Levels:           1  (LUT1=1)
  Clock Path Skew:        0.065ns (DCD - SCD - CPR)
    Destination Clock Delay (DCD):    -0.361ns
    Source Clock Delay      (SCD):    -0.618ns
    Clock Pessimism Removal (CPR):    0.192ns

    Location             Delay type                Incr(ns)  Path(ns)    Netlist Resource(s)
  -------------------------------------------------------------------    -------------------
                         (clock sys_clk rise edge)    0.000     0.000 r  
    K21                                               0.000     0.000 r  clk_50M (IN)
                         net (fo=0)                   0.000     0.000    u_soc_top/pll_clk.u_clk_pll/inst/clk_in1
    K21                  IBUF (Prop_ibuf_I_O)         0.231     0.231 r  u_soc_top/pll_clk.u_clk_pll/inst/clkin1_ibufg/O
                         net (fo=1, routed)           0.440     0.671    u_soc_top/pll_clk.u_clk_pll/inst/clk_in1_clk_pll
    PLLE2_ADV_X0Y3       PLLE2_ADV (Prop_plle2_adv_CLKIN1_CLKOUT1)
                                                     -2.520    -1.848 r  u_soc_top/pll_clk.u_clk_pll/inst/plle2_adv_inst/CLKOUT1
                         net (fo=1, routed)           0.560    -1.289    u_soc_top/pll_clk.u_clk_pll/inst/sys_clk_clk_pll
    BUFGCTRL_X0Y17       BUFG (Prop_bufg_I_O)         0.026    -1.263 r  u_soc_top/pll_clk.u_clk_pll/inst/clkout2_buf/O
                         net (fo=1108, routed)        0.644    -0.618    u_soc_top/u_Axi_CDC/awFifo/bufferCC_12/sys_clk
    SLICE_X44Y71         FDCE                                         r  u_soc_top/u_Axi_CDC/awFifo/bufferCC_12/buffers_1_reg/C
  -------------------------------------------------------------------    -------------------
    SLICE_X44Y71         FDCE (Prop_fdce_C_Q)         0.148    -0.470 r  u_soc_top/u_Axi_CDC/awFifo/bufferCC_12/buffers_1_reg/Q
                         net (fo=1, routed)           0.283    -0.188    u_soc_top/awFifo_awFifo_toplevel_axiInRstn_syncronized_1
    SLICE_X44Y71         LUT1 (Prop_lut1_I0_O)        0.098    -0.090 f  u_soc_top/popCC_popPtr[2]_i_2__0__0/O
                         net (fo=43, routed)          0.329     0.239    u_soc_top/u_Axi_CDC/wFifo/buffers_1_reg[0]
    SLICE_X41Y72         FDCE                                         f  u_soc_top/u_Axi_CDC/wFifo/popCC_ptrToPush_reg[0]/CLR
  -------------------------------------------------------------------    -------------------

                         (clock sys_clk rise edge)    0.000     0.000 r  
    K21                                               0.000     0.000 r  clk_50M (IN)
                         net (fo=0)                   0.000     0.000    u_soc_top/pll_clk.u_clk_pll/inst/clk_in1
    K21                  IBUF (Prop_ibuf_I_O)         0.419     0.419 r  u_soc_top/pll_clk.u_clk_pll/inst/clkin1_ibufg/O
                         net (fo=1, routed)           0.481     0.900    u_soc_top/pll_clk.u_clk_pll/inst/clk_in1_clk_pll
    PLLE2_ADV_X0Y3       PLLE2_ADV (Prop_plle2_adv_CLKIN1_CLKOUT1)
                                                     -2.847    -1.947 r  u_soc_top/pll_clk.u_clk_pll/inst/plle2_adv_inst/CLKOUT1
                         net (fo=1, routed)           0.611    -1.337    u_soc_top/pll_clk.u_clk_pll/inst/sys_clk_clk_pll
    BUFGCTRL_X0Y17       BUFG (Prop_bufg_I_O)         0.029    -1.308 r  u_soc_top/pll_clk.u_clk_pll/inst/clkout2_buf/O
                         net (fo=1108, routed)        0.947    -0.361    u_soc_top/u_Axi_CDC/wFifo/sys_clk
    SLICE_X41Y72         FDCE                                         r  u_soc_top/u_Axi_CDC/wFifo/popCC_ptrToPush_reg[0]/C
                         clock pessimism             -0.192    -0.553    
    SLICE_X41Y72         FDCE (Remov_fdce_C_CLR)     -0.092    -0.645    u_soc_top/u_Axi_CDC/wFifo/popCC_ptrToPush_reg[0]
  -------------------------------------------------------------------
                         required time                          0.645    
                         arrival time                           0.239    
  -------------------------------------------------------------------
                         slack                                  0.885    





--------------------------------------------------------------------------------------
Path Group:  (none)
From Clock:  sys_clk
  To Clock:  cpu_clk

Max Delay            54 Endpoints
Min Delay            54 Endpoints
--------------------------------------------------------------------------------------


Max Delay Paths
--------------------------------------------------------------------------------------
Slack:                    inf
  Source:                 u_soc_top/pll_clk.u_rst_sys/delay_reg[1]/C
                            (rising edge-triggered cell FDCE clocked by sys_clk  {rise@0.000ns fall@20.000ns period=40.000ns})
  Destination:            u_soc_top/u_Axi_CDC/bFifo/bufferCC_12/buffers_0_reg/CLR
                            (recovery check against rising-edge clock cpu_clk  {rise@0.000ns fall@5.000ns period=10.000ns})
  Path Group:             (none)
  Path Type:              Recovery (Max at Slow Process Corner)
  Data Path Delay:        5.047ns  (logic 0.484ns (9.590%)  route 4.563ns (90.410%))
  Logic Levels:           1  (LUT1=1)
  Clock Path Skew:        0.486ns (DCD - SCD + CPR)
    Destination Clock Delay (DCD):    -1.476ns
    Source Clock Delay      (SCD):    -1.962ns
    Clock Pessimism Removal (CPR):    0.000ns
  Clock Uncertainty:      0.249ns  ((TSJ^2 + DJ^2)^1/2) / 2 + PE
    Total System Jitter     (TSJ):    0.071ns
    Discrete Jitter          (DJ):    0.247ns
    Phase Error              (PE):    0.120ns
  Timing Exception:       Asynchronous Clock Groups

    Location             Delay type                Incr(ns)  Path(ns)    Netlist Resource(s)
  -------------------------------------------------------------------    -------------------
                         (clock sys_clk rise edge)    0.000     0.000 r  
    K21                                               0.000     0.000 r  clk_50M (IN)
                         net (fo=0)                   0.000     0.000    u_soc_top/pll_clk.u_clk_pll/inst/clk_in1
    K21                  IBUF (Prop_ibuf_I_O)         1.394     1.394 r  u_soc_top/pll_clk.u_clk_pll/inst/clkin1_ibufg/O
                         net (fo=1, routed)           1.080     2.474    u_soc_top/pll_clk.u_clk_pll/inst/clk_in1_clk_pll
    PLLE2_ADV_X0Y3       PLLE2_ADV (Prop_plle2_adv_CLKIN1_CLKOUT1)
                                                     -7.629    -5.155 r  u_soc_top/pll_clk.u_clk_pll/inst/plle2_adv_inst/CLKOUT1
                         net (fo=1, routed)           1.557    -3.598    u_soc_top/pll_clk.u_clk_pll/inst/sys_clk_clk_pll
    BUFGCTRL_X0Y17       BUFG (Prop_bufg_I_O)         0.081    -3.517 r  u_soc_top/pll_clk.u_clk_pll/inst/clkout2_buf/O
                         net (fo=1108, routed)        1.555    -1.962    u_soc_top/pll_clk.u_rst_sys/sys_clk
    SLICE_X43Y87         FDCE                                         r  u_soc_top/pll_clk.u_rst_sys/delay_reg[1]/C
  -------------------------------------------------------------------    -------------------
    SLICE_X43Y87         FDCE (Prop_fdce_C_Q)         0.379    -1.583 r  u_soc_top/pll_clk.u_rst_sys/delay_reg[1]/Q
                         net (fo=40, routed)          1.543    -0.041    u_soc_top/sys_resetn
    SLICE_X44Y78         LUT1 (Prop_lut1_I0_O)        0.105     0.064 f  u_soc_top/sendRsp_i_2/O
                         net (fo=628, routed)         3.020     3.085    u_soc_top/u_Axi_CDC/bFifo/bufferCC_12/prst
    SLICE_X34Y74         FDCE                                         f  u_soc_top/u_Axi_CDC/bFifo/bufferCC_12/buffers_0_reg/CLR
  -------------------------------------------------------------------    -------------------

                         (clock cpu_clk rise edge)    0.000     0.000 r  
    K21                                               0.000     0.000 r  clk_50M (IN)
                         net (fo=0)                   0.000     0.000    u_soc_top/pll_clk.u_clk_pll/inst/clk_in1
    K21                  IBUF (Prop_ibuf_I_O)         1.328     1.328 r  u_soc_top/pll_clk.u_clk_pll/inst/clkin1_ibufg/O
                         net (fo=1, routed)           1.019     2.347    u_soc_top/pll_clk.u_clk_pll/inst/clk_in1_clk_pll
    PLLE2_ADV_X0Y3       PLLE2_ADV (Prop_plle2_adv_CLKIN1_CLKOUT0)
                                                     -6.890    -4.543 r  u_soc_top/pll_clk.u_clk_pll/inst/plle2_adv_inst/CLKOUT0
                         net (fo=1, routed)           1.484    -3.058    u_soc_top/pll_clk.u_clk_pll/inst/cpu_clk_clk_pll
    BUFGCTRL_X0Y16       BUFG (Prop_bufg_I_O)         0.077    -2.981 r  u_soc_top/pll_clk.u_clk_pll/inst/clkout1_buf/O
                         net (fo=4435, routed)        1.505    -1.476    u_soc_top/u_Axi_CDC/bFifo/bufferCC_12/cpu_clk
    SLICE_X34Y74         FDCE                                         r  u_soc_top/u_Axi_CDC/bFifo/bufferCC_12/buffers_0_reg/C





Min Delay Paths
--------------------------------------------------------------------------------------
Slack:                    inf
  Source:                 u_soc_top/u_Axi_CDC/awFifo/popCC_ptrToPush_reg[1]/C
                            (rising edge-triggered cell FDCE clocked by sys_clk  {rise@0.000ns fall@20.000ns period=40.000ns})
  Destination:            u_soc_top/u_Axi_CDC/awFifo/popToPushGray_buffercc/buffers_0_reg[1]/D
                            (rising edge-triggered cell FDCE clocked by cpu_clk  {rise@0.000ns fall@5.000ns period=10.000ns})
  Path Group:             (none)
  Path Type:              Hold (Min at Slow Process Corner)
  Data Path Delay:        0.510ns  (logic 0.304ns (59.606%)  route 0.206ns (40.394%))
  Logic Levels:           0  
  Clock Path Skew:        -0.421ns (DCD - SCD - CPR)
    Destination Clock Delay (DCD):    -1.967ns
    Source Clock Delay      (SCD):    -1.546ns
    Clock Pessimism Removal (CPR):    -0.000ns
  Clock Uncertainty:      0.249ns  ((TSJ^2 + DJ^2)^1/2) / 2 + PE
    Total System Jitter     (TSJ):    0.071ns
    Discrete Jitter          (DJ):    0.247ns
    Phase Error              (PE):    0.120ns
  Timing Exception:       Asynchronous Clock Groups

    Location             Delay type                Incr(ns)  Path(ns)    Netlist Resource(s)
  -------------------------------------------------------------------    -------------------
                         (clock sys_clk rise edge)    0.000     0.000 r  
    K21                                               0.000     0.000 r  clk_50M (IN)
                         net (fo=0)                   0.000     0.000    u_soc_top/pll_clk.u_clk_pll/inst/clk_in1
    K21                  IBUF (Prop_ibuf_I_O)         1.328     1.328 r  u_soc_top/pll_clk.u_clk_pll/inst/clkin1_ibufg/O
                         net (fo=1, routed)           1.019     2.347    u_soc_top/pll_clk.u_clk_pll/inst/clk_in1_clk_pll
    PLLE2_ADV_X0Y3       PLLE2_ADV (Prop_plle2_adv_CLKIN1_CLKOUT1)
                                                     -6.890    -4.543 r  u_soc_top/pll_clk.u_clk_pll/inst/plle2_adv_inst/CLKOUT1
                         net (fo=1, routed)           1.484    -3.058    u_soc_top/pll_clk.u_clk_pll/inst/sys_clk_clk_pll
    BUFGCTRL_X0Y17       BUFG (Prop_bufg_I_O)         0.077    -2.981 r  u_soc_top/pll_clk.u_clk_pll/inst/clkout2_buf/O
                         net (fo=1108, routed)        1.435    -1.546    u_soc_top/u_Axi_CDC/awFifo/sys_clk
    SLICE_X49Y66         FDCE                                         r  u_soc_top/u_Axi_CDC/awFifo/popCC_ptrToPush_reg[1]/C
  -------------------------------------------------------------------    -------------------
    SLICE_X49Y66         FDCE (Prop_fdce_C_Q)         0.304    -1.242 r  u_soc_top/u_Axi_CDC/awFifo/popCC_ptrToPush_reg[1]/Q
                         net (fo=2, routed)           0.206    -1.036    u_soc_top/u_Axi_CDC/awFifo/popToPushGray_buffercc/D[1]
    SLICE_X46Y66         FDCE                                         r  u_soc_top/u_Axi_CDC/awFifo/popToPushGray_buffercc/buffers_0_reg[1]/D
  -------------------------------------------------------------------    -------------------

                         (clock cpu_clk rise edge)    0.000     0.000 r  
    K21                                               0.000     0.000 r  clk_50M (IN)
                         net (fo=0)                   0.000     0.000    u_soc_top/pll_clk.u_clk_pll/inst/clk_in1
    K21                  IBUF (Prop_ibuf_I_O)         1.394     1.394 r  u_soc_top/pll_clk.u_clk_pll/inst/clkin1_ibufg/O
                         net (fo=1, routed)           1.080     2.474    u_soc_top/pll_clk.u_clk_pll/inst/clk_in1_clk_pll
    PLLE2_ADV_X0Y3       PLLE2_ADV (Prop_plle2_adv_CLKIN1_CLKOUT0)
                                                     -7.629    -5.155 r  u_soc_top/pll_clk.u_clk_pll/inst/plle2_adv_inst/CLKOUT0
                         net (fo=1, routed)           1.557    -3.598    u_soc_top/pll_clk.u_clk_pll/inst/cpu_clk_clk_pll
    BUFGCTRL_X0Y16       BUFG (Prop_bufg_I_O)         0.081    -3.517 r  u_soc_top/pll_clk.u_clk_pll/inst/clkout1_buf/O
                         net (fo=4435, routed)        1.550    -1.967    u_soc_top/u_Axi_CDC/awFifo/popToPushGray_buffercc/cpu_clk
    SLICE_X46Y66         FDCE                                         r  u_soc_top/u_Axi_CDC/awFifo/popToPushGray_buffercc/buffers_0_reg[1]/C





--------------------------------------------------------------------------------------
Path Group:  (none)
From Clock:  cpu_clk
  To Clock:  sys_clk

Max Delay           139 Endpoints
Min Delay           139 Endpoints
--------------------------------------------------------------------------------------


Max Delay Paths
--------------------------------------------------------------------------------------
Slack:                    inf
  Source:                 u_soc_top/pll_clk.u_rst_cpu/delay_reg[1]/C
                            (rising edge-triggered cell FDCE clocked by cpu_clk  {rise@0.000ns fall@5.000ns period=10.000ns})
  Destination:            u_soc_top/u_Axi_CDC/awFifo/bufferCC_12/buffers_0_reg/CLR
                            (recovery check against rising-edge clock sys_clk  {rise@0.000ns fall@20.000ns period=40.000ns})
  Path Group:             (none)
  Path Type:              Recovery (Max at Fast Process Corner)
  Data Path Delay:        1.794ns  (logic 0.231ns (12.879%)  route 1.563ns (87.121%))
  Logic Levels:           1  (LUT1=1)
  Clock Path Skew:        -0.232ns (DCD - SCD + CPR)
    Destination Clock Delay (DCD):    -0.618ns
    Source Clock Delay      (SCD):    -0.386ns
    Clock Pessimism Removal (CPR):    0.000ns
  Clock Uncertainty:      0.249ns  ((TSJ^2 + DJ^2)^1/2) / 2 + PE
    Total System Jitter     (TSJ):    0.071ns
    Discrete Jitter          (DJ):    0.247ns
    Phase Error              (PE):    0.120ns
  Timing Exception:       Asynchronous Clock Groups

    Location             Delay type                Incr(ns)  Path(ns)    Netlist Resource(s)
  -------------------------------------------------------------------    -------------------
                         (clock cpu_clk rise edge)    0.000     0.000 r  
    K21                                               0.000     0.000 r  clk_50M (IN)
                         net (fo=0)                   0.000     0.000    u_soc_top/pll_clk.u_clk_pll/inst/clk_in1
    K21                  IBUF (Prop_ibuf_I_O)         0.419     0.419 r  u_soc_top/pll_clk.u_clk_pll/inst/clkin1_ibufg/O
                         net (fo=1, routed)           0.481     0.900    u_soc_top/pll_clk.u_clk_pll/inst/clk_in1_clk_pll
    PLLE2_ADV_X0Y3       PLLE2_ADV (Prop_plle2_adv_CLKIN1_CLKOUT0)
                                                     -2.847    -1.947 r  u_soc_top/pll_clk.u_clk_pll/inst/plle2_adv_inst/CLKOUT0
                         net (fo=1, routed)           0.611    -1.337    u_soc_top/pll_clk.u_clk_pll/inst/cpu_clk_clk_pll
    BUFGCTRL_X0Y16       BUFG (Prop_bufg_I_O)         0.029    -1.308 r  u_soc_top/pll_clk.u_clk_pll/inst/clkout1_buf/O
                         net (fo=4435, routed)        0.922    -0.386    u_soc_top/pll_clk.u_rst_cpu/cpu_clk
    SLICE_X43Y66         FDCE                                         r  u_soc_top/pll_clk.u_rst_cpu/delay_reg[1]/C
  -------------------------------------------------------------------    -------------------
    SLICE_X43Y66         FDCE (Prop_fdce_C_Q)         0.175    -0.211 r  u_soc_top/pll_clk.u_rst_cpu/delay_reg[1]/Q
                         net (fo=23, routed)          0.867     0.656    u_soc_top/pll_clk.u_rst_cpu/Q[0]
    SLICE_X63Y64         LUT1 (Prop_lut1_I0_O)        0.056     0.712 f  u_soc_top/pll_clk.u_rst_cpu/wb_tail[1]_i_1/O
                         net (fo=2292, routed)        0.696     1.407    u_soc_top/u_Axi_CDC/awFifo/bufferCC_12/buffers_0_reg_0
    SLICE_X44Y71         FDCE                                         f  u_soc_top/u_Axi_CDC/awFifo/bufferCC_12/buffers_0_reg/CLR
  -------------------------------------------------------------------    -------------------

                         (clock sys_clk rise edge)    0.000     0.000 r  
    K21                                               0.000     0.000 r  clk_50M (IN)
                         net (fo=0)                   0.000     0.000    u_soc_top/pll_clk.u_clk_pll/inst/clk_in1
    K21                  IBUF (Prop_ibuf_I_O)         0.231     0.231 r  u_soc_top/pll_clk.u_clk_pll/inst/clkin1_ibufg/O
                         net (fo=1, routed)           0.440     0.671    u_soc_top/pll_clk.u_clk_pll/inst/clk_in1_clk_pll
    PLLE2_ADV_X0Y3       PLLE2_ADV (Prop_plle2_adv_CLKIN1_CLKOUT1)
                                                     -2.520    -1.848 r  u_soc_top/pll_clk.u_clk_pll/inst/plle2_adv_inst/CLKOUT1
                         net (fo=1, routed)           0.560    -1.289    u_soc_top/pll_clk.u_clk_pll/inst/sys_clk_clk_pll
    BUFGCTRL_X0Y17       BUFG (Prop_bufg_I_O)         0.026    -1.263 r  u_soc_top/pll_clk.u_clk_pll/inst/clkout2_buf/O
                         net (fo=1108, routed)        0.644    -0.618    u_soc_top/u_Axi_CDC/awFifo/bufferCC_12/sys_clk
    SLICE_X44Y71         FDCE                                         r  u_soc_top/u_Axi_CDC/awFifo/bufferCC_12/buffers_0_reg/C





Min Delay Paths
--------------------------------------------------------------------------------------
Slack:                    inf
  Source:                 u_soc_top/u_Axi_CDC/arFifo/pushCC_pushPtrGray_reg[1]/C
                            (rising edge-triggered cell FDCE clocked by cpu_clk  {rise@0.000ns fall@5.000ns period=10.000ns})
  Destination:            u_soc_top/u_Axi_CDC/arFifo/pushToPopGray_buffercc/buffers_0_reg[1]/D
                            (rising edge-triggered cell FDCE clocked by sys_clk  {rise@0.000ns fall@20.000ns period=40.000ns})
  Path Group:             (none)
  Path Type:              Hold (Min at Slow Process Corner)
  Data Path Delay:        0.526ns  (logic 0.304ns (57.761%)  route 0.222ns (42.239%))
  Logic Levels:           0  
  Clock Path Skew:        -0.423ns (DCD - SCD - CPR)
    Destination Clock Delay (DCD):    -1.978ns
    Source Clock Delay      (SCD):    -1.555ns
    Clock Pessimism Removal (CPR):    -0.000ns
  Clock Uncertainty:      0.249ns  ((TSJ^2 + DJ^2)^1/2) / 2 + PE
    Total System Jitter     (TSJ):    0.071ns
    Discrete Jitter          (DJ):    0.247ns
    Phase Error              (PE):    0.120ns
  Timing Exception:       Asynchronous Clock Groups

    Location             Delay type                Incr(ns)  Path(ns)    Netlist Resource(s)
  -------------------------------------------------------------------    -------------------
                         (clock cpu_clk rise edge)    0.000     0.000 r  
    K21                                               0.000     0.000 r  clk_50M (IN)
                         net (fo=0)                   0.000     0.000    u_soc_top/pll_clk.u_clk_pll/inst/clk_in1
    K21                  IBUF (Prop_ibuf_I_O)         1.328     1.328 r  u_soc_top/pll_clk.u_clk_pll/inst/clkin1_ibufg/O
                         net (fo=1, routed)           1.019     2.347    u_soc_top/pll_clk.u_clk_pll/inst/clk_in1_clk_pll
    PLLE2_ADV_X0Y3       PLLE2_ADV (Prop_plle2_adv_CLKIN1_CLKOUT0)
                                                     -6.890    -4.543 r  u_soc_top/pll_clk.u_clk_pll/inst/plle2_adv_inst/CLKOUT0
                         net (fo=1, routed)           1.484    -3.058    u_soc_top/pll_clk.u_clk_pll/inst/cpu_clk_clk_pll
    BUFGCTRL_X0Y16       BUFG (Prop_bufg_I_O)         0.077    -2.981 r  u_soc_top/pll_clk.u_clk_pll/inst/clkout1_buf/O
                         net (fo=4435, routed)        1.426    -1.555    u_soc_top/u_Axi_CDC/arFifo/cpu_clk
    SLICE_X53Y74         FDCE                                         r  u_soc_top/u_Axi_CDC/arFifo/pushCC_pushPtrGray_reg[1]/C
  -------------------------------------------------------------------    -------------------
    SLICE_X53Y74         FDCE (Prop_fdce_C_Q)         0.304    -1.251 r  u_soc_top/u_Axi_CDC/arFifo/pushCC_pushPtrGray_reg[1]/Q
                         net (fo=2, routed)           0.222    -1.029    u_soc_top/u_Axi_CDC/arFifo/pushToPopGray_buffercc/Q[1]
    SLICE_X54Y74         FDCE                                         r  u_soc_top/u_Axi_CDC/arFifo/pushToPopGray_buffercc/buffers_0_reg[1]/D
  -------------------------------------------------------------------    -------------------

                         (clock sys_clk rise edge)    0.000     0.000 r  
    K21                                               0.000     0.000 r  clk_50M (IN)
                         net (fo=0)                   0.000     0.000    u_soc_top/pll_clk.u_clk_pll/inst/clk_in1
    K21                  IBUF (Prop_ibuf_I_O)         1.394     1.394 r  u_soc_top/pll_clk.u_clk_pll/inst/clkin1_ibufg/O
                         net (fo=1, routed)           1.080     2.474    u_soc_top/pll_clk.u_clk_pll/inst/clk_in1_clk_pll
    PLLE2_ADV_X0Y3       PLLE2_ADV (Prop_plle2_adv_CLKIN1_CLKOUT1)
                                                     -7.629    -5.155 r  u_soc_top/pll_clk.u_clk_pll/inst/plle2_adv_inst/CLKOUT1
                         net (fo=1, routed)           1.557    -3.598    u_soc_top/pll_clk.u_clk_pll/inst/sys_clk_clk_pll
    BUFGCTRL_X0Y17       BUFG (Prop_bufg_I_O)         0.081    -3.517 r  u_soc_top/pll_clk.u_clk_pll/inst/clkout2_buf/O
                         net (fo=1108, routed)        1.539    -1.978    u_soc_top/u_Axi_CDC/arFifo/pushToPopGray_buffercc/sys_clk
    SLICE_X54Y74         FDCE                                         r  u_soc_top/u_Axi_CDC/arFifo/pushToPopGray_buffercc/buffers_0_reg[1]/C





--------------------------------------------------------------------------------------
Path Group:  (none)
From Clock:  clkfbout_clk_pll
  To Clock:  

Max Delay             1 Endpoint
Min Delay             1 Endpoint
--------------------------------------------------------------------------------------


Max Delay Paths
--------------------------------------------------------------------------------------
Slack:                    inf
  Source:                 u_soc_top/pll_clk.u_clk_pll/inst/plle2_adv_inst/CLKFBOUT
                            (clock source 'clkfbout_clk_pll'  {rise@0.000ns fall@10.000ns period=20.000ns})
  Destination:            u_soc_top/pll_clk.u_clk_pll/inst/plle2_adv_inst/CLKFBIN
  Path Group:             (none)
  Path Type:              Max at Fast Process Corner
  Data Path Delay:        1.519ns  (logic 0.029ns (1.909%)  route 1.490ns (98.091%))
  Logic Levels:           1  (BUFG=1)
  Clock Uncertainty:      0.226ns  ((TSJ^2 + DJ^2)^1/2) / 2 + PE
    Total System Jitter     (TSJ):    0.050ns
    Discrete Jitter          (DJ):    0.118ns
    Phase Error              (PE):    0.162ns

    Location             Delay type                Incr(ns)  Path(ns)    Netlist Resource(s)
  -------------------------------------------------------------------    -------------------
                         (clock clkfbout_clk_pll fall edge)
                                                     10.000    10.000 f  
    K21                                               0.000    10.000 f  clk_50M (IN)
                         net (fo=0)                   0.000    10.000    u_soc_top/pll_clk.u_clk_pll/inst/clk_in1
    K21                  IBUF (Prop_ibuf_I_O)         0.419    10.419 f  u_soc_top/pll_clk.u_clk_pll/inst/clkin1_ibufg/O
                         net (fo=1, routed)           0.481    10.900    u_soc_top/pll_clk.u_clk_pll/inst/clk_in1_clk_pll
  -------------------------------------------------------------------    -------------------
    PLLE2_ADV_X0Y3       PLLE2_ADV (Prop_plle2_adv_CLKIN1_CLKFBOUT)
                                                     -2.847     8.053 f  u_soc_top/pll_clk.u_clk_pll/inst/plle2_adv_inst/CLKFBOUT
                         net (fo=1, routed)           0.611     8.663    u_soc_top/pll_clk.u_clk_pll/inst/clkfbout_clk_pll
    BUFGCTRL_X0Y18       BUFG (Prop_bufg_I_O)         0.029     8.692 f  u_soc_top/pll_clk.u_clk_pll/inst/clkf_buf/O
                         net (fo=1, routed)           0.880     9.572    u_soc_top/pll_clk.u_clk_pll/inst/clkfbout_buf_clk_pll
    PLLE2_ADV_X0Y3       PLLE2_ADV                                    f  u_soc_top/pll_clk.u_clk_pll/inst/plle2_adv_inst/CLKFBIN
  -------------------------------------------------------------------    -------------------





Min Delay Paths
--------------------------------------------------------------------------------------
Slack:                    inf
  Source:                 u_soc_top/pll_clk.u_clk_pll/inst/plle2_adv_inst/CLKFBOUT
                            (clock source 'clkfbout_clk_pll'  {rise@0.000ns fall@10.000ns period=20.000ns})
  Destination:            u_soc_top/pll_clk.u_clk_pll/inst/plle2_adv_inst/CLKFBIN
  Path Group:             (none)
  Path Type:              Min at Slow Process Corner
  Data Path Delay:        2.980ns  (logic 0.077ns (2.584%)  route 2.903ns (97.416%))
  Logic Levels:           1  (BUFG=1)
  Clock Uncertainty:      0.226ns  ((TSJ^2 + DJ^2)^1/2) / 2 + PE
    Total System Jitter     (TSJ):    0.050ns
    Discrete Jitter          (DJ):    0.118ns
    Phase Error              (PE):    0.162ns

    Location             Delay type                Incr(ns)  Path(ns)    Netlist Resource(s)
  -------------------------------------------------------------------    -------------------
                         (clock clkfbout_clk_pll rise edge)
                                                      0.000     0.000 r  
    K21                                               0.000     0.000 r  clk_50M (IN)
                         net (fo=0)                   0.000     0.000    u_soc_top/pll_clk.u_clk_pll/inst/clk_in1
    K21                  IBUF (Prop_ibuf_I_O)         1.328     1.328 r  u_soc_top/pll_clk.u_clk_pll/inst/clkin1_ibufg/O
                         net (fo=1, routed)           1.019     2.347    u_soc_top/pll_clk.u_clk_pll/inst/clk_in1_clk_pll
  -------------------------------------------------------------------    -------------------
    PLLE2_ADV_X0Y3       PLLE2_ADV (Prop_plle2_adv_CLKIN1_CLKFBOUT)
                                                     -6.890    -4.543 r  u_soc_top/pll_clk.u_clk_pll/inst/plle2_adv_inst/CLKFBOUT
                         net (fo=1, routed)           1.484    -3.058    u_soc_top/pll_clk.u_clk_pll/inst/clkfbout_clk_pll
    BUFGCTRL_X0Y18       BUFG (Prop_bufg_I_O)         0.077    -2.981 r  u_soc_top/pll_clk.u_clk_pll/inst/clkf_buf/O
                         net (fo=1, routed)           1.418    -1.563    u_soc_top/pll_clk.u_clk_pll/inst/clkfbout_buf_clk_pll
    PLLE2_ADV_X0Y3       PLLE2_ADV                                    r  u_soc_top/pll_clk.u_clk_pll/inst/plle2_adv_inst/CLKFBIN
  -------------------------------------------------------------------    -------------------





--------------------------------------------------------------------------------------
Path Group:  (none)
From Clock:  sys_clk
  To Clock:  

Max Delay            34 Endpoints
Min Delay            34 Endpoints
--------------------------------------------------------------------------------------


Max Delay Paths
--------------------------------------------------------------------------------------
Slack:                    inf
  Source:                 u_soc_top/u_confreg/u_digitaltube_controller/dpy0_reg_reg[2]/C
                            (rising edge-triggered cell FDCE clocked by sys_clk  {rise@0.000ns fall@20.000ns period=40.000ns})
  Destination:            dpy0[2]
                            (output port)
  Path Group:             (none)
  Path Type:              Max at Slow Process Corner
  Data Path Delay:        10.531ns  (logic 3.737ns (35.486%)  route 6.794ns (64.514%))
  Logic Levels:           1  (OBUF=1)
  Clock Uncertainty:      0.288ns  ((TSJ^2 + DJ^2)^1/2) / 2 + PE
    Total System Jitter     (TSJ):    0.050ns
    Discrete Jitter          (DJ):    0.247ns
    Phase Error              (PE):    0.162ns

    Location             Delay type                Incr(ns)  Path(ns)    Netlist Resource(s)
  -------------------------------------------------------------------    -------------------
                         (clock sys_clk rise edge)    0.000     0.000 r  
    K21                                               0.000     0.000 r  clk_50M (IN)
                         net (fo=0)                   0.000     0.000    u_soc_top/pll_clk.u_clk_pll/inst/clk_in1
    K21                  IBUF (Prop_ibuf_I_O)         1.394     1.394 r  u_soc_top/pll_clk.u_clk_pll/inst/clkin1_ibufg/O
                         net (fo=1, routed)           1.080     2.474    u_soc_top/pll_clk.u_clk_pll/inst/clk_in1_clk_pll
    PLLE2_ADV_X0Y3       PLLE2_ADV (Prop_plle2_adv_CLKIN1_CLKOUT1)
                                                     -7.629    -5.155 r  u_soc_top/pll_clk.u_clk_pll/inst/plle2_adv_inst/CLKOUT1
                         net (fo=1, routed)           1.557    -3.598    u_soc_top/pll_clk.u_clk_pll/inst/sys_clk_clk_pll
    BUFGCTRL_X0Y17       BUFG (Prop_bufg_I_O)         0.081    -3.517 r  u_soc_top/pll_clk.u_clk_pll/inst/clkout2_buf/O
                         net (fo=1108, routed)        1.637    -1.880    u_soc_top/u_confreg/u_digitaltube_controller/sys_clk
    SLICE_X10Y79         FDCE                                         r  u_soc_top/u_confreg/u_digitaltube_controller/dpy0_reg_reg[2]/C
  -------------------------------------------------------------------    -------------------
    SLICE_X10Y79         FDCE (Prop_fdce_C_Q)         0.433    -1.447 r  u_soc_top/u_confreg/u_digitaltube_controller/dpy0_reg_reg[2]/Q
                         net (fo=1, routed)           6.794     5.347    dpy0_OBUF[2]
    B21                  OBUF (Prop_obuf_I_O)         3.304     8.651 r  dpy0_OBUF[2]_inst/O
                         net (fo=0)                   0.000     8.651    dpy0[2]
    B21                                                               r  dpy0[2] (OUT)
  -------------------------------------------------------------------    -------------------





Min Delay Paths
--------------------------------------------------------------------------------------
Slack:                    inf
  Source:                 u_soc_top/u_confreg/led_data_reg[10]_lopt_replica/C
                            (rising edge-triggered cell FDRE clocked by sys_clk  {rise@0.000ns fall@20.000ns period=40.000ns})
  Destination:            leds[10]
                            (output port)
  Path Group:             (none)
  Path Type:              Min at Fast Process Corner
  Data Path Delay:        2.919ns  (logic 1.389ns (47.583%)  route 1.530ns (52.417%))
  Logic Levels:           1  (OBUF=1)
  Clock Uncertainty:      0.288ns  ((TSJ^2 + DJ^2)^1/2) / 2 + PE
    Total System Jitter     (TSJ):    0.050ns
    Discrete Jitter          (DJ):    0.247ns
    Phase Error              (PE):    0.162ns

    Location             Delay type                Incr(ns)  Path(ns)    Netlist Resource(s)
  -------------------------------------------------------------------    -------------------
                         (clock sys_clk rise edge)    0.000     0.000 r  
    K21                                               0.000     0.000 r  clk_50M (IN)
                         net (fo=0)                   0.000     0.000    u_soc_top/pll_clk.u_clk_pll/inst/clk_in1
    K21                  IBUF (Prop_ibuf_I_O)         0.231     0.231 r  u_soc_top/pll_clk.u_clk_pll/inst/clkin1_ibufg/O
                         net (fo=1, routed)           0.440     0.671    u_soc_top/pll_clk.u_clk_pll/inst/clk_in1_clk_pll
    PLLE2_ADV_X0Y3       PLLE2_ADV (Prop_plle2_adv_CLKIN1_CLKOUT1)
                                                     -2.520    -1.848 r  u_soc_top/pll_clk.u_clk_pll/inst/plle2_adv_inst/CLKOUT1
                         net (fo=1, routed)           0.560    -1.289    u_soc_top/pll_clk.u_clk_pll/inst/sys_clk_clk_pll
    BUFGCTRL_X0Y17       BUFG (Prop_bufg_I_O)         0.026    -1.263 r  u_soc_top/pll_clk.u_clk_pll/inst/clkout2_buf/O
                         net (fo=1108, routed)        0.689    -0.573    u_soc_top/u_confreg/sys_clk
    SLICE_X15Y82         FDRE                                         r  u_soc_top/u_confreg/led_data_reg[10]_lopt_replica/C
  -------------------------------------------------------------------    -------------------
    SLICE_X15Y82         FDRE (Prop_fdre_C_Q)         0.141    -0.432 r  u_soc_top/u_confreg/led_data_reg[10]_lopt_replica/Q
                         net (fo=1, routed)           1.530     1.097    lopt_53
    D21                  OBUF (Prop_obuf_I_O)         1.248     2.345 r  leds_OBUF[10]_inst/O
                         net (fo=0)                   0.000     2.345    leds[10]
    D21                                                               r  leds[10] (OUT)
  -------------------------------------------------------------------    -------------------





--------------------------------------------------------------------------------------
Path Group:  (none)
From Clock:  
  To Clock:  sys_clk

Max Delay            39 Endpoints
Min Delay            39 Endpoints
--------------------------------------------------------------------------------------


Max Delay Paths
--------------------------------------------------------------------------------------
Slack:                    inf
  Source:                 dip_sw[11]
                            (input port)
  Destination:            u_soc_top/u_confreg/s_rdata_reg[11]/D
                            (rising edge-triggered cell FDRE clocked by sys_clk  {rise@0.000ns fall@20.000ns period=40.000ns})
  Path Group:             (none)
  Path Type:              Setup (Max at Slow Process Corner)
  Data Path Delay:        8.893ns  (logic 1.612ns (18.130%)  route 7.280ns (81.870%))
  Logic Levels:           3  (IBUF=1 LUT2=1 LUT6=1)
  Clock Path Skew:        -1.464ns (DCD - SCD + CPR)
    Destination Clock Delay (DCD):    -1.464ns
    Source Clock Delay      (SCD):    0.000ns
    Clock Pessimism Removal (CPR):    0.000ns

    Location             Delay type                Incr(ns)  Path(ns)    Netlist Resource(s)
  -------------------------------------------------------------------    -------------------
    L7                                                0.000     0.000 r  dip_sw[11] (IN)
                         net (fo=0)                   0.000     0.000    dip_sw[11]
    L7                   IBUF (Prop_ibuf_I_O)         1.402     1.402 r  dip_sw_IBUF[11]_inst/O
                         net (fo=1, routed)           6.340     7.742    u_soc_top/u_confreg/dip_sw_IBUF[11]
    SLICE_X22Y82         LUT6 (Prop_lut6_I4_O)        0.105     7.847 r  u_soc_top/u_confreg/s_rdata[11]_i_2/O
                         net (fo=1, routed)           0.941     8.788    u_soc_top/u_confreg/s_rdata[11]_i_2_n_0
    SLICE_X20Y78         LUT2 (Prop_lut2_I0_O)        0.105     8.893 r  u_soc_top/u_confreg/s_rdata[11]_i_1/O
                         net (fo=1, routed)           0.000     8.893    u_soc_top/u_confreg/s_rdata[11]_i_1_n_0
    SLICE_X20Y78         FDRE                                         r  u_soc_top/u_confreg/s_rdata_reg[11]/D
  -------------------------------------------------------------------    -------------------

                         (clock sys_clk rise edge)    0.000     0.000 r  
    K21                                               0.000     0.000 r  clk_50M (IN)
                         net (fo=0)                   0.000     0.000    u_soc_top/pll_clk.u_clk_pll/inst/clk_in1
    K21                  IBUF (Prop_ibuf_I_O)         1.328     1.328 r  u_soc_top/pll_clk.u_clk_pll/inst/clkin1_ibufg/O
                         net (fo=1, routed)           1.019     2.347    u_soc_top/pll_clk.u_clk_pll/inst/clk_in1_clk_pll
    PLLE2_ADV_X0Y3       PLLE2_ADV (Prop_plle2_adv_CLKIN1_CLKOUT1)
                                                     -6.890    -4.543 r  u_soc_top/pll_clk.u_clk_pll/inst/plle2_adv_inst/CLKOUT1
                         net (fo=1, routed)           1.484    -3.058    u_soc_top/pll_clk.u_clk_pll/inst/sys_clk_clk_pll
    BUFGCTRL_X0Y17       BUFG (Prop_bufg_I_O)         0.077    -2.981 r  u_soc_top/pll_clk.u_clk_pll/inst/clkout2_buf/O
                         net (fo=1108, routed)        1.517    -1.464    u_soc_top/u_confreg/sys_clk
    SLICE_X20Y78         FDRE                                         r  u_soc_top/u_confreg/s_rdata_reg[11]/C





Min Delay Paths
--------------------------------------------------------------------------------------
Slack:                    inf
  Source:                 rxd
                            (input port)
  Destination:            u_soc_top/u_axi_uart_controller/uart0/regs/i_uart_sync_flops/flop_0_reg[0]/D
                            (rising edge-triggered cell FDSE clocked by sys_clk  {rise@0.000ns fall@20.000ns period=40.000ns})
  Path Group:             (none)
  Path Type:              Hold (Min at Fast Process Corner)
  Data Path Delay:        1.936ns  (logic 0.279ns (14.388%)  route 1.657ns (85.612%))
  Logic Levels:           2  (IBUF=1 LUT4=1)
  Clock Path Skew:        -0.341ns (DCD - SCD - CPR)
    Destination Clock Delay (DCD):    -0.341ns
    Source Clock Delay      (SCD):    0.000ns
    Clock Pessimism Removal (CPR):    -0.000ns

    Location             Delay type                Incr(ns)  Path(ns)    Netlist Resource(s)
  -------------------------------------------------------------------    -------------------
    J20                                               0.000     0.000 r  rxd (INOUT)
                         net (fo=1, unset)            0.000     0.000    rxd_IOBUF_inst/IO
    J20                  IBUF (Prop_ibuf_I_O)         0.234     0.234 r  rxd_IOBUF_inst/IBUF/O
                         net (fo=1, routed)           1.657     1.891    u_soc_top/u_axi_uart_controller/uart0/regs/i_uart_sync_flops/rxd_IBUF
    SLICE_X17Y87         LUT4 (Prop_lut4_I3_O)        0.045     1.936 r  u_soc_top/u_axi_uart_controller/uart0/regs/i_uart_sync_flops/flop_0[0]_i_1/O
                         net (fo=1, routed)           0.000     1.936    u_soc_top/u_axi_uart_controller/uart0/regs/i_uart_sync_flops/rcv_pad_i
    SLICE_X17Y87         FDSE                                         r  u_soc_top/u_axi_uart_controller/uart0/regs/i_uart_sync_flops/flop_0_reg[0]/D
  -------------------------------------------------------------------    -------------------

                         (clock sys_clk rise edge)    0.000     0.000 r  
    K21                                               0.000     0.000 r  clk_50M (IN)
                         net (fo=0)                   0.000     0.000    u_soc_top/pll_clk.u_clk_pll/inst/clk_in1
    K21                  IBUF (Prop_ibuf_I_O)         0.419     0.419 r  u_soc_top/pll_clk.u_clk_pll/inst/clkin1_ibufg/O
                         net (fo=1, routed)           0.481     0.900    u_soc_top/pll_clk.u_clk_pll/inst/clk_in1_clk_pll
    PLLE2_ADV_X0Y3       PLLE2_ADV (Prop_plle2_adv_CLKIN1_CLKOUT1)
                                                     -2.847    -1.947 r  u_soc_top/pll_clk.u_clk_pll/inst/plle2_adv_inst/CLKOUT1
                         net (fo=1, routed)           0.611    -1.337    u_soc_top/pll_clk.u_clk_pll/inst/sys_clk_clk_pll
    BUFGCTRL_X0Y17       BUFG (Prop_bufg_I_O)         0.029    -1.308 r  u_soc_top/pll_clk.u_clk_pll/inst/clkout2_buf/O
                         net (fo=1108, routed)        0.967    -0.341    u_soc_top/u_axi_uart_controller/uart0/regs/i_uart_sync_flops/sys_clk
    SLICE_X17Y87         FDSE                                         r  u_soc_top/u_axi_uart_controller/uart0/regs/i_uart_sync_flops/flop_0_reg[0]/C





