Copyright 1986-2019 Xilinx, Inc. All Rights Reserved.
---------------------------------------------------------------------------------------------------------------------------------------------
| Tool Version : Vivado v.2019.2 (lin64) Build 2708876 Wed Nov  6 21:39:14 MST 2019
| Date         : Tue Aug  4 13:32:28 2026
| Host         : 9a1f267be147 running 64-bit Ubuntu 18.04.6 LTS
| Command      : report_timing_summary -delay_type min_max -report_unconstrained -file /workspace/run_vivado/project/impl_timing_summary.rpt
| Design       : thinpad_top
| Device       : 7a200t-fbg676
| Speed File   : -2  PRODUCTION 1.23 2018-06-13
---------------------------------------------------------------------------------------------------------------------------------------------

Timing Summary Report

------------------------------------------------------------------------------------------------
| Timer Settings
| --------------
------------------------------------------------------------------------------------------------

  Enable Multi Corner Analysis               :  Yes
  Enable Pessimism Removal                   :  Yes
  Pessimism Removal Resolution               :  Nearest Common Node
  Enable Input Delay Default Clock           :  No
  Enable Preset / Clear Arcs                 :  No
  Disable Flight Delays                      :  No
  Ignore I/O Paths                           :  No
  Timing Early Launch at Borrowing Latches   :  No
  Borrow Time for Max Delay Exceptions       :  Yes
  Merge Timing Exceptions                    :  Yes

  Corner  Analyze    Analyze    
  Name    Max Paths  Min Paths  
  ------  ---------  ---------  
  Slow    Yes        Yes        
  Fast    Yes        Yes        



check_timing report

Table of Contents
-----------------
1. checking no_clock
2. checking constant_clock
3. checking pulse_width_clock
4. checking unconstrained_internal_endpoints
5. checking no_input_delay
6. checking no_output_delay
7. checking multiple_clock
8. checking generated_clocks
9. checking loops
10. checking partial_input_delay
11. checking partial_output_delay
12. checking latch_loops

1. checking no_clock
--------------------
 There are 0 register/latch pins with no clock.


2. checking constant_clock
--------------------------
 There are 0 register/latch pins with constant_clock.


3. checking pulse_width_clock
-----------------------------
 There are 0 register/latch pins which need pulse_width check


4. checking unconstrained_internal_endpoints
--------------------------------------------
 There are 0 pins that are not constrained for maximum delay.

 There are 0 pins that are not constrained for maximum delay due to constant clock.


5. checking no_input_delay
--------------------------
 There are 34 input ports with no input delay specified. (HIGH)

 There are 0 input ports with no input delay but user has a false path constraint.


6. checking no_output_delay
---------------------------
 There are 34 ports with no output delay specified. (HIGH)

 There are 0 ports with no output delay but user has a false path constraint

 There are 0 ports with no output delay but with a timing clock defined on it or propagating through it


7. checking multiple_clock
--------------------------
 There are 0 register/latch pins with multiple clocks.


8. checking generated_clocks
----------------------------
 There are 0 generated clocks that are not connected to a clock source.


9. checking loops
-----------------
 There are 0 combinational loops in the design.


10. checking partial_input_delay
--------------------------------
 There are 0 input ports with partial input delay specified.


11. checking partial_output_delay
---------------------------------
 There are 0 ports with partial output delay specified.


12. checking latch_loops
------------------------
 There are 0 combinational latch loops in the design through latch input



------------------------------------------------------------------------------------------------
| Design Timing Summary
| ---------------------
------------------------------------------------------------------------------------------------

    WNS(ns)      TNS(ns)  TNS Failing Endpoints  TNS Total Endpoints      WHS(ns)      THS(ns)  THS Failing Endpoints  THS Total Endpoints     WPWS(ns)     TPWS(ns)  TPWS Failing Endpoints  TPWS Total Endpoints  
    -------      -------  ---------------------  -------------------      -------      -------  ---------------------  -------------------     --------     --------  ----------------------  --------------------  
     -0.455      -15.374                    131                23755        0.065        0.000                      0                23755        3.870        0.000                       0                  6445  


Timing constraints are not met.


------------------------------------------------------------------------------------------------
| Clock Summary
| -------------
------------------------------------------------------------------------------------------------

Clock               Waveform(ns)       Period(ns)      Frequency(MHz)
-----               ------------       ----------      --------------
clk_50M             {0.000 10.000}     20.000          50.000          
  clkfbout_clk_pll  {0.000 10.000}     20.000          50.000          
  cpu_clk           {0.000 5.000}      10.000          100.000         
  sys_clk           {0.000 20.000}     40.000          25.000          


------------------------------------------------------------------------------------------------
| Intra Clock Table
| -----------------
------------------------------------------------------------------------------------------------

Clock                   WNS(ns)      TNS(ns)  TNS Failing Endpoints  TNS Total Endpoints      WHS(ns)      THS(ns)  THS Failing Endpoints  THS Total Endpoints     WPWS(ns)     TPWS(ns)  TPWS Failing Endpoints  TPWS Total Endpoints  
-----                   -------      -------  ---------------------  -------------------      -------      -------  ---------------------  -------------------     --------     --------  ----------------------  --------------------  
clk_50M                                                                                                                                                               7.000        0.000                       0                     1  
  clkfbout_clk_pll                                                                                                                                                   18.408        0.000                       0                     3  
  cpu_clk                -0.455      -15.374                    131                20779        0.073        0.000                      0                20779        3.870        0.000                       0                  5331  
  sys_clk                30.782        0.000                      0                 2701        0.065        0.000                      0                 2701       18.870        0.000                       0                  1110  


------------------------------------------------------------------------------------------------
| Inter Clock Table
| -----------------
------------------------------------------------------------------------------------------------

From Clock    To Clock          WNS(ns)      TNS(ns)  TNS Failing Endpoints  TNS Total Endpoints      WHS(ns)      THS(ns)  THS Failing Endpoints  THS Total Endpoints  
----------    --------          -------      -------  ---------------------  -------------------      -------      -------  ---------------------  -------------------  


------------------------------------------------------------------------------------------------
| Other Path Groups Table
| -----------------------
------------------------------------------------------------------------------------------------

Path Group         From Clock         To Clock               WNS(ns)      TNS(ns)  TNS Failing Endpoints  TNS Total Endpoints      WHS(ns)      THS(ns)  THS Failing Endpoints  THS Total Endpoints  
----------         ----------         --------               -------      -------  ---------------------  -------------------      -------      -------  ---------------------  -------------------  
**async_default**  cpu_clk            cpu_clk                  4.066        0.000                      0                   67        0.828        0.000                      0                   67  
**async_default**  sys_clk            sys_clk                 34.118        0.000                      0                  208        0.771        0.000                      0                  208  


------------------------------------------------------------------------------------------------
| User Ignored Path Table
| -----------------------
------------------------------------------------------------------------------------------------

Path Group    From Clock    To Clock    
----------    ----------    --------    
(none)        sys_clk       cpu_clk       
(none)        cpu_clk       sys_clk       


------------------------------------------------------------------------------------------------
| Unconstrained Path Table
| ------------------------
------------------------------------------------------------------------------------------------

Path Group        From Clock        To Clock        
----------        ----------        --------        
(none)            clkfbout_clk_pll                    
(none)            sys_clk                             
(none)                              sys_clk           


------------------------------------------------------------------------------------------------
| Timing Details
| --------------
------------------------------------------------------------------------------------------------


---------------------------------------------------------------------------------------------------
From Clock:  clk_50M
  To Clock:  clk_50M

Setup :           NA  Failing Endpoints,  Worst Slack           NA  ,  Total Violation           NA
Hold  :           NA  Failing Endpoints,  Worst Slack           NA  ,  Total Violation           NA
PW    :            0  Failing Endpoints,  Worst Slack        7.000ns,  Total Violation        0.000ns
---------------------------------------------------------------------------------------------------


Pulse Width Checks
--------------------------------------------------------------------------------------
Clock Name:         clk_50M
Waveform(ns):       { 0.000 10.000 }
Period(ns):         20.000
Sources:            { clk_50M }

Check Type        Corner  Lib Pin           Reference Pin  Required(ns)  Actual(ns)  Slack(ns)  Location        Pin
Min Period        n/a     PLLE2_ADV/CLKIN1  n/a            1.249         20.000      18.751     PLLE2_ADV_X0Y3  u_soc_top/pll_clk.u_clk_pll/inst/plle2_adv_inst/CLKIN1
Max Period        n/a     PLLE2_ADV/CLKIN1  n/a            52.633        20.000      32.633     PLLE2_ADV_X0Y3  u_soc_top/pll_clk.u_clk_pll/inst/plle2_adv_inst/CLKIN1
Low Pulse Width   Slow    PLLE2_ADV/CLKIN1  n/a            3.000         10.000      7.000      PLLE2_ADV_X0Y3  u_soc_top/pll_clk.u_clk_pll/inst/plle2_adv_inst/CLKIN1
High Pulse Width  Fast    PLLE2_ADV/CLKIN1  n/a            3.000         10.000      7.000      PLLE2_ADV_X0Y3  u_soc_top/pll_clk.u_clk_pll/inst/plle2_adv_inst/CLKIN1



---------------------------------------------------------------------------------------------------
From Clock:  clkfbout_clk_pll
  To Clock:  clkfbout_clk_pll

Setup :           NA  Failing Endpoints,  Worst Slack           NA  ,  Total Violation           NA
Hold  :           NA  Failing Endpoints,  Worst Slack           NA  ,  Total Violation           NA
PW    :            0  Failing Endpoints,  Worst Slack       18.408ns,  Total Violation        0.000ns
---------------------------------------------------------------------------------------------------


Pulse Width Checks
--------------------------------------------------------------------------------------
Clock Name:         clkfbout_clk_pll
Waveform(ns):       { 0.000 10.000 }
Period(ns):         20.000
Sources:            { u_soc_top/pll_clk.u_clk_pll/inst/plle2_adv_inst/CLKFBOUT }

Check Type  Corner  Lib Pin            Reference Pin  Required(ns)  Actual(ns)  Slack(ns)  Location        Pin
Min Period  n/a     BUFG/I             n/a            1.592         20.000      18.408     BUFGCTRL_X0Y18  u_soc_top/pll_clk.u_clk_pll/inst/clkf_buf/I
Max Period  n/a     PLLE2_ADV/CLKFBIN  n/a            52.633        20.000      32.633     PLLE2_ADV_X0Y3  u_soc_top/pll_clk.u_clk_pll/inst/plle2_adv_inst/CLKFBIN



---------------------------------------------------------------------------------------------------
From Clock:  cpu_clk
  To Clock:  cpu_clk

Setup :          131  Failing Endpoints,  Worst Slack       -0.455ns,  Total Violation      -15.374ns
Hold  :            0  Failing Endpoints,  Worst Slack        0.073ns,  Total Violation        0.000ns
PW    :            0  Failing Endpoints,  Worst Slack        3.870ns,  Total Violation        0.000ns
---------------------------------------------------------------------------------------------------


Max Delay Paths
--------------------------------------------------------------------------------------
Slack (VIOLATED) :        -0.455ns  (required time - arrival time)
  Source:                 u_soc_top/u_axi_sram_direct/ram_write_active_r_reg_replica_2/C
                            (rising edge-triggered cell FDRE clocked by cpu_clk  {rise@0.000ns fall@5.000ns period=10.000ns})
  Destination:            ext_ram_data[24]
                            (output port clocked by cpu_clk  {rise@0.000ns fall@5.000ns period=10.000ns})
  Path Group:             cpu_clk
  Path Type:              Max at Slow Process Corner
  Requirement:            10.000ns  (cpu_clk rise@10.000ns - cpu_clk rise@0.000ns)
  Data Path Delay:        6.723ns  (logic 3.804ns (56.581%)  route 2.919ns (43.419%))
  Logic Levels:           2  (LUT2=1 OBUFT=1)
  Output Delay:           0.300ns
  Clock Path Skew:        -3.338ns (DCD - SCD + CPR)
    Destination Clock Delay (DCD):    -4.543ns = ( 5.457 - 10.000 ) 
    Source Clock Delay      (SCD):    -1.817ns
    Clock Pessimism Removal (CPR):    -0.612ns
  Clock Uncertainty:      0.094ns  ((TSJ^2 + DJ^2)^1/2) / 2 + PE
    Total System Jitter     (TSJ):    0.071ns
    Discrete Jitter          (DJ):    0.175ns
    Phase Error              (PE):    0.000ns

    Location             Delay type                Incr(ns)  Path(ns)    Netlist Resource(s)
  -------------------------------------------------------------------    -------------------
                         (clock cpu_clk rise edge)    0.000     0.000 r  
    K21                                               0.000     0.000 r  clk_50M (IN)
                         net (fo=0)                   0.000     0.000    u_soc_top/pll_clk.u_clk_pll/inst/clk_in1
    K21                  IBUF (Prop_ibuf_I_O)         1.394     1.394 r  u_soc_top/pll_clk.u_clk_pll/inst/clkin1_ibufg/O
                         net (fo=1, routed)           1.080     2.474    u_soc_top/pll_clk.u_clk_pll/inst/clk_in1_clk_pll
    PLLE2_ADV_X0Y3       PLLE2_ADV (Prop_plle2_adv_CLKIN1_CLKOUT0)
                                                     -7.629    -5.155 r  u_soc_top/pll_clk.u_clk_pll/inst/plle2_adv_inst/CLKOUT0
                         net (fo=1, routed)           1.557    -3.598    u_soc_top/pll_clk.u_clk_pll/inst/cpu_clk_clk_pll
    BUFGCTRL_X0Y16       BUFG (Prop_bufg_I_O)         0.081    -3.517 r  u_soc_top/pll_clk.u_clk_pll/inst/clkout1_buf/O
                         net (fo=5330, routed)        1.700    -1.817    u_soc_top/u_axi_sram_direct/cpu_clk
    SLICE_X3Y72          FDRE                                         r  u_soc_top/u_axi_sram_direct/ram_write_active_r_reg_replica_2/C
  -------------------------------------------------------------------    -------------------
    SLICE_X3Y72          FDRE (Prop_fdre_C_Q)         0.379    -1.438 r  u_soc_top/u_axi_sram_direct/ram_write_active_r_reg_replica_2/Q
                         net (fo=3, routed)           0.325    -1.113    u_soc_top/u_axi_sram_direct/ram_write_active_r_reg_n_0_repN_2
    SLICE_X3Y71          LUT2 (Prop_lut2_I0_O)        0.105    -1.008 f  u_soc_top/u_axi_sram_direct/ext_ram_data_IOBUF[31]_inst_i_2_replica_1/O
                         net (fo=3, routed)           2.594     1.586    ext_ram_data_IOBUF[24]_inst/T
    AD17                 OBUFT (TriStatE_obuft_T_O)
                                                      3.320     4.906 r  ext_ram_data_IOBUF[24]_inst/OBUFT/O
                         net (fo=1, unset)            0.000     4.906    ext_ram_data[24]
    AD17                                                              r  ext_ram_data[24] (INOUT)
  -------------------------------------------------------------------    -------------------

                         (clock cpu_clk rise edge)   10.000    10.000 r  
    K21                                               0.000    10.000 r  clk_50M (IN)
                         net (fo=0)                   0.000    10.000    u_soc_top/pll_clk.u_clk_pll/inst/clk_in1
    K21                  IBUF (Prop_ibuf_I_O)         1.328    11.328 r  u_soc_top/pll_clk.u_clk_pll/inst/clkin1_ibufg/O
                         net (fo=1, routed)           1.019    12.347    u_soc_top/pll_clk.u_clk_pll/inst/clk_in1_clk_pll
    PLLE2_ADV_X0Y3       PLLE2_ADV (Prop_plle2_adv_CLKIN1_CLKOUT0)
                                                     -6.890     5.457 r  u_soc_top/pll_clk.u_clk_pll/inst/plle2_adv_inst/CLKOUT0
                         clock pessimism             -0.612     4.845    
                         clock uncertainty           -0.094     4.751    
                         output delay                -0.300     4.451    
  -------------------------------------------------------------------
                         required time                          4.451    
                         arrival time                          -4.906    
  -------------------------------------------------------------------
                         slack                                 -0.455    





Min Delay Paths
--------------------------------------------------------------------------------------
Slack (MET) :             0.073ns  (arrival time - required time)
  Source:                 u_soc_top/u_cpu/u_core/alu_res0_r_reg[18]/C
                            (rising edge-triggered cell FDRE clocked by cpu_clk  {rise@0.000ns fall@5.000ns period=10.000ns})
  Destination:            u_soc_top/u_cpu/u_core/reg_ex_mem1_data/data_out_reg[86]/D
                            (rising edge-triggered cell FDRE clocked by cpu_clk  {rise@0.000ns fall@5.000ns period=10.000ns})
  Path Group:             cpu_clk
  Path Type:              Hold (Min at Fast Process Corner)
  Requirement:            0.000ns  (cpu_clk rise@0.000ns - cpu_clk rise@0.000ns)
  Data Path Delay:        0.361ns  (logic 0.186ns (51.594%)  route 0.175ns (48.406%))
  Logic Levels:           1  (LUT5=1)
  Clock Path Skew:        0.195ns (DCD - SCD - CPR)
    Destination Clock Delay (DCD):    -0.343ns
    Source Clock Delay      (SCD):    -0.502ns
    Clock Pessimism Removal (CPR):    -0.037ns

    Location             Delay type                Incr(ns)  Path(ns)    Netlist Resource(s)
  -------------------------------------------------------------------    -------------------
                         (clock cpu_clk rise edge)    0.000     0.000 r  
    K21                                               0.000     0.000 r  clk_50M (IN)
                         net (fo=0)                   0.000     0.000    u_soc_top/pll_clk.u_clk_pll/inst/clk_in1
    K21                  IBUF (Prop_ibuf_I_O)         0.231     0.231 r  u_soc_top/pll_clk.u_clk_pll/inst/clkin1_ibufg/O
                         net (fo=1, routed)           0.440     0.671    u_soc_top/pll_clk.u_clk_pll/inst/clk_in1_clk_pll
    PLLE2_ADV_X0Y3       PLLE2_ADV (Prop_plle2_adv_CLKIN1_CLKOUT0)
                                                     -2.520    -1.848 r  u_soc_top/pll_clk.u_clk_pll/inst/plle2_adv_inst/CLKOUT0
                         net (fo=1, routed)           0.560    -1.289    u_soc_top/pll_clk.u_clk_pll/inst/cpu_clk_clk_pll
    BUFGCTRL_X0Y16       BUFG (Prop_bufg_I_O)         0.026    -1.263 r  u_soc_top/pll_clk.u_clk_pll/inst/clkout1_buf/O
                         net (fo=5330, routed)        0.761    -0.502    u_soc_top/u_cpu/u_core/cpu_clk
    SLICE_X32Y49         FDRE                                         r  u_soc_top/u_cpu/u_core/alu_res0_r_reg[18]/C
  -------------------------------------------------------------------    -------------------
    SLICE_X32Y49         FDRE (Prop_fdre_C_Q)         0.141    -0.361 r  u_soc_top/u_cpu/u_core/alu_res0_r_reg[18]/Q
                         net (fo=3, routed)           0.175    -0.186    u_soc_top/u_cpu/u_core/reg_id_ex0_data/data_out_reg[99]_0[4]
    SLICE_X30Y50         LUT5 (Prop_lut5_I0_O)        0.045    -0.141 r  u_soc_top/u_cpu/u_core/reg_id_ex0_data/data_out[86]_i_1__0/O
                         net (fo=1, routed)           0.000    -0.141    u_soc_top/u_cpu/u_core/reg_ex_mem1_data/data_out_reg[131]_0[50]
    SLICE_X30Y50         FDRE                                         r  u_soc_top/u_cpu/u_core/reg_ex_mem1_data/data_out_reg[86]/D
  -------------------------------------------------------------------    -------------------

                         (clock cpu_clk rise edge)    0.000     0.000 r  
    K21                                               0.000     0.000 r  clk_50M (IN)
                         net (fo=0)                   0.000     0.000    u_soc_top/pll_clk.u_clk_pll/inst/clk_in1
    K21                  IBUF (Prop_ibuf_I_O)         0.419     0.419 r  u_soc_top/pll_clk.u_clk_pll/inst/clkin1_ibufg/O
                         net (fo=1, routed)           0.481     0.900    u_soc_top/pll_clk.u_clk_pll/inst/clk_in1_clk_pll
    PLLE2_ADV_X0Y3       PLLE2_ADV (Prop_plle2_adv_CLKIN1_CLKOUT0)
                                                     -2.847    -1.947 r  u_soc_top/pll_clk.u_clk_pll/inst/plle2_adv_inst/CLKOUT0
                         net (fo=1, routed)           0.611    -1.337    u_soc_top/pll_clk.u_clk_pll/inst/cpu_clk_clk_pll
    BUFGCTRL_X0Y16       BUFG (Prop_bufg_I_O)         0.029    -1.308 r  u_soc_top/pll_clk.u_clk_pll/inst/clkout1_buf/O
                         net (fo=5330, routed)        0.965    -0.343    u_soc_top/u_cpu/u_core/reg_ex_mem1_data/cpu_clk
    SLICE_X30Y50         FDRE                                         r  u_soc_top/u_cpu/u_core/reg_ex_mem1_data/data_out_reg[86]/C
                         clock pessimism              0.037    -0.306    
    SLICE_X30Y50         FDRE (Hold_fdre_C_D)         0.092    -0.214    u_soc_top/u_cpu/u_core/reg_ex_mem1_data/data_out_reg[86]
  -------------------------------------------------------------------
                         required time                          0.214    
                         arrival time                          -0.141    
  -------------------------------------------------------------------
                         slack                                  0.073    





Pulse Width Checks
--------------------------------------------------------------------------------------
Clock Name:         cpu_clk
Waveform(ns):       { 0.000 5.000 }
Period(ns):         10.000
Sources:            { u_soc_top/pll_clk.u_clk_pll/inst/plle2_adv_inst/CLKOUT0 }

Check Type        Corner  Lib Pin            Reference Pin  Required(ns)  Actual(ns)  Slack(ns)  Location        Pin
Min Period        n/a     DSP48E1/CLK        n/a            1.816         10.000      8.184      DSP48_X2Y19     u_soc_top/u_cpu/u_core/mul_p0_reg_reg/CLK
Max Period        n/a     PLLE2_ADV/CLKOUT0  n/a            160.000       10.000      150.000    PLLE2_ADV_X0Y3  u_soc_top/pll_clk.u_clk_pll/inst/plle2_adv_inst/CLKOUT0
Low Pulse Width   Slow    RAMD64E/CLK        n/a            1.130         5.000       3.870      SLICE_X48Y56    u_icache/g_data_word[3].u_data_ram/g_dist.mem_reg_0_127_2_2/DP.HIGH/CLK
High Pulse Width  Slow    RAMD64E/CLK        n/a            1.130         5.000       3.870      SLICE_X72Y65    u_icache/g_data_word[3].u_data_ram/g_dist.mem_reg_0_127_27_27/DP.HIGH/CLK



---------------------------------------------------------------------------------------------------
From Clock:  sys_clk
  To Clock:  sys_clk

Setup :            0  Failing Endpoints,  Worst Slack       30.782ns,  Total Violation        0.000ns
Hold  :            0  Failing Endpoints,  Worst Slack        0.065ns,  Total Violation        0.000ns
PW    :            0  Failing Endpoints,  Worst Slack       18.870ns,  Total Violation        0.000ns
---------------------------------------------------------------------------------------------------


Max Delay Paths
--------------------------------------------------------------------------------------
Slack (MET) :             30.782ns  (required time - arrival time)
  Source:                 u_soc_top/u_Axi_CDC/awFifo/popCC_addressGen_rValid_reg/C
                            (rising edge-triggered cell FDCE clocked by sys_clk  {rise@0.000ns fall@20.000ns period=40.000ns})
  Destination:            u_soc_top/u_Axi_CDC/awFifo/_zz_ram_port1_reg[23]/CE
                            (rising edge-triggered cell FDRE clocked by sys_clk  {rise@0.000ns fall@20.000ns period=40.000ns})
  Path Group:             sys_clk
  Path Type:              Setup (Max at Slow Process Corner)
  Requirement:            40.000ns  (sys_clk rise@40.000ns - sys_clk rise@0.000ns)
  Data Path Delay:        8.885ns  (logic 1.451ns (16.331%)  route 7.434ns (83.669%))
  Logic Levels:           7  (LUT4=1 LUT5=3 LUT6=3)
  Clock Path Skew:        -0.036ns (DCD - SCD + CPR)
    Destination Clock Delay (DCD):    -1.460ns = ( 38.540 - 40.000 ) 
    Source Clock Delay      (SCD):    -1.886ns
    Clock Pessimism Removal (CPR):    -0.462ns
  Clock Uncertainty:      0.129ns  ((TSJ^2 + DJ^2)^1/2) / 2 + PE
    Total System Jitter     (TSJ):    0.071ns
    Discrete Jitter          (DJ):    0.247ns
    Phase Error              (PE):    0.000ns

    Location             Delay type                Incr(ns)  Path(ns)    Netlist Resource(s)
  -------------------------------------------------------------------    -------------------
                         (clock sys_clk rise edge)    0.000     0.000 r  
    K21                                               0.000     0.000 r  clk_50M (IN)
                         net (fo=0)                   0.000     0.000    u_soc_top/pll_clk.u_clk_pll/inst/clk_in1
    K21                  IBUF (Prop_ibuf_I_O)         1.394     1.394 r  u_soc_top/pll_clk.u_clk_pll/inst/clkin1_ibufg/O
                         net (fo=1, routed)           1.080     2.474    u_soc_top/pll_clk.u_clk_pll/inst/clk_in1_clk_pll
    PLLE2_ADV_X0Y3       PLLE2_ADV (Prop_plle2_adv_CLKIN1_CLKOUT1)
                                                     -7.629    -5.155 r  u_soc_top/pll_clk.u_clk_pll/inst/plle2_adv_inst/CLKOUT1
                         net (fo=1, routed)           1.557    -3.598    u_soc_top/pll_clk.u_clk_pll/inst/sys_clk_clk_pll
    BUFGCTRL_X0Y17       BUFG (Prop_bufg_I_O)         0.081    -3.517 r  u_soc_top/pll_clk.u_clk_pll/inst/clkout2_buf/O
                         net (fo=1108, routed)        1.631    -1.886    u_soc_top/u_Axi_CDC/awFifo/sys_clk
    SLICE_X22Y78         FDCE                                         r  u_soc_top/u_Axi_CDC/awFifo/popCC_addressGen_rValid_reg/C
  -------------------------------------------------------------------    -------------------
    SLICE_X22Y78         FDCE (Prop_fdce_C_Q)         0.398    -1.488 f  u_soc_top/u_Axi_CDC/awFifo/popCC_addressGen_rValid_reg/Q
                         net (fo=10, routed)          1.064    -0.424    u_soc_top/u_Axi_CDC/awFifo/cpu_sync_awvalid
    SLICE_X19Y69         LUT5 (Prop_lut5_I0_O)        0.232    -0.192 f  u_soc_top/u_Axi_CDC/awFifo/pendingSels[1]_i_2__0/O
                         net (fo=3, routed)           0.555     0.363    u_soc_top/u_Axi_CDC/awFifo/pendingSels[1]_i_2__0_n_0
    SLICE_X19Y69         LUT6 (Prop_lut6_I5_O)        0.105     0.468 f  u_soc_top/u_Axi_CDC/awFifo/pendingSels[1]_i_1__0/O
                         net (fo=5, routed)           1.831     2.300    u_soc_top/u_Axi_CDC/awFifo/p_0_in1_in[1]
    SLICE_X22Y79         LUT5 (Prop_lut5_I0_O)        0.118     2.418 r  u_soc_top/u_Axi_CDC/awFifo/pendingError_i_1__0/O
                         net (fo=3, routed)           0.332     2.749    u_soc_top/u_AxiCrossbar_2x8/axiIn_0_writeOnly_decoder/errorSlave/decodedCmdError_14
    SLICE_X23Y80         LUT5 (Prop_lut5_I2_O)        0.283     3.032 r  u_soc_top/u_AxiCrossbar_2x8/axiIn_0_writeOnly_decoder/errorSlave/popCC_popPtr[2]_i_12__0/O
                         net (fo=1, routed)           0.698     3.730    u_soc_top/u_AxiCrossbar_2x8/axi4WriteOnlyArbiter_5/cmdArbiter/popCC_popPtr[2]_i_3__1
    SLICE_X24Y79         LUT6 (Prop_lut6_I5_O)        0.105     3.835 r  u_soc_top/u_AxiCrossbar_2x8/axi4WriteOnlyArbiter_5/cmdArbiter/popCC_popPtr[2]_i_7__0/O
                         net (fo=1, routed)           0.861     4.696    u_soc_top/u_AxiCrossbar_2x8/axi4WriteOnlyArbiter_6/cmdArbiter/_zz_cmdAllowedStart_reg_3
    SLICE_X23Y80         LUT6 (Prop_lut6_I5_O)        0.105     4.801 r  u_soc_top/u_AxiCrossbar_2x8/axi4WriteOnlyArbiter_6/cmdArbiter/popCC_popPtr[2]_i_3__1/O
                         net (fo=11, routed)          0.812     5.614    u_soc_top/u_Axi_CDC/awFifo/pushToPopGray_buffercc/io_input_aw_ready0
    SLICE_X22Y78         LUT4 (Prop_lut4_I0_O)        0.105     5.719 r  u_soc_top/u_Axi_CDC/awFifo/pushToPopGray_buffercc/_zz_ram_port1[35]_i_1/O
                         net (fo=36, routed)          1.280     6.999    u_soc_top/u_Axi_CDC/awFifo/pushToPopGray_buffercc_n_0
    SLICE_X19Y69         FDRE                                         r  u_soc_top/u_Axi_CDC/awFifo/_zz_ram_port1_reg[23]/CE
  -------------------------------------------------------------------    -------------------

                         (clock sys_clk rise edge)   40.000    40.000 r  
    K21                                               0.000    40.000 r  clk_50M (IN)
                         net (fo=0)                   0.000    40.000    u_soc_top/pll_clk.u_clk_pll/inst/clk_in1
    K21                  IBUF (Prop_ibuf_I_O)         1.328    41.328 r  u_soc_top/pll_clk.u_clk_pll/inst/clkin1_ibufg/O
                         net (fo=1, routed)           1.019    42.347    u_soc_top/pll_clk.u_clk_pll/inst/clk_in1_clk_pll
    PLLE2_ADV_X0Y3       PLLE2_ADV (Prop_plle2_adv_CLKIN1_CLKOUT1)
                                                     -6.890    35.457 r  u_soc_top/pll_clk.u_clk_pll/inst/plle2_adv_inst/CLKOUT1
                         net (fo=1, routed)           1.484    36.942    u_soc_top/pll_clk.u_clk_pll/inst/sys_clk_clk_pll
    BUFGCTRL_X0Y17       BUFG (Prop_bufg_I_O)         0.077    37.019 r  u_soc_top/pll_clk.u_clk_pll/inst/clkout2_buf/O
                         net (fo=1108, routed)        1.521    38.540    u_soc_top/u_Axi_CDC/awFifo/sys_clk
    SLICE_X19Y69         FDRE                                         r  u_soc_top/u_Axi_CDC/awFifo/_zz_ram_port1_reg[23]/C
                         clock pessimism             -0.462    38.078    
                         clock uncertainty           -0.129    37.949    
    SLICE_X19Y69         FDRE (Setup_fdre_C_CE)      -0.168    37.781    u_soc_top/u_Axi_CDC/awFifo/_zz_ram_port1_reg[23]
  -------------------------------------------------------------------
                         required time                         37.781    
                         arrival time                          -6.999    
  -------------------------------------------------------------------
                         slack                                 30.782    





Min Delay Paths
--------------------------------------------------------------------------------------
Slack (MET) :             0.065ns  (arrival time - required time)
  Source:                 u_soc_top/u_AxiCrossbar_2x8/axi4WriteOnlyArbiter_4/cmdRouteFork_translated_fifo/fifo/logic_ptr_push_reg[1]/C
                            (rising edge-triggered cell FDCE clocked by sys_clk  {rise@0.000ns fall@20.000ns period=40.000ns})
  Destination:            axi4WriteOnlyArbiter_4/cmdRouteFork_translated_fifo/fifo/logic_ram_reg_0_3_0_0/DP/WADR1
                            (rising edge-triggered cell RAMD32 clocked by sys_clk  {rise@0.000ns fall@20.000ns period=40.000ns})
  Path Group:             sys_clk
  Path Type:              Hold (Min at Fast Process Corner)
  Requirement:            0.000ns  (sys_clk rise@0.000ns - sys_clk rise@0.000ns)
  Data Path Delay:        0.408ns  (logic 0.141ns (34.553%)  route 0.267ns (65.447%))
  Logic Levels:           0  
  Clock Path Skew:        0.034ns (DCD - SCD - CPR)
    Destination Clock Delay (DCD):    -0.350ns
    Source Clock Delay      (SCD):    -0.576ns
    Clock Pessimism Removal (CPR):    0.192ns

    Location             Delay type                Incr(ns)  Path(ns)    Netlist Resource(s)
  -------------------------------------------------------------------    -------------------
                         (clock sys_clk rise edge)    0.000     0.000 r  
    K21                                               0.000     0.000 r  clk_50M (IN)
                         net (fo=0)                   0.000     0.000    u_soc_top/pll_clk.u_clk_pll/inst/clk_in1
    K21                  IBUF (Prop_ibuf_I_O)         0.231     0.231 r  u_soc_top/pll_clk.u_clk_pll/inst/clkin1_ibufg/O
                         net (fo=1, routed)           0.440     0.671    u_soc_top/pll_clk.u_clk_pll/inst/clk_in1_clk_pll
    PLLE2_ADV_X0Y3       PLLE2_ADV (Prop_plle2_adv_CLKIN1_CLKOUT1)
                                                     -2.520    -1.848 r  u_soc_top/pll_clk.u_clk_pll/inst/plle2_adv_inst/CLKOUT1
                         net (fo=1, routed)           0.560    -1.289    u_soc_top/pll_clk.u_clk_pll/inst/sys_clk_clk_pll
    BUFGCTRL_X0Y17       BUFG (Prop_bufg_I_O)         0.026    -1.263 r  u_soc_top/pll_clk.u_clk_pll/inst/clkout2_buf/O
                         net (fo=1108, routed)        0.686    -0.576    u_soc_top/u_AxiCrossbar_2x8/axi4WriteOnlyArbiter_4/cmdRouteFork_translated_fifo/fifo/sys_clk
    SLICE_X21Y81         FDCE                                         r  u_soc_top/u_AxiCrossbar_2x8/axi4WriteOnlyArbiter_4/cmdRouteFork_translated_fifo/fifo/logic_ptr_push_reg[1]/C
  -------------------------------------------------------------------    -------------------
    SLICE_X21Y81         FDCE (Prop_fdce_C_Q)         0.141    -0.435 r  u_soc_top/u_AxiCrossbar_2x8/axi4WriteOnlyArbiter_4/cmdRouteFork_translated_fifo/fifo/logic_ptr_push_reg[1]/Q
                         net (fo=7, routed)           0.267    -0.168    axi4WriteOnlyArbiter_4/cmdRouteFork_translated_fifo/fifo/logic_ram_reg_0_3_0_0/A1
    SLICE_X22Y80         RAMD32                                       r  axi4WriteOnlyArbiter_4/cmdRouteFork_translated_fifo/fifo/logic_ram_reg_0_3_0_0/DP/WADR1
  -------------------------------------------------------------------    -------------------

                         (clock sys_clk rise edge)    0.000     0.000 r  
    K21                                               0.000     0.000 r  clk_50M (IN)
                         net (fo=0)                   0.000     0.000    u_soc_top/pll_clk.u_clk_pll/inst/clk_in1
    K21                  IBUF (Prop_ibuf_I_O)         0.419     0.419 r  u_soc_top/pll_clk.u_clk_pll/inst/clkin1_ibufg/O
                         net (fo=1, routed)           0.481     0.900    u_soc_top/pll_clk.u_clk_pll/inst/clk_in1_clk_pll
    PLLE2_ADV_X0Y3       PLLE2_ADV (Prop_plle2_adv_CLKIN1_CLKOUT1)
                                                     -2.847    -1.947 r  u_soc_top/pll_clk.u_clk_pll/inst/plle2_adv_inst/CLKOUT1
                         net (fo=1, routed)           0.611    -1.337    u_soc_top/pll_clk.u_clk_pll/inst/sys_clk_clk_pll
    BUFGCTRL_X0Y17       BUFG (Prop_bufg_I_O)         0.029    -1.308 r  u_soc_top/pll_clk.u_clk_pll/inst/clkout2_buf/O
                         net (fo=1108, routed)        0.958    -0.350    axi4WriteOnlyArbiter_4/cmdRouteFork_translated_fifo/fifo/logic_ram_reg_0_3_0_0/WCLK
    SLICE_X22Y80         RAMD32                                       r  axi4WriteOnlyArbiter_4/cmdRouteFork_translated_fifo/fifo/logic_ram_reg_0_3_0_0/DP/CLK
                         clock pessimism             -0.192    -0.542    
    SLICE_X22Y80         RAMD32 (Hold_ramd32_CLK_WADR1)
                                                      0.309    -0.233    axi4WriteOnlyArbiter_4/cmdRouteFork_translated_fifo/fifo/logic_ram_reg_0_3_0_0/DP
  -------------------------------------------------------------------
                         required time                          0.233    
                         arrival time                          -0.168    
  -------------------------------------------------------------------
                         slack                                  0.065    





Pulse Width Checks
--------------------------------------------------------------------------------------
Clock Name:         sys_clk
Waveform(ns):       { 0.000 20.000 }
Period(ns):         40.000
Sources:            { u_soc_top/pll_clk.u_clk_pll/inst/plle2_adv_inst/CLKOUT1 }

Check Type        Corner  Lib Pin            Reference Pin  Required(ns)  Actual(ns)  Slack(ns)  Location        Pin
Min Period        n/a     BUFG/I             n/a            1.592         40.000      38.408     BUFGCTRL_X0Y17  u_soc_top/pll_clk.u_clk_pll/inst/clkout2_buf/I
Max Period        n/a     PLLE2_ADV/CLKOUT1  n/a            160.000       40.000      120.000    PLLE2_ADV_X0Y3  u_soc_top/pll_clk.u_clk_pll/inst/plle2_adv_inst/CLKOUT1
Low Pulse Width   Fast    RAMD32/CLK         n/a            1.130         20.000      18.870     SLICE_X22Y80    axi4WriteOnlyArbiter_4/cmdRouteFork_translated_fifo/fifo/logic_ram_reg_0_3_0_0/DP/CLK
High Pulse Width  Slow    RAMD32/CLK         n/a            1.130         20.000      18.870     SLICE_X22Y80    axi4WriteOnlyArbiter_4/cmdRouteFork_translated_fifo/fifo/logic_ram_reg_0_3_0_0/DP/CLK



---------------------------------------------------------------------------------------------------
Path Group:  **async_default**
From Clock:  cpu_clk
  To Clock:  cpu_clk

Setup :            0  Failing Endpoints,  Worst Slack        4.066ns,  Total Violation        0.000ns
Hold  :            0  Failing Endpoints,  Worst Slack        0.828ns,  Total Violation        0.000ns
---------------------------------------------------------------------------------------------------


Max Delay Paths
--------------------------------------------------------------------------------------
Slack (MET) :             4.066ns  (required time - arrival time)
  Source:                 u_soc_top/pll_clk.u_rst_cpu/delay_reg[1]/C
                            (rising edge-triggered cell FDCE clocked by cpu_clk  {rise@0.000ns fall@5.000ns period=10.000ns})
  Destination:            u_soc_top/u_Axi_CDC/arFifo/pushCC_pushPtrGray_reg[0]/CLR
                            (recovery check against rising-edge clock cpu_clk  {rise@0.000ns fall@5.000ns period=10.000ns})
  Path Group:             **async_default**
  Path Type:              Recovery (Max at Slow Process Corner)
  Requirement:            10.000ns  (cpu_clk rise@10.000ns - cpu_clk rise@0.000ns)
  Data Path Delay:        5.532ns  (logic 0.484ns (8.748%)  route 5.048ns (91.252%))
  Logic Levels:           1  (LUT1=1)
  Clock Path Skew:        0.024ns (DCD - SCD + CPR)
    Destination Clock Delay (DCD):    -1.475ns = ( 8.525 - 10.000 ) 
    Source Clock Delay      (SCD):    -1.961ns
    Clock Pessimism Removal (CPR):    -0.462ns
  Clock Uncertainty:      0.094ns  ((TSJ^2 + DJ^2)^1/2) / 2 + PE
    Total System Jitter     (TSJ):    0.071ns
    Discrete Jitter          (DJ):    0.175ns
    Phase Error              (PE):    0.000ns

    Location             Delay type                Incr(ns)  Path(ns)    Netlist Resource(s)
  -------------------------------------------------------------------    -------------------
                         (clock cpu_clk rise edge)    0.000     0.000 r  
    K21                                               0.000     0.000 r  clk_50M (IN)
                         net (fo=0)                   0.000     0.000    u_soc_top/pll_clk.u_clk_pll/inst/clk_in1
    K21                  IBUF (Prop_ibuf_I_O)         1.394     1.394 r  u_soc_top/pll_clk.u_clk_pll/inst/clkin1_ibufg/O
                         net (fo=1, routed)           1.080     2.474    u_soc_top/pll_clk.u_clk_pll/inst/clk_in1_clk_pll
    PLLE2_ADV_X0Y3       PLLE2_ADV (Prop_plle2_adv_CLKIN1_CLKOUT0)
                                                     -7.629    -5.155 r  u_soc_top/pll_clk.u_clk_pll/inst/plle2_adv_inst/CLKOUT0
                         net (fo=1, routed)           1.557    -3.598    u_soc_top/pll_clk.u_clk_pll/inst/cpu_clk_clk_pll
    BUFGCTRL_X0Y16       BUFG (Prop_bufg_I_O)         0.081    -3.517 r  u_soc_top/pll_clk.u_clk_pll/inst/clkout1_buf/O
                         net (fo=5330, routed)        1.556    -1.961    u_soc_top/pll_clk.u_rst_cpu/cpu_clk
    SLICE_X45Y61         FDCE                                         r  u_soc_top/pll_clk.u_rst_cpu/delay_reg[1]/C
  -------------------------------------------------------------------    -------------------
    SLICE_X45Y61         FDCE (Prop_fdce_C_Q)         0.379    -1.582 r  u_soc_top/pll_clk.u_rst_cpu/delay_reg[1]/Q
                         net (fo=25, routed)          1.447    -0.136    u_soc_top/pll_clk.u_rst_cpu/Q[0]
    SLICE_X66Y64         LUT1 (Prop_lut1_I0_O)        0.105    -0.031 f  u_soc_top/pll_clk.u_rst_cpu/wb_tail[1]_i_1/O
                         net (fo=2335, routed)        3.602     3.571    u_soc_top/u_Axi_CDC/arFifo/buffers_0_reg[0]
    SLICE_X39Y69         FDCE                                         f  u_soc_top/u_Axi_CDC/arFifo/pushCC_pushPtrGray_reg[0]/CLR
  -------------------------------------------------------------------    -------------------

                         (clock cpu_clk rise edge)   10.000    10.000 r  
    K21                                               0.000    10.000 r  clk_50M (IN)
                         net (fo=0)                   0.000    10.000    u_soc_top/pll_clk.u_clk_pll/inst/clk_in1
    K21                  IBUF (Prop_ibuf_I_O)         1.328    11.328 r  u_soc_top/pll_clk.u_clk_pll/inst/clkin1_ibufg/O
                         net (fo=1, routed)           1.019    12.347    u_soc_top/pll_clk.u_clk_pll/inst/clk_in1_clk_pll
    PLLE2_ADV_X0Y3       PLLE2_ADV (Prop_plle2_adv_CLKIN1_CLKOUT0)
                                                     -6.890     5.457 r  u_soc_top/pll_clk.u_clk_pll/inst/plle2_adv_inst/CLKOUT0
                         net (fo=1, routed)           1.484     6.942    u_soc_top/pll_clk.u_clk_pll/inst/cpu_clk_clk_pll
    BUFGCTRL_X0Y16       BUFG (Prop_bufg_I_O)         0.077     7.019 r  u_soc_top/pll_clk.u_clk_pll/inst/clkout1_buf/O
                         net (fo=5330, routed)        1.506     8.525    u_soc_top/u_Axi_CDC/arFifo/cpu_clk
    SLICE_X39Y69         FDCE                                         r  u_soc_top/u_Axi_CDC/arFifo/pushCC_pushPtrGray_reg[0]/C
                         clock pessimism             -0.462     8.063    
                         clock uncertainty           -0.094     7.968    
    SLICE_X39Y69         FDCE (Recov_fdce_C_CLR)     -0.331     7.637    u_soc_top/u_Axi_CDC/arFifo/pushCC_pushPtrGray_reg[0]
  -------------------------------------------------------------------
                         required time                          7.637    
                         arrival time                          -3.571    
  -------------------------------------------------------------------
                         slack                                  4.066    





Min Delay Paths
--------------------------------------------------------------------------------------
Slack (MET) :             0.828ns  (arrival time - required time)
  Source:                 u_soc_top/u_Axi_CDC/bFifo/bufferCC_12/buffers_1_reg/C
                            (rising edge-triggered cell FDCE clocked by cpu_clk  {rise@0.000ns fall@5.000ns period=10.000ns})
  Destination:            u_soc_top/u_Axi_CDC/rFifo/popCC_ptrToPush_reg[0]/CLR
                            (removal check against rising-edge clock cpu_clk  {rise@0.000ns fall@5.000ns period=10.000ns})
  Path Group:             **async_default**
  Path Type:              Removal (Min at Fast Process Corner)
  Requirement:            0.000ns  (cpu_clk rise@0.000ns - cpu_clk rise@0.000ns)
  Data Path Delay:        0.797ns  (logic 0.246ns (30.855%)  route 0.551ns (69.145%))
  Logic Levels:           1  (LUT1=1)
  Clock Path Skew:        0.036ns (DCD - SCD - CPR)
    Destination Clock Delay (DCD):    -0.393ns
    Source Clock Delay      (SCD):    -0.621ns
    Clock Pessimism Removal (CPR):    0.192ns

    Location             Delay type                Incr(ns)  Path(ns)    Netlist Resource(s)
  -------------------------------------------------------------------    -------------------
                         (clock cpu_clk rise edge)    0.000     0.000 r  
    K21                                               0.000     0.000 r  clk_50M (IN)
                         net (fo=0)                   0.000     0.000    u_soc_top/pll_clk.u_clk_pll/inst/clk_in1
    K21                  IBUF (Prop_ibuf_I_O)         0.231     0.231 r  u_soc_top/pll_clk.u_clk_pll/inst/clkin1_ibufg/O
                         net (fo=1, routed)           0.440     0.671    u_soc_top/pll_clk.u_clk_pll/inst/clk_in1_clk_pll
    PLLE2_ADV_X0Y3       PLLE2_ADV (Prop_plle2_adv_CLKIN1_CLKOUT0)
                                                     -2.520    -1.848 r  u_soc_top/pll_clk.u_clk_pll/inst/plle2_adv_inst/CLKOUT0
                         net (fo=1, routed)           0.560    -1.289    u_soc_top/pll_clk.u_clk_pll/inst/cpu_clk_clk_pll
    BUFGCTRL_X0Y16       BUFG (Prop_bufg_I_O)         0.026    -1.263 r  u_soc_top/pll_clk.u_clk_pll/inst/clkout1_buf/O
                         net (fo=5330, routed)        0.641    -0.621    u_soc_top/u_Axi_CDC/bFifo/bufferCC_12/cpu_clk
    SLICE_X48Y75         FDCE                                         r  u_soc_top/u_Axi_CDC/bFifo/bufferCC_12/buffers_1_reg/C
  -------------------------------------------------------------------    -------------------
    SLICE_X48Y75         FDCE (Prop_fdce_C_Q)         0.148    -0.473 r  u_soc_top/u_Axi_CDC/bFifo/bufferCC_12/buffers_1_reg/Q
                         net (fo=1, routed)           0.283    -0.191    u_soc_top/bFifo_bFifo_toplevel_axiOutRstn_syncronized_1
    SLICE_X48Y75         LUT1 (Prop_lut1_I0_O)        0.098    -0.093 f  u_soc_top/popCC_popPtr[2]_i_2__0/O
                         net (fo=30, routed)          0.269     0.176    u_soc_top/u_Axi_CDC/rFifo/buffers_1_reg[0]
    SLICE_X48Y72         FDCE                                         f  u_soc_top/u_Axi_CDC/rFifo/popCC_ptrToPush_reg[0]/CLR
  -------------------------------------------------------------------    -------------------

                         (clock cpu_clk rise edge)    0.000     0.000 r  
    K21                                               0.000     0.000 r  clk_50M (IN)
                         net (fo=0)                   0.000     0.000    u_soc_top/pll_clk.u_clk_pll/inst/clk_in1
    K21                  IBUF (Prop_ibuf_I_O)         0.419     0.419 r  u_soc_top/pll_clk.u_clk_pll/inst/clkin1_ibufg/O
                         net (fo=1, routed)           0.481     0.900    u_soc_top/pll_clk.u_clk_pll/inst/clk_in1_clk_pll
    PLLE2_ADV_X0Y3       PLLE2_ADV (Prop_plle2_adv_CLKIN1_CLKOUT0)
                                                     -2.847    -1.947 r  u_soc_top/pll_clk.u_clk_pll/inst/plle2_adv_inst/CLKOUT0
                         net (fo=1, routed)           0.611    -1.337    u_soc_top/pll_clk.u_clk_pll/inst/cpu_clk_clk_pll
    BUFGCTRL_X0Y16       BUFG (Prop_bufg_I_O)         0.029    -1.308 r  u_soc_top/pll_clk.u_clk_pll/inst/clkout1_buf/O
                         net (fo=5330, routed)        0.915    -0.393    u_soc_top/u_Axi_CDC/rFifo/cpu_clk
    SLICE_X48Y72         FDCE                                         r  u_soc_top/u_Axi_CDC/rFifo/popCC_ptrToPush_reg[0]/C
                         clock pessimism             -0.192    -0.585    
    SLICE_X48Y72         FDCE (Remov_fdce_C_CLR)     -0.067    -0.652    u_soc_top/u_Axi_CDC/rFifo/popCC_ptrToPush_reg[0]
  -------------------------------------------------------------------
                         required time                          0.652    
                         arrival time                           0.176    
  -------------------------------------------------------------------
                         slack                                  0.828    





---------------------------------------------------------------------------------------------------
Path Group:  **async_default**
From Clock:  sys_clk
  To Clock:  sys_clk

Setup :            0  Failing Endpoints,  Worst Slack       34.118ns,  Total Violation        0.000ns
Hold  :            0  Failing Endpoints,  Worst Slack        0.771ns,  Total Violation        0.000ns
---------------------------------------------------------------------------------------------------


Max Delay Paths
--------------------------------------------------------------------------------------
Slack (MET) :             34.118ns  (required time - arrival time)
  Source:                 u_soc_top/pll_clk.u_rst_sys/delay_reg[1]/C
                            (rising edge-triggered cell FDCE clocked by sys_clk  {rise@0.000ns fall@20.000ns period=40.000ns})
  Destination:            u_soc_top/u_confreg/u_digitaltube_controller/dpy0_reg_reg[1]/CLR
                            (recovery check against rising-edge clock sys_clk  {rise@0.000ns fall@20.000ns period=40.000ns})
  Path Group:             **async_default**
  Path Type:              Recovery (Max at Slow Process Corner)
  Requirement:            40.000ns  (sys_clk rise@40.000ns - sys_clk rise@0.000ns)
  Data Path Delay:        5.176ns  (logic 0.538ns (10.395%)  route 4.638ns (89.605%))
  Logic Levels:           1  (LUT1=1)
  Clock Path Skew:        -0.319ns (DCD - SCD + CPR)
    Destination Clock Delay (DCD):    -1.682ns = ( 38.318 - 40.000 ) 
    Source Clock Delay      (SCD):    -1.892ns
    Clock Pessimism Removal (CPR):    -0.529ns
  Clock Uncertainty:      0.129ns  ((TSJ^2 + DJ^2)^1/2) / 2 + PE
    Total System Jitter     (TSJ):    0.071ns
    Discrete Jitter          (DJ):    0.247ns
    Phase Error              (PE):    0.000ns

    Location             Delay type                Incr(ns)  Path(ns)    Netlist Resource(s)
  -------------------------------------------------------------------    -------------------
                         (clock sys_clk rise edge)    0.000     0.000 r  
    K21                                               0.000     0.000 r  clk_50M (IN)
                         net (fo=0)                   0.000     0.000    u_soc_top/pll_clk.u_clk_pll/inst/clk_in1
    K21                  IBUF (Prop_ibuf_I_O)         1.394     1.394 r  u_soc_top/pll_clk.u_clk_pll/inst/clkin1_ibufg/O
                         net (fo=1, routed)           1.080     2.474    u_soc_top/pll_clk.u_clk_pll/inst/clk_in1_clk_pll
    PLLE2_ADV_X0Y3       PLLE2_ADV (Prop_plle2_adv_CLKIN1_CLKOUT1)
                                                     -7.629    -5.155 r  u_soc_top/pll_clk.u_clk_pll/inst/plle2_adv_inst/CLKOUT1
                         net (fo=1, routed)           1.557    -3.598    u_soc_top/pll_clk.u_clk_pll/inst/sys_clk_clk_pll
    BUFGCTRL_X0Y17       BUFG (Prop_bufg_I_O)         0.081    -3.517 r  u_soc_top/pll_clk.u_clk_pll/inst/clkout2_buf/O
                         net (fo=1108, routed)        1.625    -1.892    u_soc_top/pll_clk.u_rst_sys/sys_clk
    SLICE_X36Y82         FDCE                                         r  u_soc_top/pll_clk.u_rst_sys/delay_reg[1]/C
  -------------------------------------------------------------------    -------------------
    SLICE_X36Y82         FDCE (Prop_fdce_C_Q)         0.433    -1.459 r  u_soc_top/pll_clk.u_rst_sys/delay_reg[1]/Q
                         net (fo=40, routed)          1.261    -0.198    u_soc_top/sys_resetn
    SLICE_X40Y78         LUT1 (Prop_lut1_I0_O)        0.105    -0.093 f  u_soc_top/pushCC_pushPtr[1]_i_3__1/O
                         net (fo=628, routed)         3.377     3.283    u_soc_top/u_confreg/u_digitaltube_controller/prst
    SLICE_X56Y113        FDCE                                         f  u_soc_top/u_confreg/u_digitaltube_controller/dpy0_reg_reg[1]/CLR
  -------------------------------------------------------------------    -------------------

                         (clock sys_clk rise edge)   40.000    40.000 r  
    K21                                               0.000    40.000 r  clk_50M (IN)
                         net (fo=0)                   0.000    40.000    u_soc_top/pll_clk.u_clk_pll/inst/clk_in1
    K21                  IBUF (Prop_ibuf_I_O)         1.328    41.328 r  u_soc_top/pll_clk.u_clk_pll/inst/clkin1_ibufg/O
                         net (fo=1, routed)           1.019    42.347    u_soc_top/pll_clk.u_clk_pll/inst/clk_in1_clk_pll
    PLLE2_ADV_X0Y3       PLLE2_ADV (Prop_plle2_adv_CLKIN1_CLKOUT1)
                                                     -6.890    35.457 r  u_soc_top/pll_clk.u_clk_pll/inst/plle2_adv_inst/CLKOUT1
                         net (fo=1, routed)           1.484    36.942    u_soc_top/pll_clk.u_clk_pll/inst/sys_clk_clk_pll
    BUFGCTRL_X0Y17       BUFG (Prop_bufg_I_O)         0.077    37.019 r  u_soc_top/pll_clk.u_clk_pll/inst/clkout2_buf/O
                         net (fo=1108, routed)        1.299    38.318    u_soc_top/u_confreg/u_digitaltube_controller/sys_clk
    SLICE_X56Y113        FDCE                                         r  u_soc_top/u_confreg/u_digitaltube_controller/dpy0_reg_reg[1]/C
                         clock pessimism             -0.529    37.789    
                         clock uncertainty           -0.129    37.660    
    SLICE_X56Y113        FDCE (Recov_fdce_C_CLR)     -0.258    37.402    u_soc_top/u_confreg/u_digitaltube_controller/dpy0_reg_reg[1]
  -------------------------------------------------------------------
                         required time                         37.402    
                         arrival time                          -3.283    
  -------------------------------------------------------------------
                         slack                                 34.118    





Min Delay Paths
--------------------------------------------------------------------------------------
Slack (MET) :             0.771ns  (arrival time - required time)
  Source:                 u_soc_top/u_Axi_CDC/awFifo/bufferCC_12/buffers_1_reg/C
                            (rising edge-triggered cell FDCE clocked by sys_clk  {rise@0.000ns fall@20.000ns period=40.000ns})
  Destination:            u_soc_top/u_Axi_CDC/wFifo/pushToPopGray_buffercc/buffers_0_reg[1]/CLR
                            (removal check against rising-edge clock sys_clk  {rise@0.000ns fall@20.000ns period=40.000ns})
  Path Group:             **async_default**
  Path Type:              Removal (Min at Fast Process Corner)
  Requirement:            0.000ns  (sys_clk rise@0.000ns - sys_clk rise@0.000ns)
  Data Path Delay:        0.717ns  (logic 0.227ns (31.663%)  route 0.490ns (68.337%))
  Logic Levels:           1  (LUT1=1)
  Clock Path Skew:        0.038ns (DCD - SCD - CPR)
    Destination Clock Delay (DCD):    -0.355ns
    Source Clock Delay      (SCD):    -0.585ns
    Clock Pessimism Removal (CPR):    0.192ns

    Location             Delay type                Incr(ns)  Path(ns)    Netlist Resource(s)
  -------------------------------------------------------------------    -------------------
                         (clock sys_clk rise edge)    0.000     0.000 r  
    K21                                               0.000     0.000 r  clk_50M (IN)
                         net (fo=0)                   0.000     0.000    u_soc_top/pll_clk.u_clk_pll/inst/clk_in1
    K21                  IBUF (Prop_ibuf_I_O)         0.231     0.231 r  u_soc_top/pll_clk.u_clk_pll/inst/clkin1_ibufg/O
                         net (fo=1, routed)           0.440     0.671    u_soc_top/pll_clk.u_clk_pll/inst/clk_in1_clk_pll
    PLLE2_ADV_X0Y3       PLLE2_ADV (Prop_plle2_adv_CLKIN1_CLKOUT1)
                                                     -2.520    -1.848 r  u_soc_top/pll_clk.u_clk_pll/inst/plle2_adv_inst/CLKOUT1
                         net (fo=1, routed)           0.560    -1.289    u_soc_top/pll_clk.u_clk_pll/inst/sys_clk_clk_pll
    BUFGCTRL_X0Y17       BUFG (Prop_bufg_I_O)         0.026    -1.263 r  u_soc_top/pll_clk.u_clk_pll/inst/clkout2_buf/O
                         net (fo=1108, routed)        0.677    -0.585    u_soc_top/u_Axi_CDC/awFifo/bufferCC_12/sys_clk
    SLICE_X32Y77         FDCE                                         r  u_soc_top/u_Axi_CDC/awFifo/bufferCC_12/buffers_1_reg/C
  -------------------------------------------------------------------    -------------------
    SLICE_X32Y77         FDCE (Prop_fdce_C_Q)         0.128    -0.457 r  u_soc_top/u_Axi_CDC/awFifo/bufferCC_12/buffers_1_reg/Q
                         net (fo=1, routed)           0.279    -0.178    u_soc_top/awFifo_awFifo_toplevel_axiInRstn_syncronized_1
    SLICE_X32Y77         LUT1 (Prop_lut1_I0_O)        0.099    -0.079 f  u_soc_top/popCC_popPtr[2]_i_2__0__0/O
                         net (fo=43, routed)          0.211     0.132    u_soc_top/u_Axi_CDC/wFifo/pushToPopGray_buffercc/buffers_1_reg[0]_0
    SLICE_X27Y77         FDCE                                         f  u_soc_top/u_Axi_CDC/wFifo/pushToPopGray_buffercc/buffers_0_reg[1]/CLR
  -------------------------------------------------------------------    -------------------

                         (clock sys_clk rise edge)    0.000     0.000 r  
    K21                                               0.000     0.000 r  clk_50M (IN)
                         net (fo=0)                   0.000     0.000    u_soc_top/pll_clk.u_clk_pll/inst/clk_in1
    K21                  IBUF (Prop_ibuf_I_O)         0.419     0.419 r  u_soc_top/pll_clk.u_clk_pll/inst/clkin1_ibufg/O
                         net (fo=1, routed)           0.481     0.900    u_soc_top/pll_clk.u_clk_pll/inst/clk_in1_clk_pll
    PLLE2_ADV_X0Y3       PLLE2_ADV (Prop_plle2_adv_CLKIN1_CLKOUT1)
                                                     -2.847    -1.947 r  u_soc_top/pll_clk.u_clk_pll/inst/plle2_adv_inst/CLKOUT1
                         net (fo=1, routed)           0.611    -1.337    u_soc_top/pll_clk.u_clk_pll/inst/sys_clk_clk_pll
    BUFGCTRL_X0Y17       BUFG (Prop_bufg_I_O)         0.029    -1.308 r  u_soc_top/pll_clk.u_clk_pll/inst/clkout2_buf/O
                         net (fo=1108, routed)        0.953    -0.355    u_soc_top/u_Axi_CDC/wFifo/pushToPopGray_buffercc/sys_clk
    SLICE_X27Y77         FDCE                                         r  u_soc_top/u_Axi_CDC/wFifo/pushToPopGray_buffercc/buffers_0_reg[1]/C
                         clock pessimism             -0.192    -0.547    
    SLICE_X27Y77         FDCE (Remov_fdce_C_CLR)     -0.092    -0.639    u_soc_top/u_Axi_CDC/wFifo/pushToPopGray_buffercc/buffers_0_reg[1]
  -------------------------------------------------------------------
                         required time                          0.639    
                         arrival time                           0.132    
  -------------------------------------------------------------------
                         slack                                  0.771    





--------------------------------------------------------------------------------------
Path Group:  (none)
From Clock:  sys_clk
  To Clock:  cpu_clk

Max Delay            54 Endpoints
Min Delay            54 Endpoints
--------------------------------------------------------------------------------------


Max Delay Paths
--------------------------------------------------------------------------------------
Slack:                    inf
  Source:                 u_soc_top/pll_clk.u_rst_sys/delay_reg[1]/C
                            (rising edge-triggered cell FDCE clocked by sys_clk  {rise@0.000ns fall@20.000ns period=40.000ns})
  Destination:            u_soc_top/pll_clk.u_rst_cpu/delay_reg[0]/CLR
                            (recovery check against rising-edge clock cpu_clk  {rise@0.000ns fall@5.000ns period=10.000ns})
  Path Group:             (none)
  Path Type:              Recovery (Max at Slow Process Corner)
  Data Path Delay:        4.173ns  (logic 0.538ns (12.893%)  route 3.635ns (87.107%))
  Logic Levels:           1  (LUT1=1)
  Clock Path Skew:        0.350ns (DCD - SCD + CPR)
    Destination Clock Delay (DCD):    -1.542ns
    Source Clock Delay      (SCD):    -1.892ns
    Clock Pessimism Removal (CPR):    0.000ns
  Clock Uncertainty:      0.249ns  ((TSJ^2 + DJ^2)^1/2) / 2 + PE
    Total System Jitter     (TSJ):    0.071ns
    Discrete Jitter          (DJ):    0.247ns
    Phase Error              (PE):    0.120ns
  Timing Exception:       Asynchronous Clock Groups

    Location             Delay type                Incr(ns)  Path(ns)    Netlist Resource(s)
  -------------------------------------------------------------------    -------------------
                         (clock sys_clk rise edge)    0.000     0.000 r  
    K21                                               0.000     0.000 r  clk_50M (IN)
                         net (fo=0)                   0.000     0.000    u_soc_top/pll_clk.u_clk_pll/inst/clk_in1
    K21                  IBUF (Prop_ibuf_I_O)         1.394     1.394 r  u_soc_top/pll_clk.u_clk_pll/inst/clkin1_ibufg/O
                         net (fo=1, routed)           1.080     2.474    u_soc_top/pll_clk.u_clk_pll/inst/clk_in1_clk_pll
    PLLE2_ADV_X0Y3       PLLE2_ADV (Prop_plle2_adv_CLKIN1_CLKOUT1)
                                                     -7.629    -5.155 r  u_soc_top/pll_clk.u_clk_pll/inst/plle2_adv_inst/CLKOUT1
                         net (fo=1, routed)           1.557    -3.598    u_soc_top/pll_clk.u_clk_pll/inst/sys_clk_clk_pll
    BUFGCTRL_X0Y17       BUFG (Prop_bufg_I_O)         0.081    -3.517 r  u_soc_top/pll_clk.u_clk_pll/inst/clkout2_buf/O
                         net (fo=1108, routed)        1.625    -1.892    u_soc_top/pll_clk.u_rst_sys/sys_clk
    SLICE_X36Y82         FDCE                                         r  u_soc_top/pll_clk.u_rst_sys/delay_reg[1]/C
  -------------------------------------------------------------------    -------------------
    SLICE_X36Y82         FDCE (Prop_fdce_C_Q)         0.433    -1.459 r  u_soc_top/pll_clk.u_rst_sys/delay_reg[1]/Q
                         net (fo=40, routed)          1.261    -0.198    u_soc_top/sys_resetn
    SLICE_X40Y78         LUT1 (Prop_lut1_I0_O)        0.105    -0.093 f  u_soc_top/pushCC_pushPtr[1]_i_3__1/O
                         net (fo=628, routed)         2.374     2.281    u_soc_top/pll_clk.u_rst_cpu/prst
    SLICE_X45Y61         FDCE                                         f  u_soc_top/pll_clk.u_rst_cpu/delay_reg[0]/CLR
  -------------------------------------------------------------------    -------------------

                         (clock cpu_clk rise edge)    0.000     0.000 r  
    K21                                               0.000     0.000 r  clk_50M (IN)
                         net (fo=0)                   0.000     0.000    u_soc_top/pll_clk.u_clk_pll/inst/clk_in1
    K21                  IBUF (Prop_ibuf_I_O)         1.328     1.328 r  u_soc_top/pll_clk.u_clk_pll/inst/clkin1_ibufg/O
                         net (fo=1, routed)           1.019     2.347    u_soc_top/pll_clk.u_clk_pll/inst/clk_in1_clk_pll
    PLLE2_ADV_X0Y3       PLLE2_ADV (Prop_plle2_adv_CLKIN1_CLKOUT0)
                                                     -6.890    -4.543 r  u_soc_top/pll_clk.u_clk_pll/inst/plle2_adv_inst/CLKOUT0
                         net (fo=1, routed)           1.484    -3.058    u_soc_top/pll_clk.u_clk_pll/inst/cpu_clk_clk_pll
    BUFGCTRL_X0Y16       BUFG (Prop_bufg_I_O)         0.077    -2.981 r  u_soc_top/pll_clk.u_clk_pll/inst/clkout1_buf/O
                         net (fo=5330, routed)        1.439    -1.542    u_soc_top/pll_clk.u_rst_cpu/cpu_clk
    SLICE_X45Y61         FDCE                                         r  u_soc_top/pll_clk.u_rst_cpu/delay_reg[0]/C





Min Delay Paths
--------------------------------------------------------------------------------------
Slack:                    inf
  Source:                 u_soc_top/u_Axi_CDC/arFifo/popCC_ptrToPush_reg[1]/C
                            (rising edge-triggered cell FDCE clocked by sys_clk  {rise@0.000ns fall@20.000ns period=40.000ns})
  Destination:            u_soc_top/u_Axi_CDC/arFifo/popToPushGray_buffercc/buffers_0_reg[1]/D
                            (rising edge-triggered cell FDCE clocked by cpu_clk  {rise@0.000ns fall@5.000ns period=10.000ns})
  Path Group:             (none)
  Path Type:              Hold (Min at Slow Process Corner)
  Data Path Delay:        0.501ns  (logic 0.304ns (60.677%)  route 0.197ns (39.323%))
  Logic Levels:           0  
  Clock Path Skew:        -0.420ns (DCD - SCD - CPR)
    Destination Clock Delay (DCD):    -1.970ns
    Source Clock Delay      (SCD):    -1.550ns
    Clock Pessimism Removal (CPR):    -0.000ns
  Clock Uncertainty:      0.249ns  ((TSJ^2 + DJ^2)^1/2) / 2 + PE
    Total System Jitter     (TSJ):    0.071ns
    Discrete Jitter          (DJ):    0.247ns
    Phase Error              (PE):    0.120ns
  Timing Exception:       Asynchronous Clock Groups

    Location             Delay type                Incr(ns)  Path(ns)    Netlist Resource(s)
  -------------------------------------------------------------------    -------------------
                         (clock sys_clk rise edge)    0.000     0.000 r  
    K21                                               0.000     0.000 r  clk_50M (IN)
                         net (fo=0)                   0.000     0.000    u_soc_top/pll_clk.u_clk_pll/inst/clk_in1
    K21                  IBUF (Prop_ibuf_I_O)         1.328     1.328 r  u_soc_top/pll_clk.u_clk_pll/inst/clkin1_ibufg/O
                         net (fo=1, routed)           1.019     2.347    u_soc_top/pll_clk.u_clk_pll/inst/clk_in1_clk_pll
    PLLE2_ADV_X0Y3       PLLE2_ADV (Prop_plle2_adv_CLKIN1_CLKOUT1)
                                                     -6.890    -4.543 r  u_soc_top/pll_clk.u_clk_pll/inst/plle2_adv_inst/CLKOUT1
                         net (fo=1, routed)           1.484    -3.058    u_soc_top/pll_clk.u_clk_pll/inst/sys_clk_clk_pll
    BUFGCTRL_X0Y17       BUFG (Prop_bufg_I_O)         0.077    -2.981 r  u_soc_top/pll_clk.u_clk_pll/inst/clkout2_buf/O
                         net (fo=1108, routed)        1.431    -1.550    u_soc_top/u_Axi_CDC/arFifo/sys_clk
    SLICE_X43Y70         FDCE                                         r  u_soc_top/u_Axi_CDC/arFifo/popCC_ptrToPush_reg[1]/C
  -------------------------------------------------------------------    -------------------
    SLICE_X43Y70         FDCE (Prop_fdce_C_Q)         0.304    -1.246 r  u_soc_top/u_Axi_CDC/arFifo/popCC_ptrToPush_reg[1]/Q
                         net (fo=2, routed)           0.197    -1.049    u_soc_top/u_Axi_CDC/arFifo/popToPushGray_buffercc/D[1]
    SLICE_X43Y69         FDCE                                         r  u_soc_top/u_Axi_CDC/arFifo/popToPushGray_buffercc/buffers_0_reg[1]/D
  -------------------------------------------------------------------    -------------------

                         (clock cpu_clk rise edge)    0.000     0.000 r  
    K21                                               0.000     0.000 r  clk_50M (IN)
                         net (fo=0)                   0.000     0.000    u_soc_top/pll_clk.u_clk_pll/inst/clk_in1
    K21                  IBUF (Prop_ibuf_I_O)         1.394     1.394 r  u_soc_top/pll_clk.u_clk_pll/inst/clkin1_ibufg/O
                         net (fo=1, routed)           1.080     2.474    u_soc_top/pll_clk.u_clk_pll/inst/clk_in1_clk_pll
    PLLE2_ADV_X0Y3       PLLE2_ADV (Prop_plle2_adv_CLKIN1_CLKOUT0)
                                                     -7.629    -5.155 r  u_soc_top/pll_clk.u_clk_pll/inst/plle2_adv_inst/CLKOUT0
                         net (fo=1, routed)           1.557    -3.598    u_soc_top/pll_clk.u_clk_pll/inst/cpu_clk_clk_pll
    BUFGCTRL_X0Y16       BUFG (Prop_bufg_I_O)         0.081    -3.517 r  u_soc_top/pll_clk.u_clk_pll/inst/clkout1_buf/O
                         net (fo=5330, routed)        1.547    -1.970    u_soc_top/u_Axi_CDC/arFifo/popToPushGray_buffercc/cpu_clk
    SLICE_X43Y69         FDCE                                         r  u_soc_top/u_Axi_CDC/arFifo/popToPushGray_buffercc/buffers_0_reg[1]/C





--------------------------------------------------------------------------------------
Path Group:  (none)
From Clock:  cpu_clk
  To Clock:  sys_clk

Max Delay           139 Endpoints
Min Delay           139 Endpoints
--------------------------------------------------------------------------------------


Max Delay Paths
--------------------------------------------------------------------------------------
Slack:                    inf
  Source:                 u_soc_top/pll_clk.u_rst_cpu/delay_reg[1]/C
                            (rising edge-triggered cell FDCE clocked by cpu_clk  {rise@0.000ns fall@5.000ns period=10.000ns})
  Destination:            u_soc_top/u_Axi_CDC/awFifo/bufferCC_12/buffers_0_reg/CLR
                            (recovery check against rising-edge clock sys_clk  {rise@0.000ns fall@20.000ns period=40.000ns})
  Path Group:             (none)
  Path Type:              Recovery (Max at Slow Process Corner)
  Data Path Delay:        4.786ns  (logic 0.484ns (10.112%)  route 4.302ns (89.888%))
  Logic Levels:           1  (LUT1=1)
  Clock Path Skew:        0.488ns (DCD - SCD + CPR)
    Destination Clock Delay (DCD):    -1.473ns
    Source Clock Delay      (SCD):    -1.961ns
    Clock Pessimism Removal (CPR):    0.000ns
  Clock Uncertainty:      0.249ns  ((TSJ^2 + DJ^2)^1/2) / 2 + PE
    Total System Jitter     (TSJ):    0.071ns
    Discrete Jitter          (DJ):    0.247ns
    Phase Error              (PE):    0.120ns
  Timing Exception:       Asynchronous Clock Groups

    Location             Delay type                Incr(ns)  Path(ns)    Netlist Resource(s)
  -------------------------------------------------------------------    -------------------
                         (clock cpu_clk rise edge)    0.000     0.000 r  
    K21                                               0.000     0.000 r  clk_50M (IN)
                         net (fo=0)                   0.000     0.000    u_soc_top/pll_clk.u_clk_pll/inst/clk_in1
    K21                  IBUF (Prop_ibuf_I_O)         1.394     1.394 r  u_soc_top/pll_clk.u_clk_pll/inst/clkin1_ibufg/O
                         net (fo=1, routed)           1.080     2.474    u_soc_top/pll_clk.u_clk_pll/inst/clk_in1_clk_pll
    PLLE2_ADV_X0Y3       PLLE2_ADV (Prop_plle2_adv_CLKIN1_CLKOUT0)
                                                     -7.629    -5.155 r  u_soc_top/pll_clk.u_clk_pll/inst/plle2_adv_inst/CLKOUT0
                         net (fo=1, routed)           1.557    -3.598    u_soc_top/pll_clk.u_clk_pll/inst/cpu_clk_clk_pll
    BUFGCTRL_X0Y16       BUFG (Prop_bufg_I_O)         0.081    -3.517 r  u_soc_top/pll_clk.u_clk_pll/inst/clkout1_buf/O
                         net (fo=5330, routed)        1.556    -1.961    u_soc_top/pll_clk.u_rst_cpu/cpu_clk
    SLICE_X45Y61         FDCE                                         r  u_soc_top/pll_clk.u_rst_cpu/delay_reg[1]/C
  -------------------------------------------------------------------    -------------------
    SLICE_X45Y61         FDCE (Prop_fdce_C_Q)         0.379    -1.582 r  u_soc_top/pll_clk.u_rst_cpu/delay_reg[1]/Q
                         net (fo=25, routed)          1.447    -0.136    u_soc_top/pll_clk.u_rst_cpu/Q[0]
    SLICE_X66Y64         LUT1 (Prop_lut1_I0_O)        0.105    -0.031 f  u_soc_top/pll_clk.u_rst_cpu/wb_tail[1]_i_1/O
                         net (fo=2335, routed)        2.856     2.825    u_soc_top/u_Axi_CDC/awFifo/bufferCC_12/buffers_0_reg_0
    SLICE_X32Y77         FDCE                                         f  u_soc_top/u_Axi_CDC/awFifo/bufferCC_12/buffers_0_reg/CLR
  -------------------------------------------------------------------    -------------------

                         (clock sys_clk rise edge)    0.000     0.000 r  
    K21                                               0.000     0.000 r  clk_50M (IN)
                         net (fo=0)                   0.000     0.000    u_soc_top/pll_clk.u_clk_pll/inst/clk_in1
    K21                  IBUF (Prop_ibuf_I_O)         1.328     1.328 r  u_soc_top/pll_clk.u_clk_pll/inst/clkin1_ibufg/O
                         net (fo=1, routed)           1.019     2.347    u_soc_top/pll_clk.u_clk_pll/inst/clk_in1_clk_pll
    PLLE2_ADV_X0Y3       PLLE2_ADV (Prop_plle2_adv_CLKIN1_CLKOUT1)
                                                     -6.890    -4.543 r  u_soc_top/pll_clk.u_clk_pll/inst/plle2_adv_inst/CLKOUT1
                         net (fo=1, routed)           1.484    -3.058    u_soc_top/pll_clk.u_clk_pll/inst/sys_clk_clk_pll
    BUFGCTRL_X0Y17       BUFG (Prop_bufg_I_O)         0.077    -2.981 r  u_soc_top/pll_clk.u_clk_pll/inst/clkout2_buf/O
                         net (fo=1108, routed)        1.508    -1.473    u_soc_top/u_Axi_CDC/awFifo/bufferCC_12/sys_clk
    SLICE_X32Y77         FDCE                                         r  u_soc_top/u_Axi_CDC/awFifo/bufferCC_12/buffers_0_reg/C





Min Delay Paths
--------------------------------------------------------------------------------------
Slack:                    inf
  Source:                 u_soc_top/u_Axi_CDC/rFifo/popCC_ptrToPush_reg[1]/C
                            (rising edge-triggered cell FDCE clocked by cpu_clk  {rise@0.000ns fall@5.000ns period=10.000ns})
  Destination:            u_soc_top/u_Axi_CDC/rFifo/popToPushGray_buffercc/buffers_0_reg[1]/D
                            (rising edge-triggered cell FDCE clocked by sys_clk  {rise@0.000ns fall@20.000ns period=40.000ns})
  Path Group:             (none)
  Path Type:              Hold (Min at Slow Process Corner)
  Data Path Delay:        0.535ns  (logic 0.347ns (64.912%)  route 0.188ns (35.088%))
  Logic Levels:           0  
  Clock Path Skew:        -0.422ns (DCD - SCD - CPR)
    Destination Clock Delay (DCD):    -1.974ns
    Source Clock Delay      (SCD):    -1.552ns
    Clock Pessimism Removal (CPR):    -0.000ns
  Clock Uncertainty:      0.249ns  ((TSJ^2 + DJ^2)^1/2) / 2 + PE
    Total System Jitter     (TSJ):    0.071ns
    Discrete Jitter          (DJ):    0.247ns
    Phase Error              (PE):    0.120ns
  Timing Exception:       Asynchronous Clock Groups

    Location             Delay type                Incr(ns)  Path(ns)    Netlist Resource(s)
  -------------------------------------------------------------------    -------------------
                         (clock cpu_clk rise edge)    0.000     0.000 r  
    K21                                               0.000     0.000 r  clk_50M (IN)
                         net (fo=0)                   0.000     0.000    u_soc_top/pll_clk.u_clk_pll/inst/clk_in1
    K21                  IBUF (Prop_ibuf_I_O)         1.328     1.328 r  u_soc_top/pll_clk.u_clk_pll/inst/clkin1_ibufg/O
                         net (fo=1, routed)           1.019     2.347    u_soc_top/pll_clk.u_clk_pll/inst/clk_in1_clk_pll
    PLLE2_ADV_X0Y3       PLLE2_ADV (Prop_plle2_adv_CLKIN1_CLKOUT0)
                                                     -6.890    -4.543 r  u_soc_top/pll_clk.u_clk_pll/inst/plle2_adv_inst/CLKOUT0
                         net (fo=1, routed)           1.484    -3.058    u_soc_top/pll_clk.u_clk_pll/inst/cpu_clk_clk_pll
    BUFGCTRL_X0Y16       BUFG (Prop_bufg_I_O)         0.077    -2.981 r  u_soc_top/pll_clk.u_clk_pll/inst/clkout1_buf/O
                         net (fo=5330, routed)        1.429    -1.552    u_soc_top/u_Axi_CDC/rFifo/cpu_clk
    SLICE_X48Y72         FDCE                                         r  u_soc_top/u_Axi_CDC/rFifo/popCC_ptrToPush_reg[1]/C
  -------------------------------------------------------------------    -------------------
    SLICE_X48Y72         FDCE (Prop_fdce_C_Q)         0.347    -1.205 r  u_soc_top/u_Axi_CDC/rFifo/popCC_ptrToPush_reg[1]/Q
                         net (fo=1, routed)           0.188    -1.018    u_soc_top/u_Axi_CDC/rFifo/popToPushGray_buffercc/buffers_0_reg[3]_0[1]
    SLICE_X49Y72         FDCE                                         r  u_soc_top/u_Axi_CDC/rFifo/popToPushGray_buffercc/buffers_0_reg[1]/D
  -------------------------------------------------------------------    -------------------

                         (clock sys_clk rise edge)    0.000     0.000 r  
    K21                                               0.000     0.000 r  clk_50M (IN)
                         net (fo=0)                   0.000     0.000    u_soc_top/pll_clk.u_clk_pll/inst/clk_in1
    K21                  IBUF (Prop_ibuf_I_O)         1.394     1.394 r  u_soc_top/pll_clk.u_clk_pll/inst/clkin1_ibufg/O
                         net (fo=1, routed)           1.080     2.474    u_soc_top/pll_clk.u_clk_pll/inst/clk_in1_clk_pll
    PLLE2_ADV_X0Y3       PLLE2_ADV (Prop_plle2_adv_CLKIN1_CLKOUT1)
                                                     -7.629    -5.155 r  u_soc_top/pll_clk.u_clk_pll/inst/plle2_adv_inst/CLKOUT1
                         net (fo=1, routed)           1.557    -3.598    u_soc_top/pll_clk.u_clk_pll/inst/sys_clk_clk_pll
    BUFGCTRL_X0Y17       BUFG (Prop_bufg_I_O)         0.081    -3.517 r  u_soc_top/pll_clk.u_clk_pll/inst/clkout2_buf/O
                         net (fo=1108, routed)        1.543    -1.974    u_soc_top/u_Axi_CDC/rFifo/popToPushGray_buffercc/sys_clk
    SLICE_X49Y72         FDCE                                         r  u_soc_top/u_Axi_CDC/rFifo/popToPushGray_buffercc/buffers_0_reg[1]/C





--------------------------------------------------------------------------------------
Path Group:  (none)
From Clock:  clkfbout_clk_pll
  To Clock:  

Max Delay             1 Endpoint
Min Delay             1 Endpoint
--------------------------------------------------------------------------------------


Max Delay Paths
--------------------------------------------------------------------------------------
Slack:                    inf
  Source:                 u_soc_top/pll_clk.u_clk_pll/inst/plle2_adv_inst/CLKFBOUT
                            (clock source 'clkfbout_clk_pll'  {rise@0.000ns fall@10.000ns period=20.000ns})
  Destination:            u_soc_top/pll_clk.u_clk_pll/inst/plle2_adv_inst/CLKFBIN
  Path Group:             (none)
  Path Type:              Max at Fast Process Corner
  Data Path Delay:        1.519ns  (logic 0.029ns (1.909%)  route 1.490ns (98.091%))
  Logic Levels:           1  (BUFG=1)
  Clock Uncertainty:      0.226ns  ((TSJ^2 + DJ^2)^1/2) / 2 + PE
    Total System Jitter     (TSJ):    0.050ns
    Discrete Jitter          (DJ):    0.118ns
    Phase Error              (PE):    0.162ns

    Location             Delay type                Incr(ns)  Path(ns)    Netlist Resource(s)
  -------------------------------------------------------------------    -------------------
                         (clock clkfbout_clk_pll fall edge)
                                                     10.000    10.000 f  
    K21                                               0.000    10.000 f  clk_50M (IN)
                         net (fo=0)                   0.000    10.000    u_soc_top/pll_clk.u_clk_pll/inst/clk_in1
    K21                  IBUF (Prop_ibuf_I_O)         0.419    10.419 f  u_soc_top/pll_clk.u_clk_pll/inst/clkin1_ibufg/O
                         net (fo=1, routed)           0.481    10.900    u_soc_top/pll_clk.u_clk_pll/inst/clk_in1_clk_pll
  -------------------------------------------------------------------    -------------------
    PLLE2_ADV_X0Y3       PLLE2_ADV (Prop_plle2_adv_CLKIN1_CLKFBOUT)
                                                     -2.847     8.053 f  u_soc_top/pll_clk.u_clk_pll/inst/plle2_adv_inst/CLKFBOUT
                         net (fo=1, routed)           0.611     8.663    u_soc_top/pll_clk.u_clk_pll/inst/clkfbout_clk_pll
    BUFGCTRL_X0Y18       BUFG (Prop_bufg_I_O)         0.029     8.692 f  u_soc_top/pll_clk.u_clk_pll/inst/clkf_buf/O
                         net (fo=1, routed)           0.880     9.572    u_soc_top/pll_clk.u_clk_pll/inst/clkfbout_buf_clk_pll
    PLLE2_ADV_X0Y3       PLLE2_ADV                                    f  u_soc_top/pll_clk.u_clk_pll/inst/plle2_adv_inst/CLKFBIN
  -------------------------------------------------------------------    -------------------





Min Delay Paths
--------------------------------------------------------------------------------------
Slack:                    inf
  Source:                 u_soc_top/pll_clk.u_clk_pll/inst/plle2_adv_inst/CLKFBOUT
                            (clock source 'clkfbout_clk_pll'  {rise@0.000ns fall@10.000ns period=20.000ns})
  Destination:            u_soc_top/pll_clk.u_clk_pll/inst/plle2_adv_inst/CLKFBIN
  Path Group:             (none)
  Path Type:              Min at Slow Process Corner
  Data Path Delay:        2.980ns  (logic 0.077ns (2.584%)  route 2.903ns (97.416%))
  Logic Levels:           1  (BUFG=1)
  Clock Uncertainty:      0.226ns  ((TSJ^2 + DJ^2)^1/2) / 2 + PE
    Total System Jitter     (TSJ):    0.050ns
    Discrete Jitter          (DJ):    0.118ns
    Phase Error              (PE):    0.162ns

    Location             Delay type                Incr(ns)  Path(ns)    Netlist Resource(s)
  -------------------------------------------------------------------    -------------------
                         (clock clkfbout_clk_pll rise edge)
                                                      0.000     0.000 r  
    K21                                               0.000     0.000 r  clk_50M (IN)
                         net (fo=0)                   0.000     0.000    u_soc_top/pll_clk.u_clk_pll/inst/clk_in1
    K21                  IBUF (Prop_ibuf_I_O)         1.328     1.328 r  u_soc_top/pll_clk.u_clk_pll/inst/clkin1_ibufg/O
                         net (fo=1, routed)           1.019     2.347    u_soc_top/pll_clk.u_clk_pll/inst/clk_in1_clk_pll
  -------------------------------------------------------------------    -------------------
    PLLE2_ADV_X0Y3       PLLE2_ADV (Prop_plle2_adv_CLKIN1_CLKFBOUT)
                                                     -6.890    -4.543 r  u_soc_top/pll_clk.u_clk_pll/inst/plle2_adv_inst/CLKFBOUT
                         net (fo=1, routed)           1.484    -3.058    u_soc_top/pll_clk.u_clk_pll/inst/clkfbout_clk_pll
    BUFGCTRL_X0Y18       BUFG (Prop_bufg_I_O)         0.077    -2.981 r  u_soc_top/pll_clk.u_clk_pll/inst/clkf_buf/O
                         net (fo=1, routed)           1.418    -1.563    u_soc_top/pll_clk.u_clk_pll/inst/clkfbout_buf_clk_pll
    PLLE2_ADV_X0Y3       PLLE2_ADV                                    r  u_soc_top/pll_clk.u_clk_pll/inst/plle2_adv_inst/CLKFBIN
  -------------------------------------------------------------------    -------------------





--------------------------------------------------------------------------------------
Path Group:  (none)
From Clock:  sys_clk
  To Clock:  

Max Delay            34 Endpoints
Min Delay            34 Endpoints
--------------------------------------------------------------------------------------


Max Delay Paths
--------------------------------------------------------------------------------------
Slack:                    inf
  Source:                 u_soc_top/u_confreg/led_data_reg[1]_lopt_replica/C
                            (rising edge-triggered cell FDRE clocked by sys_clk  {rise@0.000ns fall@20.000ns period=40.000ns})
  Destination:            leds[1]
                            (output port)
  Path Group:             (none)
  Path Type:              Max at Slow Process Corner
  Data Path Delay:        10.491ns  (logic 3.666ns (34.941%)  route 6.826ns (65.059%))
  Logic Levels:           1  (OBUF=1)
  Clock Uncertainty:      0.288ns  ((TSJ^2 + DJ^2)^1/2) / 2 + PE
    Total System Jitter     (TSJ):    0.050ns
    Discrete Jitter          (DJ):    0.247ns
    Phase Error              (PE):    0.162ns

    Location             Delay type                Incr(ns)  Path(ns)    Netlist Resource(s)
  -------------------------------------------------------------------    -------------------
                         (clock sys_clk rise edge)    0.000     0.000 r  
    K21                                               0.000     0.000 r  clk_50M (IN)
                         net (fo=0)                   0.000     0.000    u_soc_top/pll_clk.u_clk_pll/inst/clk_in1
    K21                  IBUF (Prop_ibuf_I_O)         1.394     1.394 r  u_soc_top/pll_clk.u_clk_pll/inst/clkin1_ibufg/O
                         net (fo=1, routed)           1.080     2.474    u_soc_top/pll_clk.u_clk_pll/inst/clk_in1_clk_pll
    PLLE2_ADV_X0Y3       PLLE2_ADV (Prop_plle2_adv_CLKIN1_CLKOUT1)
                                                     -7.629    -5.155 r  u_soc_top/pll_clk.u_clk_pll/inst/plle2_adv_inst/CLKOUT1
                         net (fo=1, routed)           1.557    -3.598    u_soc_top/pll_clk.u_clk_pll/inst/sys_clk_clk_pll
    BUFGCTRL_X0Y17       BUFG (Prop_bufg_I_O)         0.081    -3.517 r  u_soc_top/pll_clk.u_clk_pll/inst/clkout2_buf/O
                         net (fo=1108, routed)        1.549    -1.968    u_soc_top/u_confreg/sys_clk
    SLICE_X43Y82         FDRE                                         r  u_soc_top/u_confreg/led_data_reg[1]_lopt_replica/C
  -------------------------------------------------------------------    -------------------
    SLICE_X43Y82         FDRE (Prop_fdre_C_Q)         0.379    -1.589 r  u_soc_top/u_confreg/led_data_reg[1]_lopt_replica/Q
                         net (fo=1, routed)           6.826     5.236    lopt_59
    E21                  OBUF (Prop_obuf_I_O)         3.287     8.523 r  leds_OBUF[1]_inst/O
                         net (fo=0)                   0.000     8.523    leds[1]
    E21                                                               r  leds[1] (OUT)
  -------------------------------------------------------------------    -------------------





Min Delay Paths
--------------------------------------------------------------------------------------
Slack:                    inf
  Source:                 u_soc_top/u_axi_uart_controller/uart0/regs/mode_reg_reg[1]/C
                            (rising edge-triggered cell FDSE clocked by sys_clk  {rise@0.000ns fall@20.000ns period=40.000ns})
  Destination:            rxd
                            (output port)
  Path Group:             (none)
  Path Type:              Min at Fast Process Corner
  Data Path Delay:        3.186ns  (logic 0.988ns (31.006%)  route 2.198ns (68.994%))
  Logic Levels:           1  (OBUFT=1)
  Clock Uncertainty:      0.288ns  ((TSJ^2 + DJ^2)^1/2) / 2 + PE
    Total System Jitter     (TSJ):    0.050ns
    Discrete Jitter          (DJ):    0.247ns
    Phase Error              (PE):    0.162ns

    Location             Delay type                Incr(ns)  Path(ns)    Netlist Resource(s)
  -------------------------------------------------------------------    -------------------
                         (clock sys_clk rise edge)    0.000     0.000 r  
    K21                                               0.000     0.000 r  clk_50M (IN)
                         net (fo=0)                   0.000     0.000    u_soc_top/pll_clk.u_clk_pll/inst/clk_in1
    K21                  IBUF (Prop_ibuf_I_O)         0.231     0.231 r  u_soc_top/pll_clk.u_clk_pll/inst/clkin1_ibufg/O
                         net (fo=1, routed)           0.440     0.671    u_soc_top/pll_clk.u_clk_pll/inst/clk_in1_clk_pll
    PLLE2_ADV_X0Y3       PLLE2_ADV (Prop_plle2_adv_CLKIN1_CLKOUT1)
                                                     -2.520    -1.848 r  u_soc_top/pll_clk.u_clk_pll/inst/plle2_adv_inst/CLKOUT1
                         net (fo=1, routed)           0.560    -1.289    u_soc_top/pll_clk.u_clk_pll/inst/sys_clk_clk_pll
    BUFGCTRL_X0Y17       BUFG (Prop_bufg_I_O)         0.026    -1.263 r  u_soc_top/pll_clk.u_clk_pll/inst/clkout2_buf/O
                         net (fo=1108, routed)        0.680    -0.582    u_soc_top/u_axi_uart_controller/uart0/regs/sys_clk
    SLICE_X36Y83         FDSE                                         r  u_soc_top/u_axi_uart_controller/uart0/regs/mode_reg_reg[1]/C
  -------------------------------------------------------------------    -------------------
    SLICE_X36Y83         FDSE (Prop_fdse_C_Q)         0.164    -0.418 r  u_soc_top/u_axi_uart_controller/uart0/regs/mode_reg_reg[1]/Q
                         net (fo=29, routed)          2.198     1.780    rxd_IOBUF_inst/T
    J20                  OBUFT (TriStatD_obuft_T_O)
                                                      0.824     2.604 r  rxd_IOBUF_inst/OBUFT/O
                         net (fo=1, unset)            0.000     2.604    rxd
    J20                                                               r  rxd (INOUT)
  -------------------------------------------------------------------    -------------------





--------------------------------------------------------------------------------------
Path Group:  (none)
From Clock:  
  To Clock:  sys_clk

Max Delay            39 Endpoints
Min Delay            39 Endpoints
--------------------------------------------------------------------------------------


Max Delay Paths
--------------------------------------------------------------------------------------
Slack:                    inf
  Source:                 dip_sw[20]
                            (input port)
  Destination:            u_soc_top/u_confreg/s_rdata_reg[20]/D
                            (rising edge-triggered cell FDRE clocked by sys_clk  {rise@0.000ns fall@20.000ns period=40.000ns})
  Path Group:             (none)
  Path Type:              Setup (Max at Slow Process Corner)
  Data Path Delay:        7.814ns  (logic 1.616ns (20.683%)  route 6.197ns (79.317%))
  Logic Levels:           3  (IBUF=1 LUT2=1 LUT6=1)
  Clock Path Skew:        -1.552ns (DCD - SCD + CPR)
    Destination Clock Delay (DCD):    -1.552ns
    Source Clock Delay      (SCD):    0.000ns
    Clock Pessimism Removal (CPR):    0.000ns

    Location             Delay type                Incr(ns)  Path(ns)    Netlist Resource(s)
  -------------------------------------------------------------------    -------------------
    M4                                                0.000     0.000 r  dip_sw[20] (IN)
                         net (fo=0)                   0.000     0.000    dip_sw[20]
    M4                   IBUF (Prop_ibuf_I_O)         1.406     1.406 r  dip_sw_IBUF[20]_inst/O
                         net (fo=1, routed)           5.396     6.802    u_soc_top/u_confreg/dip_sw_IBUF[20]
    SLICE_X58Y79         LUT6 (Prop_lut6_I4_O)        0.105     6.907 r  u_soc_top/u_confreg/s_rdata[20]_i_2/O
                         net (fo=1, routed)           0.801     7.709    u_soc_top/u_confreg/s_rdata[20]_i_2_n_0
    SLICE_X53Y78         LUT2 (Prop_lut2_I0_O)        0.105     7.814 r  u_soc_top/u_confreg/s_rdata[20]_i_1/O
                         net (fo=1, routed)           0.000     7.814    u_soc_top/u_confreg/s_rdata[20]_i_1_n_0
    SLICE_X53Y78         FDRE                                         r  u_soc_top/u_confreg/s_rdata_reg[20]/D
  -------------------------------------------------------------------    -------------------

                         (clock sys_clk rise edge)    0.000     0.000 r  
    K21                                               0.000     0.000 r  clk_50M (IN)
                         net (fo=0)                   0.000     0.000    u_soc_top/pll_clk.u_clk_pll/inst/clk_in1
    K21                  IBUF (Prop_ibuf_I_O)         1.328     1.328 r  u_soc_top/pll_clk.u_clk_pll/inst/clkin1_ibufg/O
                         net (fo=1, routed)           1.019     2.347    u_soc_top/pll_clk.u_clk_pll/inst/clk_in1_clk_pll
    PLLE2_ADV_X0Y3       PLLE2_ADV (Prop_plle2_adv_CLKIN1_CLKOUT1)
                                                     -6.890    -4.543 r  u_soc_top/pll_clk.u_clk_pll/inst/plle2_adv_inst/CLKOUT1
                         net (fo=1, routed)           1.484    -3.058    u_soc_top/pll_clk.u_clk_pll/inst/sys_clk_clk_pll
    BUFGCTRL_X0Y17       BUFG (Prop_bufg_I_O)         0.077    -2.981 r  u_soc_top/pll_clk.u_clk_pll/inst/clkout2_buf/O
                         net (fo=1108, routed)        1.429    -1.552    u_soc_top/u_confreg/sys_clk
    SLICE_X53Y78         FDRE                                         r  u_soc_top/u_confreg/s_rdata_reg[20]/C





Min Delay Paths
--------------------------------------------------------------------------------------
Slack:                    inf
  Source:                 dip_sw[28]
                            (input port)
  Destination:            u_soc_top/u_confreg/s_rdata_reg[28]/D
                            (rising edge-triggered cell FDRE clocked by sys_clk  {rise@0.000ns fall@20.000ns period=40.000ns})
  Path Group:             (none)
  Path Type:              Hold (Min at Fast Process Corner)
  Data Path Delay:        2.351ns  (logic 0.326ns (13.847%)  route 2.026ns (86.153%))
  Logic Levels:           3  (IBUF=1 LUT2=1 LUT6=1)
  Clock Path Skew:        -0.392ns (DCD - SCD - CPR)
    Destination Clock Delay (DCD):    -0.392ns
    Source Clock Delay      (SCD):    0.000ns
    Clock Pessimism Removal (CPR):    -0.000ns

    Location             Delay type                Incr(ns)  Path(ns)    Netlist Resource(s)
  -------------------------------------------------------------------    -------------------
    R5                                                0.000     0.000 r  dip_sw[28] (IN)
                         net (fo=0)                   0.000     0.000    dip_sw[28]
    R5                   IBUF (Prop_ibuf_I_O)         0.236     0.236 r  dip_sw_IBUF[28]_inst/O
                         net (fo=1, routed)           1.755     1.990    u_soc_top/u_confreg/dip_sw_IBUF[28]
    SLICE_X50Y79         LUT6 (Prop_lut6_I4_O)        0.045     2.035 r  u_soc_top/u_confreg/s_rdata[28]_i_2/O
                         net (fo=1, routed)           0.271     2.306    u_soc_top/u_confreg/s_rdata[28]_i_2_n_0
    SLICE_X50Y78         LUT2 (Prop_lut2_I0_O)        0.045     2.351 r  u_soc_top/u_confreg/s_rdata[28]_i_1/O
                         net (fo=1, routed)           0.000     2.351    u_soc_top/u_confreg/s_rdata[28]_i_1_n_0
    SLICE_X50Y78         FDRE                                         r  u_soc_top/u_confreg/s_rdata_reg[28]/D
  -------------------------------------------------------------------    -------------------

                         (clock sys_clk rise edge)    0.000     0.000 r  
    K21                                               0.000     0.000 r  clk_50M (IN)
                         net (fo=0)                   0.000     0.000    u_soc_top/pll_clk.u_clk_pll/inst/clk_in1
    K21                  IBUF (Prop_ibuf_I_O)         0.419     0.419 r  u_soc_top/pll_clk.u_clk_pll/inst/clkin1_ibufg/O
                         net (fo=1, routed)           0.481     0.900    u_soc_top/pll_clk.u_clk_pll/inst/clk_in1_clk_pll
    PLLE2_ADV_X0Y3       PLLE2_ADV (Prop_plle2_adv_CLKIN1_CLKOUT1)
                                                     -2.847    -1.947 r  u_soc_top/pll_clk.u_clk_pll/inst/plle2_adv_inst/CLKOUT1
                         net (fo=1, routed)           0.611    -1.337    u_soc_top/pll_clk.u_clk_pll/inst/sys_clk_clk_pll
    BUFGCTRL_X0Y17       BUFG (Prop_bufg_I_O)         0.029    -1.308 r  u_soc_top/pll_clk.u_clk_pll/inst/clkout2_buf/O
                         net (fo=1108, routed)        0.916    -0.392    u_soc_top/u_confreg/sys_clk
    SLICE_X50Y78         FDRE                                         r  u_soc_top/u_confreg/s_rdata_reg[28]/C





